Archive member included because of file (symbol)

../Proteus/EWL/lib/armv7e-m\libc.a(sprintf.o)
                              Libraries/FEHLCD.o (sprintf)
../Proteus/EWL/lib/armv7e-m\libc.a(vsnprintf.o)
                              ../Proteus/EWL/lib/armv7e-m\libc.a(sprintf.o) (vsnprintf)
../Proteus/EWL/lib/armv7e-m\libc.a(exit.o)
                              Startup/__arm_start.o (exit)
../Proteus/EWL/lib/armv7e-m\libc.a(memcpy.o)
                              ../Proteus/EWL/lib/armv7e-m\libc.a(vsnprintf.o) (memcpy)
../Proteus/EWL/lib/armv7e-m\libc.a(memset.o)
                              Startup/__arm_start.o (memset)
../Proteus/EWL/lib/armv7e-m\libc.a(printformat_.o)
                              (__pformatter_)
../Proteus/EWL/lib/armv7e-m\libc.a(scanformat_.o)
                              (__sformatter)
../Proteus/EWL/lib/armv7e-m\libc.a(ctype_aeabi.o)
                              ../Proteus/EWL/lib/armv7e-m\libc.a(scanformat_.o) (isspace)
../Proteus/EWL/lib/armv7e-m\libc.a(__strtoul.o)
                              ../Proteus/EWL/lib/armv7e-m\libc.a(scanformat_.o) (__strtoul)
../Proteus/EWL/lib/armv7e-m\libc.a(__filll_mem.o)
                              ../Proteus/EWL/lib/armv7e-m\libc.a(memset.o) (__fill_mem)
../Proteus/EWL/lib/armv7e-m\libc.a(memchr.o)
                              ../Proteus/EWL/lib/armv7e-m\libc.a(printformat_.o) (memchr)
../Proteus/EWL/lib/armv7e-m\libc.a(strchr.o)
                              ../Proteus/EWL/lib/armv7e-m\libc.a(printformat_.o) (strchr)
../Proteus/EWL/lib/armv7e-m\libc.a(strlen.o)
                              ../Proteus/EWL/lib/armv7e-m\libc.a(printformat_.o) (strlen)
z:/home/bobby/proteus_code/current_code/resources/proteus/gcc/bin/../lib/gcc/arm-none-eabi/4.6.2/armv7e-m\libgcc.a(_arm_addsubdf3.o)
                              Libraries/FEHUtility.o (__aeabi_dadd)
z:/home/bobby/proteus_code/current_code/resources/proteus/gcc/bin/../lib/gcc/arm-none-eabi/4.6.2/armv7e-m\libgcc.a(_arm_muldivdf3.o)
                              Libraries/FEHMotor.o (__aeabi_dmul)
z:/home/bobby/proteus_code/current_code/resources/proteus/gcc/bin/../lib/gcc/arm-none-eabi/4.6.2/armv7e-m\libgcc.a(_arm_fixdfsi.o)
                              Libraries/FEHMotor.o (__aeabi_d2iz)
z:/home/bobby/proteus_code/current_code/resources/proteus/gcc/bin/../lib/gcc/arm-none-eabi/4.6.2/armv7e-m\libgcc.a(_arm_fixunsdfsi.o)
                              Libraries/FEHUtility.o (__aeabi_d2uiz)
z:/home/bobby/proteus_code/current_code/resources/proteus/gcc/bin/../lib/gcc/arm-none-eabi/4.6.2/armv7e-m\libgcc.a(_arm_truncdfsf2.o)
                              Libraries/FEHIO.o (__aeabi_d2f)
z:/home/bobby/proteus_code/current_code/resources/proteus/gcc/bin/../lib/gcc/arm-none-eabi/4.6.2/armv7e-m\libgcc.a(_arm_addsubsf3.o)
                              Libraries/FEHLCD.o (__aeabi_fsub)
z:/home/bobby/proteus_code/current_code/resources/proteus/gcc/bin/../lib/gcc/arm-none-eabi/4.6.2/armv7e-m\libgcc.a(_arm_muldivsf3.o)
                              Drivers/mcg.o (__aeabi_fmul)
z:/home/bobby/proteus_code/current_code/resources/proteus/gcc/bin/../lib/gcc/arm-none-eabi/4.6.2/armv7e-m\libgcc.a(_arm_cmpsf2.o)
                              Libraries/FEHServo.o (__aeabi_fcmpeq)
z:/home/bobby/proteus_code/current_code/resources/proteus/gcc/bin/../lib/gcc/arm-none-eabi/4.6.2/armv7e-m\libgcc.a(_arm_fixsfsi.o)
                              Libraries/FEHLCD.o (__aeabi_f2iz)
z:/home/bobby/proteus_code/current_code/resources/proteus/gcc/bin/../lib/gcc/arm-none-eabi/4.6.2/armv7e-m\libgcc.a(_arm_fixunssfsi.o)
                              Drivers/mcg.o (__aeabi_f2uiz)
../Proteus/EWL/lib/armv7e-m\librt.a(gcc_ctor_dtor.o)
                              Startup/__arm_start.o (__init_cpp)
../Proteus/EWL/lib/armv7e-m\librt.a(ROMCopy.o)
                              Startup/__arm_start.o (__copy_rom_sections_to_ram)
../Proteus/EWL/lib/armv7e-m\librt.a(__arm_eabi_init.o)
                              ../Proteus/EWL/lib/armv7e-m\libc.a(exit.o) (__destroy_global_chain)
../Proteus/EWL/lib/armv7e-m\librt.a(New.o)
                              Libraries/FEHIO.o (operator new(unsigned int))
z:/home/bobby/proteus_code/current_code/resources/proteus/gcc/bin/../lib/gcc/arm-none-eabi/4.6.2/../../../../arm-none-eabi/lib/armv7e-m\libsupc++.a(class_type_info.o)
                              ../Proteus/EWL/lib/armv7e-m\librt.a(New.o) (vtable for __cxxabiv1::__class_type_info)
z:/home/bobby/proteus_code/current_code/resources/proteus/gcc/bin/../lib/gcc/arm-none-eabi/4.6.2/../../../../arm-none-eabi/lib/armv7e-m\libsupc++.a(eh_alloc.o)
                              ../Proteus/EWL/lib/armv7e-m\librt.a(New.o) (__cxa_allocate_exception)
z:/home/bobby/proteus_code/current_code/resources/proteus/gcc/bin/../lib/gcc/arm-none-eabi/4.6.2/../../../../arm-none-eabi/lib/armv7e-m\libsupc++.a(eh_arm.o)
                              ../Proteus/EWL/lib/armv7e-m\librt.a(New.o) (__cxa_end_cleanup)
z:/home/bobby/proteus_code/current_code/resources/proteus/gcc/bin/../lib/gcc/arm-none-eabi/4.6.2/../../../../arm-none-eabi/lib/armv7e-m\libsupc++.a(eh_aux_runtime.o)
                              z:/home/bobby/proteus_code/current_code/resources/proteus/gcc/bin/../lib/gcc/arm-none-eabi/4.6.2/../../../../arm-none-eabi/lib/armv7e-m\libsupc++.a(eh_arm.o) (__cxa_bad_typeid)
z:/home/bobby/proteus_code/current_code/resources/proteus/gcc/bin/../lib/gcc/arm-none-eabi/4.6.2/../../../../arm-none-eabi/lib/armv7e-m\libsupc++.a(eh_call.o)
                              ../Proteus/EWL/lib/armv7e-m\librt.a(New.o) (__cxa_call_unexpected)
z:/home/bobby/proteus_code/current_code/resources/proteus/gcc/bin/../lib/gcc/arm-none-eabi/4.6.2/../../../../arm-none-eabi/lib/armv7e-m\libsupc++.a(eh_catch.o)
                              ../Proteus/EWL/lib/armv7e-m\librt.a(New.o) (__cxa_begin_catch)
z:/home/bobby/proteus_code/current_code/resources/proteus/gcc/bin/../lib/gcc/arm-none-eabi/4.6.2/../../../../arm-none-eabi/lib/armv7e-m\libsupc++.a(eh_exception.o)
                              z:/home/bobby/proteus_code/current_code/resources/proteus/gcc/bin/../lib/gcc/arm-none-eabi/4.6.2/../../../../arm-none-eabi/lib/armv7e-m\libsupc++.a(eh_call.o) (typeinfo for std::bad_exception)
z:/home/bobby/proteus_code/current_code/resources/proteus/gcc/bin/../lib/gcc/arm-none-eabi/4.6.2/../../../../arm-none-eabi/lib/armv7e-m\libsupc++.a(eh_globals.o)
                              z:/home/bobby/proteus_code/current_code/resources/proteus/gcc/bin/../lib/gcc/arm-none-eabi/4.6.2/../../../../arm-none-eabi/lib/armv7e-m\libsupc++.a(eh_call.o) (__cxa_get_globals_fast)
z:/home/bobby/proteus_code/current_code/resources/proteus/gcc/bin/../lib/gcc/arm-none-eabi/4.6.2/../../../../arm-none-eabi/lib/armv7e-m\libsupc++.a(eh_personality.o)
                              ../Proteus/EWL/lib/armv7e-m\librt.a(New.o) (__gxx_personality_v0)
z:/home/bobby/proteus_code/current_code/resources/proteus/gcc/bin/../lib/gcc/arm-none-eabi/4.6.2/../../../../arm-none-eabi/lib/armv7e-m\libsupc++.a(eh_terminate.o)
                              z:/home/bobby/proteus_code/current_code/resources/proteus/gcc/bin/../lib/gcc/arm-none-eabi/4.6.2/../../../../arm-none-eabi/lib/armv7e-m\libsupc++.a(eh_call.o) (__cxxabiv1::__terminate(void (*)()))
z:/home/bobby/proteus_code/current_code/resources/proteus/gcc/bin/../lib/gcc/arm-none-eabi/4.6.2/../../../../arm-none-eabi/lib/armv7e-m\libsupc++.a(eh_throw.o)
                              ../Proteus/EWL/lib/armv7e-m\librt.a(New.o) (__cxa_throw)
z:/home/bobby/proteus_code/current_code/resources/proteus/gcc/bin/../lib/gcc/arm-none-eabi/4.6.2/../../../../arm-none-eabi/lib/armv7e-m\libsupc++.a(eh_unex_handler.o)
                              z:/home/bobby/proteus_code/current_code/resources/proteus/gcc/bin/../lib/gcc/arm-none-eabi/4.6.2/../../../../arm-none-eabi/lib/armv7e-m\libsupc++.a(eh_terminate.o) (__cxxabiv1::__unexpected_handler)
z:/home/bobby/proteus_code/current_code/resources/proteus/gcc/bin/../lib/gcc/arm-none-eabi/4.6.2/../../../../arm-none-eabi/lib/armv7e-m\libsupc++.a(fundamental_type_info.o)
                              z:/home/bobby/proteus_code/current_code/resources/proteus/gcc/bin/../lib/gcc/arm-none-eabi/4.6.2/../../../../arm-none-eabi/lib/armv7e-m\libsupc++.a(eh_arm.o) (typeinfo for void)
z:/home/bobby/proteus_code/current_code/resources/proteus/gcc/bin/../lib/gcc/arm-none-eabi/4.6.2/../../../../arm-none-eabi/lib/armv7e-m\libsupc++.a(pointer_type_info.o)
                              z:/home/bobby/proteus_code/current_code/resources/proteus/gcc/bin/../lib/gcc/arm-none-eabi/4.6.2/../../../../arm-none-eabi/lib/armv7e-m\libsupc++.a(fundamental_type_info.o) (vtable for __cxxabiv1::__pointer_type_info)
z:/home/bobby/proteus_code/current_code/resources/proteus/gcc/bin/../lib/gcc/arm-none-eabi/4.6.2/../../../../arm-none-eabi/lib/armv7e-m\libsupc++.a(pure.o)
                              z:/home/bobby/proteus_code/current_code/resources/proteus/gcc/bin/../lib/gcc/arm-none-eabi/4.6.2/../../../../arm-none-eabi/lib/armv7e-m\libsupc++.a(eh_exception.o) (__cxa_pure_virtual)
z:/home/bobby/proteus_code/current_code/resources/proteus/gcc/bin/../lib/gcc/arm-none-eabi/4.6.2/../../../../arm-none-eabi/lib/armv7e-m\libsupc++.a(si_class_type_info.o)
                              ../Proteus/EWL/lib/armv7e-m\librt.a(New.o) (vtable for __cxxabiv1::__si_class_type_info)
z:/home/bobby/proteus_code/current_code/resources/proteus/gcc/bin/../lib/gcc/arm-none-eabi/4.6.2/../../../../arm-none-eabi/lib/armv7e-m\libsupc++.a(tinfo.o)
                              z:/home/bobby/proteus_code/current_code/resources/proteus/gcc/bin/../lib/gcc/arm-none-eabi/4.6.2/../../../../arm-none-eabi/lib/armv7e-m\libsupc++.a(class_type_info.o) (std::type_info::~type_info())
z:/home/bobby/proteus_code/current_code/resources/proteus/gcc/bin/../lib/gcc/arm-none-eabi/4.6.2/../../../../arm-none-eabi/lib/armv7e-m\libsupc++.a(bad_cast.o)
                              z:/home/bobby/proteus_code/current_code/resources/proteus/gcc/bin/../lib/gcc/arm-none-eabi/4.6.2/../../../../arm-none-eabi/lib/armv7e-m\libsupc++.a(eh_aux_runtime.o) (typeinfo for std::bad_cast)
z:/home/bobby/proteus_code/current_code/resources/proteus/gcc/bin/../lib/gcc/arm-none-eabi/4.6.2/../../../../arm-none-eabi/lib/armv7e-m\libsupc++.a(bad_typeid.o)
                              z:/home/bobby/proteus_code/current_code/resources/proteus/gcc/bin/../lib/gcc/arm-none-eabi/4.6.2/../../../../arm-none-eabi/lib/armv7e-m\libsupc++.a(eh_aux_runtime.o) (typeinfo for std::bad_typeid)
z:/home/bobby/proteus_code/current_code/resources/proteus/gcc/bin/../lib/gcc/arm-none-eabi/4.6.2/../../../../arm-none-eabi/lib/armv7e-m\libsupc++.a(eh_term_handler.o)
                              z:/home/bobby/proteus_code/current_code/resources/proteus/gcc/bin/../lib/gcc/arm-none-eabi/4.6.2/../../../../arm-none-eabi/lib/armv7e-m\libsupc++.a(eh_terminate.o) (__cxxabiv1::__terminate_handler)
z:/home/bobby/proteus_code/current_code/resources/proteus/gcc/bin/../lib/gcc/arm-none-eabi/4.6.2/../../../../arm-none-eabi/lib/armv7e-m\libsupc++.a(pbase_type_info.o)
                              z:/home/bobby/proteus_code/current_code/resources/proteus/gcc/bin/../lib/gcc/arm-none-eabi/4.6.2/../../../../arm-none-eabi/lib/armv7e-m\libsupc++.a(pointer_type_info.o) (__cxxabiv1::__pbase_type_info::~__pbase_type_info())
