Archive member included because of file (symbol)

../resources/Proteus/EWL/lib/armv7e-m\libc.a(sprintf.o)
                              Libraries/FEHLCD.o (sprintf)
../resources/Proteus/EWL/lib/armv7e-m\libc.a(vsnprintf.o)
                              ../resources/Proteus/EWL/lib/armv7e-m\libc.a(sprintf.o) (vsnprintf)
../resources/Proteus/EWL/lib/armv7e-m\libc.a(exit.o)
                              Startup/__arm_start.o (exit)
../resources/Proteus/EWL/lib/armv7e-m\libc.a(memcpy.o)
                              ../resources/Proteus/EWL/lib/armv7e-m\libc.a(vsnprintf.o) (memcpy)
../resources/Proteus/EWL/lib/armv7e-m\libc.a(memset.o)
                              Startup/__arm_start.o (memset)
../resources/Proteus/EWL/lib/armv7e-m\libc.a(printformat_.o)
                              (__pformatter_)
../resources/Proteus/EWL/lib/armv7e-m\libc.a(scanformat_.o)
                              (__sformatter)
../resources/Proteus/EWL/lib/armv7e-m\libc.a(ctype_aeabi.o)
                              ../resources/Proteus/EWL/lib/armv7e-m\libc.a(scanformat_.o) (isspace)
../resources/Proteus/EWL/lib/armv7e-m\libc.a(__strtoul.o)
                              ../resources/Proteus/EWL/lib/armv7e-m\libc.a(scanformat_.o) (__strtoul)
../resources/Proteus/EWL/lib/armv7e-m\libc.a(__filll_mem.o)
                              ../resources/Proteus/EWL/lib/armv7e-m\libc.a(memset.o) (__fill_mem)
../resources/Proteus/EWL/lib/armv7e-m\libc.a(memchr.o)
                              ../resources/Proteus/EWL/lib/armv7e-m\libc.a(printformat_.o) (memchr)
../resources/Proteus/EWL/lib/armv7e-m\libc.a(strchr.o)
                              ../resources/Proteus/EWL/lib/armv7e-m\libc.a(printformat_.o) (strchr)
../resources/Proteus/EWL/lib/armv7e-m\libc.a(strlen.o)
                              ../resources/Proteus/EWL/lib/armv7e-m\libc.a(printformat_.o) (strlen)
z:/home/bobby/projects/robot-d5/resources/proteus/gcc/bin/../lib/gcc/arm-none-eabi/4.6.2/armv7e-m\libgcc.a(_arm_addsubdf3.o)
                              ../src/movement.o (__aeabi_dsub)
z:/home/bobby/projects/robot-d5/resources/proteus/gcc/bin/../lib/gcc/arm-none-eabi/4.6.2/armv7e-m\libgcc.a(_arm_muldivdf3.o)
                              ../src/movement.o (__aeabi_dmul)
z:/home/bobby/projects/robot-d5/resources/proteus/gcc/bin/../lib/gcc/arm-none-eabi/4.6.2/armv7e-m\libgcc.a(_arm_cmpdf2.o)
                              ../src/movement.o (__aeabi_dcmplt)
z:/home/bobby/projects/robot-d5/resources/proteus/gcc/bin/../lib/gcc/arm-none-eabi/4.6.2/armv7e-m\libgcc.a(_arm_fixdfsi.o)
                              ../src/movement.o (__aeabi_d2iz)
z:/home/bobby/projects/robot-d5/resources/proteus/gcc/bin/../lib/gcc/arm-none-eabi/4.6.2/armv7e-m\libgcc.a(_arm_fixunsdfsi.o)
                              Libraries/FEHUtility.o (__aeabi_d2uiz)
z:/home/bobby/projects/robot-d5/resources/proteus/gcc/bin/../lib/gcc/arm-none-eabi/4.6.2/armv7e-m\libgcc.a(_arm_truncdfsf2.o)
                              ../src/movement.o (__aeabi_d2f)
z:/home/bobby/projects/robot-d5/resources/proteus/gcc/bin/../lib/gcc/arm-none-eabi/4.6.2/armv7e-m\libgcc.a(_arm_addsubsf3.o)
                              ../src/main.o (__aeabi_fsub)
z:/home/bobby/projects/robot-d5/resources/proteus/gcc/bin/../lib/gcc/arm-none-eabi/4.6.2/armv7e-m\libgcc.a(_arm_muldivsf3.o)
                              Drivers/mcg.o (__aeabi_fmul)
z:/home/bobby/projects/robot-d5/resources/proteus/gcc/bin/../lib/gcc/arm-none-eabi/4.6.2/armv7e-m\libgcc.a(_arm_cmpsf2.o)
                              ../src/movement.o (__aeabi_fcmpeq)
z:/home/bobby/projects/robot-d5/resources/proteus/gcc/bin/../lib/gcc/arm-none-eabi/4.6.2/armv7e-m\libgcc.a(_arm_fixsfsi.o)
                              Libraries/FEHLCD.o (__aeabi_f2iz)
z:/home/bobby/projects/robot-d5/resources/proteus/gcc/bin/../lib/gcc/arm-none-eabi/4.6.2/armv7e-m\libgcc.a(_arm_fixunssfsi.o)
                              Drivers/mcg.o (__aeabi_f2uiz)
../resources/Proteus/EWL/lib/armv7e-m\librt.a(gcc_ctor_dtor.o)
                              Startup/__arm_start.o (__init_cpp)
../resources/Proteus/EWL/lib/armv7e-m\librt.a(ROMCopy.o)
                              Startup/__arm_start.o (__copy_rom_sections_to_ram)
../resources/Proteus/EWL/lib/armv7e-m\librt.a(__arm_eabi_init.o)
                              ../resources/Proteus/EWL/lib/armv7e-m\libc.a(exit.o) (__destroy_global_chain)
../resources/Proteus/EWL/lib/armv7e-m\librt.a(New.o)
                              Libraries/FEHIO.o (operator new(unsigned int))
z:/home/bobby/projects/robot-d5/resources/proteus/gcc/bin/../lib/gcc/arm-none-eabi/4.6.2/../../../../arm-none-eabi/lib/armv7e-m\libsupc++.a(class_type_info.o)
                              ../resources/Proteus/EWL/lib/armv7e-m\librt.a(New.o) (vtable for __cxxabiv1::__class_type_info)
z:/home/bobby/projects/robot-d5/resources/proteus/gcc/bin/../lib/gcc/arm-none-eabi/4.6.2/../../../../arm-none-eabi/lib/armv7e-m\libsupc++.a(eh_alloc.o)
[...]
Memory Configuration

Name             Origin             Length             Attributes
m_interrupts     0x0000c000         0x00000400         xr
m_cfmprotrom     0x0000c400         0x00000010         xr
m_text           0x0000c410         0x00073bf0         xr
m_data           0x1fff0400         0x0000fc00         xrw
m_data2          0x20000000         0x00010000         xrw
*default*        0x00000000         0xffffffff

Linker script and memory map

LOAD ../src/main.o
LOAD ../src/movement.o
LOAD ../src/logging.o
LOAD Startup/__arm_start.o
LOAD Startup/__arm_end.o
LOAD Startup/kinetis_sysinit.o
LOAD Libraries/FEHMotor.o
LOAD Drivers/mcg.o
LOAD Drivers/uart.o
LOAD Drivers/lptmr.o
LOAD FEHProteus.o
LOAD Drivers/FEHPropeller.o
LOAD Libraries/FEHUtility.o
LOAD Libraries/FEHIO.o
LOAD Drivers/adc16.o
LOAD Libraries/FEHBuzzer.o
LOAD Libraries/FEHServo.o
LOAD Libraries/FEHLCD.o
LOAD Libraries/FEHBattery.o
LOAD Drivers/FEHXBee.o
LOAD Libraries/FEHWONKA.o
                0x0001413c                __pformatter = __pformatter_
                [0x00014534]                __sformatter = __sformatter
LOAD ../resources/Proteus/EWL/lib/armv7e-m\libstdc++.a
LOAD ../resources/Proteus/EWL/lib/armv7e-m\libm.a
START GROUP
LOAD ../resources/Proteus/EWL/lib/armv7e-m\libc.a
LOAD ../resources/Proteus/EWL/lib/armv7e-m\libc++.a
LOAD ../resources/Proteus/EWL/lib/armv7e-m\libm.a
LOAD z:/home/bobby/projects/robot-d5/resources/proteus/gcc/bin/../lib/gcc/arm-none-eabi/4.6.2/armv7e-m\libgcc.a
LOAD ../resources/Proteus/EWL/lib/armv7e-m\librt.a
LOAD z:/home/bobby/projects/robot-d5/resources/proteus/gcc/bin/../lib/gcc/arm-none-eabi/4.6.2/../../../../arm-none-eabi/lib/armv7e-m\libsupc++.a
END GROUP
                0x20000000                _estack = 0x20000000
                0x20000000                __SP_INIT = _estack
                0x00000800                __heap_size = 0x800
                0x00000800                __stack_size = 0x800

.interrupts     0x0000c000      0x1e0
                0x0000c000                __vector_table = .
                0x0000c000                . = ALIGN (0x4)
 *(.vectortable)
 .vectortable   0x0000c000      0x1e0 Startup/kinetis_sysinit.o
                0x0000c1e0                . = ALIGN (0x4)

.cfmprotect     0x0000c400        0x0
                0x0000c400                . = ALIGN (0x4)
 *(.cfmconfig)
                0x0000c400                . = ALIGN (0x4)

.text           0x0000c410     0xa7a0
                0x0000c410                . = ALIGN (0x4)
 *(.text)
 .text          0x0000c410      0x370 z:/home/bobby/projects/robot-d5/resources/proteus/gcc/bin/../lib/gcc/arm-none-eabi/4.6.2/armv7e-m\libgcc.a(_arm_addsubdf3.o)
                0x0000c410                __aeabi_drsub
                0x0000c418                __aeabi_dsub
                0x0000c418                __subdf3
                0x0000c41c                __adddf3
                0x0000c41c                __aeabi_dadd
                0x0000c694                __aeabi_ui2d
                0x0000c694                __floatunsidf
                0x0000c6b4                __floatsidf
                0x0000c6b4                __aeabi_i2d
                0x0000c6d8                __extendsfdf2
                0x0000c6d8                __aeabi_f2d
                0x0000c714                __aeabi_ul2d
                0x0000c714                __floatundidf
                0x0000c724                __floatdidf
                0x0000c724                __aeabi_l2d
 .text          0x0000c780      0x424 z:/home/bobby/projects/robot-d5/resources/proteus/gcc/bin/../lib/gcc/arm-none-eabi/4.6.2/armv7e-m\libgcc.a(_arm_muldivdf3.o)
                0x0000c780                __aeabi_dmul
                0x0000c780                __muldf3
                0x0000c9d4                __aeabi_ddiv
                0x0000c9d4                __divdf3
 .text          0x0000cba4      0x110 z:/home/bobby/projects/robot-d5/resources/proteus/gcc/bin/../lib/gcc/arm-none-eabi/4.6.2/armv7e-m\libgcc.a(_arm_cmpdf2.o)
                0x0000cba4                __gtdf2
                0x0000cba4                __gedf2
                0x0000cbac                __ltdf2
                0x0000cbac                __ledf2
                0x0000cbb4                __cmpdf2
                0x0000cbb4                __eqdf2
                0x0000cbb4                __nedf2
                0x0000cc30                __aeabi_cdrcmple
                0x0000cc40                __aeabi_cdcmple
                0x0000cc40                __aeabi_cdcmpeq
                0x0000cc50                __aeabi_dcmpeq
                0x0000cc64                __aeabi_dcmplt
                0x0000cc78                __aeabi_dcmple
                0x0000cc8c                __aeabi_dcmpge
                0x0000cca0                __aeabi_dcmpgt
 .text          0x0000ccb4       0x50 z:/home/bobby/projects/robot-d5/resources/proteus/gcc/bin/../lib/gcc/arm-none-eabi/4.6.2/armv7e-m\libgcc.a(_arm_fixdfsi.o)
                0x0000ccb4                __fixdfsi
                0x0000ccb4                __aeabi_d2iz
 .text          0x0000cd04       0xa0 z:/home/bobby/projects/robot-d5/resources/proteus/gcc/bin/../lib/gcc/arm-none-eabi/4.6.2/armv7e-m\libgcc.a(_arm_truncdfsf2.o)
                0x0000cd04                __aeabi_d2f
                0x0000cd04                __truncdfsf2
 .text          0x0000cda4      0x21c z:/home/bobby/projects/robot-d5/resources/proteus/gcc/bin/../lib/gcc/arm-none-eabi/4.6.2/armv7e-m\libgcc.a(_arm_addsubsf3.o)
                0x0000cda4                __aeabi_frsub
                0x0000cdac                __subsf3
                0x0000cdac                __aeabi_fsub
                0x0000cdb0                __aeabi_fadd
                0x0000cdb0                __addsf3
                0x0000cf10                __aeabi_ui2f
                0x0000cf10                __floatunsisf
                0x0000cf18                __aeabi_i2f
                0x0000cf18                __floatsisf
                0x0000cf34                __floatundisf
                0x0000cf34                __aeabi_ul2f
                0x0000cf44                __floatdisf
                0x0000cf44                __aeabi_l2f
 .text          0x0000cfc0      0x2a0 z:/home/bobby/projects/robot-d5/resources/proteus/gcc/bin/../lib/gcc/arm-none-eabi/4.6.2/armv7e-m\libgcc.a(_arm_muldivsf3.o)
                0x0000cfc0                __mulsf3
                0x0000cfc0                __aeabi_fmul
                0x0000d128                __divsf3
                0x0000d128                __aeabi_fdiv
 .text          0x0000d260       0xec z:/home/bobby/projects/robot-d5/resources/proteus/gcc/bin/../lib/gcc/arm-none-eabi/4.6.2/armv7e-m\libgcc.a(_arm_cmpsf2.o)
                0x0000d260                __gtsf2
                0x0000d260                __gesf2
                0x0000d268                __lesf2
                0x0000d268                __ltsf2
                0x0000d270                __nesf2
                0x0000d270                __eqsf2
                0x0000d270                __cmpsf2
                0x0000d2d0                __aeabi_cfrcmple
                0x0000d2d8                __aeabi_cfcmple
                0x0000d2d8                __aeabi_cfcmpeq
                0x0000d2e8                __aeabi_fcmpeq
                0x0000d2fc                __aeabi_fcmplt
                0x0000d310                __aeabi_fcmple
                0x0000d324                __aeabi_fcmpge
                0x0000d338                __aeabi_fcmpgt
 .text          0x0000d34c       0x4c z:/home/bobby/projects/robot-d5/resources/proteus/gcc/bin/../lib/gcc/arm-none-eabi/4.6.2/armv7e-m\libgcc.a(_arm_fixsfsi.o)
                0x0000d34c                __fixsfsi
                0x0000d34c                __aeabi_f2iz
 .text          0x0000d398      0xb54 z:/home/bobby/projects/robot-d5/resources/proteus/gcc/bin/../lib/gcc/arm-none-eabi/4.6.2/armv7e-m\libgcc.a(unwind-arm.o)
                0x0000d640                _Unwind_VRS_Get
                0x0000d680                _Unwind_VRS_Set
                0x0000d9e0                __aeabi_unwind_cpp_pr2
                0x0000d9e4                __aeabi_unwind_cpp_pr1
                0x0000d9e8                __aeabi_unwind_cpp_pr0
                0x0000d9ec                _Unwind_VRS_Pop
                0x0000dda0                _Unwind_GetCFA
                0x0000dda4                __gnu_Unwind_RaiseException
                0x0000de04                __gnu_Unwind_ForcedUnwind
                0x0000de18                __gnu_Unwind_Resume
                0x0000de54                __gnu_Unwind_Resume_or_Rethrow
                0x0000de64                _Unwind_Complete
                0x0000de68                _Unwind_DeleteException
                0x0000de78                __gnu_Unwind_Backtrace
 .text          0x0000deec      0x1ac z:/home/bobby/projects/robot-d5/resources/proteus/gcc/bin/../lib/gcc/arm-none-eabi/4.6.2/armv7e-m\libgcc.a(libunwind.o)
                0x0000deec                __restore_core_regs
                0x0000deec                restore_core_regs
                0x0000df04                __gnu_Unwind_Restore_VFP
                0x0000df0c                __gnu_Unwind_Save_VFP
                0x0000df14                __gnu_Unwind_Restore_VFP_D
                0x0000df1c                __gnu_Unwind_Save_VFP_D
                0x0000df24                __gnu_Unwind_Restore_VFP_D_16_to_31
                0x0000df2c                __gnu_Unwind_Save_VFP_D_16_to_31
                0x0000df34                __gnu_Unwind_Restore_WMMXD
                0x0000df78                __gnu_Unwind_Save_WMMXD
                0x0000dfbc                __gnu_Unwind_Restore_WMMXC
                0x0000dfd0                __gnu_Unwind_Save_WMMXC
                0x0000dfe4                ___Unwind_RaiseException
                0x0000dfe4                _Unwind_RaiseException
                0x0000e008                ___Unwind_Resume
                0x0000e008                _Unwind_Resume
                0x0000e02c                _Unwind_Resume_or_Rethrow
                0x0000e02c                ___Unwind_Resume_or_Rethrow
                0x0000e050                ___Unwind_ForcedUnwind
                0x0000e050                _Unwind_ForcedUnwind
                0x0000e074                _Unwind_Backtrace
                0x0000e074                ___Unwind_Backtrace
 .text          0x0000e098      0x374 z:/home/bobby/projects/robot-d5/resources/proteus/gcc/bin/../lib/gcc/arm-none-eabi/4.6.2/armv7e-m\libgcc.a(pr-support.o)
                0x0000e0ec                __gnu_unwind_execute
                0x0000e3b4                __gnu_unwind_frame
                0x0000e3dc                _Unwind_GetRegionStart
                0x0000e3e8                _Unwind_GetLanguageSpecificData
                0x0000e3fc                _Unwind_GetDataRelBase
                0x0000e404                _Unwind_GetTextRelBase
 *(.text*)
 .text.main     0x0000e40c      0x44c ../src/main.o
                0x0000e40c                main
 .text._Z41__static_initialization_and_destruction_0ii
                0x0000e858      0x10c ../src/main.o
 .text._GLOBAL__sub_I_l_mot
                0x0000e964       0x14 ../src/main.o
 .text._Z8fwd_distP5robotf
                0x0000e978      0x210 ../src/movement.o
                0x0000e978                fwd_dist(robot*, float)
 .text._Z8bck_distP5robotf
                0x0000eb88      0x150 ../src/movement.o
                0x0000eb88                bck_dist(robot*, float)
 .text._Z7rot_degP5robotf
                0x0000ecd8      0x2c0 ../src/movement.o
                0x0000ecd8                rot_deg(robot*, float)
 .text._Z9l_tgt_ctsf
                0x0000ef98       0x40 ../src/movement.o
                0x0000ef98                l_tgt_cts(float)
 .text._Z9r_tgt_ctsf
                0x0000efd8       0x40 ../src/movement.o
                0x0000efd8                r_tgt_cts(float)
 .text._Z9head_diffff
                0x0000f018       0xe8 ../src/movement.o
                0x0000f018                head_diff(float, float)
 .text._Z7ud_headP5robot
                0x0000f100      0x1b4 ../src/movement.o
                0x0000f100                ud_head(robot*)
 .text.zero_fill_bss
                0x0000f2b4       0x34 Startup/__arm_start.o
 .text.__thumb_startup
                0x0000f2e8       0x34 Startup/__arm_start.o
                0x0000f2e8                __thumb_startup
 .text.InitFEHProteus
                0x0000f31c      0x15c Startup/__arm_start.o
                0x0000f31c                InitFEHProteus
 .text.pll_init_bl
                0x0000f478      0x130 Startup/__arm_start.o
 .text.InitPowerButton
                0x0000f5a8       0x90 Startup/__arm_start.o
                0x0000f5a8                InitPowerButton
 .text._ExitProcess
                0x0000f638        0xc Startup/__arm_end.o
                0x0000f638                _ExitProcess
 .text.Default_Handler
                0x0000f644        0xc Startup/kinetis_sysinit.o
                0x0000f644                BusFault_Handler()
                0x0000f644                HardFault_Handler()
                0x0000f644                SysTick_Handler()
                0x0000f644                PendSV_Handler()
                0x0000f644                DebugMonitor_Handler()
                0x0000f644                MemManage_Handler()
                0x0000f644                NMI_Handler()
                0x0000f644                SVC_Handler()
                0x0000f644                Default_Handler
                0x0000f644                UsageFault_Handler()
 .text.__init_hardware
                0x0000f650       0x44 Startup/kinetis_sysinit.o
                0x0000f650                __init_hardware
 .text._Z8PortDISRv
                0x0000f694       0x5c Startup/kinetis_sysinit.o
                0x0000f694                PortDISR()
 .text._ZN8FEHMotorC2ENS_12FEHMotorPortE
                0x0000f6f0       0x28 Libraries/FEHMotor.o
                0x0000f6f0                FEHMotor::FEHMotor(FEHMotor::FEHMotorPort)
                0x0000f6f0                FEHMotor::FEHMotor(FEHMotor::FEHMotorPort)
 .text._ZN8FEHMotor8SetPowerEi
                0x0000f718       0x60 Libraries/FEHMotor.o
                0x0000f718                FEHMotor::SetPower(int)
 .text._Z9uart_initPV11UART_MemMapii
                0x0000f778      0x20c Drivers/uart.o
                0x0000f778                uart_init(UART_MemMap volatile*, int, int)
 .text._Z12uart_getcharPV11UART_MemMap
                0x0000f984       0x34 Drivers/uart.o
                0x0000f984                uart_getchar(UART_MemMap volatile*)
 .text._Z12uart_putcharPV11UART_MemMapc
                0x0000f9b8       0x38 Drivers/uart.o
                0x0000f9b8                uart_putchar(UART_MemMap volatile*, char)
 .text._Z13time_delay_msm
                0x0000f9f0       0xa4 Drivers/lptmr.o
                0x0000f9f0                time_delay_ms(unsigned long)
 .text._Z41__static_initialization_and_destruction_0ii
                0x0000fa94       0x30 FEHProteus.o
 .text._GLOBAL__sub_I_Propeller
                0x0000fac4       0x14 FEHProteus.o
 .text._ZN12FEHPropellerC2Ev
                0x0000fad8       0x20 Drivers/FEHPropeller.o
                0x0000fad8                FEHPropeller::FEHPropeller()
                0x0000fad8                FEHPropeller::FEHPropeller()
 .text._ZN12FEHPropeller10InitializeEv
                0x0000faf8       0x94 Drivers/FEHPropeller.o
                0x0000faf8                FEHPropeller::Initialize()
 .text._ZN12FEHPropeller12SetMotorRateEhhh
                0x0000fb8c       0x78 Drivers/FEHPropeller.o
                0x0000fb8c                FEHPropeller::SetMotorRate(unsigned char, unsigned char, unsigned char)
 .text._ZL5Delaymjj
                0x0000fc04       0xc4 Libraries/FEHUtility.o
 .text._Z5Sleepi
                0x0000fcc8       0x34 Libraries/FEHUtility.o
                0x0000fcc8                Sleep(int)
 .text._Z7TimeNowv
                0x0000fcfc       0x70 Libraries/FEHUtility.o
                0x0000fcfc                TimeNow()
 .text._Z11TimeNowMSecv
                0x0000fd6c       0x44 Libraries/FEHUtility.o
                0x0000fd6c                TimeNowMSec()
 .text._ZN15DigitalInputPinC2Ev
                0x0000fdb0       0x18 Libraries/FEHIO.o
                0x0000fdb0                DigitalInputPin::DigitalInputPin()
                0x0000fdb0                DigitalInputPin::DigitalInputPin()
 .text._ZN15DigitalInputPin10InitializeEN5FEHIO8FEHIOPinE
                0x0000fdc8      0x224 Libraries/FEHIO.o
                0x0000fdc8                DigitalInputPin::Initialize(FEHIO::FEHIOPin)
 .text._ZN15DigitalInputPin5ValueEv
                0x0000ffec      0x148 Libraries/FEHIO.o
                0x0000ffec                DigitalInputPin::Value()
 .text._ZN14AnalogInputPinC2EN5FEHIO8FEHIOPinE
                0x00010134       0x20 Libraries/FEHIO.o
                0x00010134                AnalogInputPin::AnalogInputPin(FEHIO::FEHIOPin)
                0x00010134                AnalogInputPin::AnalogInputPin(FEHIO::FEHIOPin)
 *fill*         0x00010154        0x4 00
 .text._ZN14AnalogInputPin5ValueEv
                0x00010158      0x1c0 Libraries/FEHIO.o
                0x00010158                AnalogInputPin::Value()
 .text._ZN10FEHEncoder12EncoderValueEv
                0x00010318       0xe4 Libraries/FEHIO.o
                0x00010318                FEHEncoder::EncoderValue()
 .text._ZN14AnalogInputPin8InitADCsEv
                0x000103fc      0x120 Libraries/FEHIO.o
                0x000103fc                AnalogInputPin::InitADCs()
 .text._Z8pit0_isrv
                0x0001051c       0x34 Libraries/FEHIO.o
                0x0001051c                pit0_isr()
 .text._ZN10FEHEncoder4InitEv
                0x00010550       0x64 Libraries/FEHIO.o
                0x00010550                FEHEncoder::Init()
 .text._ZN10FEHEncoder14SetCounterInitEj
                0x000105b4       0x20 Libraries/FEHIO.o
                0x000105b4                FEHEncoder::SetCounterInit(unsigned int)
 .text._ZN10FEHEncoderC2EN5FEHIO8FEHIOPinE
                0x000105d4      0x194 Libraries/FEHIO.o
                0x000105d4                FEHEncoder::FEHEncoder(FEHIO::FEHIOPin)
                0x000105d4                FEHEncoder::FEHEncoder(FEHIO::FEHIOPin)
 .text._ZN10FEHEncoderD2Ev
                0x00010768       0xb8 Libraries/FEHIO.o
                0x00010768                FEHEncoder::~FEHEncoder()
                0x00010768                FEHEncoder::~FEHEncoder()
 .text._ZN10FEHEncoder10ProcessIntEv
                0x00010820       0x80 Libraries/FEHIO.o
                0x00010820                FEHEncoder::ProcessInt()
 .text._ZN10FEHEncoder14ProcessIntSelfEv
                0x000108a0       0x80 Libraries/FEHIO.o
                0x000108a0                FEHEncoder::ProcessIntSelf()
 .text._ZN10FEHEncoder6CountsEv
                0x00010920       0x18 Libraries/FEHIO.o
                0x00010920                FEHEncoder::Counts()
 .text._ZN10FEHEncoder11ResetCountsEv
                0x00010938       0x1c Libraries/FEHIO.o
                0x00010938                FEHEncoder::ResetCounts()
 .text._ZN11ButtonBoardC2EN5FEHIO9FEHIOPortE
                0x00010954      0x10c Libraries/FEHIO.o
                0x00010954                ButtonBoard::ButtonBoard(FEHIO::FEHIOPort)
                0x00010954                ButtonBoard::ButtonBoard(FEHIO::FEHIOPort)
 .text._ZN11ButtonBoard11LeftPressedEv
                0x00010a60       0x24 Libraries/FEHIO.o
                0x00010a60                ButtonBoard::LeftPressed()
 .text._ZN11ButtonBoard13MiddlePressedEv
                0x00010a84       0x28 Libraries/FEHIO.o
                0x00010a84                ButtonBoard::MiddlePressed()
 .text._ZN11ButtonBoard12RightPressedEv
                0x00010aac       0x28 Libraries/FEHIO.o
                0x00010aac                ButtonBoard::RightPressed()
 .text._Z7ADC_CalPV10ADC_MemMap
                0x00010ad4      0x14c Drivers/adc16.o
                0x00010ad4                ADC_Cal(ADC_MemMap volatile*)
 .text._Z14ADC_Config_AltPV10ADC_MemMapP7adc_cfg
                0x00010c20       0x6c Drivers/adc16.o
                0x00010c20                ADC_Config_Alt(ADC_MemMap volatile*, adc_cfg*)
 .text._ZN9FEHBuzzerC2Ev
                0x00010c8c       0x18 Libraries/FEHBuzzer.o
                0x00010c8c                FEHBuzzer::FEHBuzzer()
                0x00010c8c                FEHBuzzer::FEHBuzzer()
 .text._Z41__static_initialization_and_destruction_0ii
                0x00010ca4       0x30 Libraries/FEHBuzzer.o
 .text._GLOBAL__sub_I_Buzzer
                0x00010cd4       0x14 Libraries/FEHBuzzer.o
 .text._ZN8FEHServoC2ENS_12FEHServoPortE
                0x00010ce8       0x3c Libraries/FEHServo.o
                0x00010ce8                FEHServo::FEHServo(FEHServo::FEHServoPort)
                0x00010ce8                FEHServo::FEHServo(FEHServo::FEHServoPort)
 .text._ZN8FEHServo9DigitalOnEv
                0x00010d24       0x64 Libraries/FEHServo.o
                0x00010d24                FEHServo::DigitalOn()
 .text._ZN8FEHServo10DigitalOffEv
                0x00010d88       0x64 Libraries/FEHServo.o
                0x00010d88                FEHServo::DigitalOff()
 .text._ZN6FEHLCD11_InitializeEv
                0x00010dec      0x5c0 Libraries/FEHLCD.o
                0x00010dec                FEHLCD::_Initialize()
 .text._ZN6FEHLCDC2Ev
                0x000113ac       0x64 Libraries/FEHLCD.o
                0x000113ac                FEHLCD::FEHLCD()
                0x000113ac                FEHLCD::FEHLCD()
 .text._ZN6FEHLCD10InitializeEv
                0x00011410       0x38 Libraries/FEHLCD.o
                0x00011410                FEHLCD::Initialize()
 .text._ZN6FEHLCD10PrintImageEii
                0x00011448       0xf4 Libraries/FEHLCD.o
                0x00011448                FEHLCD::PrintImage(int, int)
 .text._ZN6FEHLCD22ConvertFEHColorTo24BitENS_11FEHLCDColorE
                0x0001153c       0x80 Libraries/FEHLCD.o
                0x0001153c                FEHLCD::ConvertFEHColorTo24Bit(FEHLCD::FEHLCDColor)
 .text._ZN6FEHLCD24Convert24BitColorTo16BitEj
                0x000115bc       0x40 Libraries/FEHLCD.o
                0x000115bc                FEHLCD::Convert24BitColorTo16Bit(unsigned int)
 .text._ZN6FEHLCD22ConvertRGBColorTo16BitEhhh
                0x000115fc       0x44 Libraries/FEHLCD.o
                0x000115fc                FEHLCD::ConvertRGBColorTo16Bit(unsigned char, unsigned char, unsigned char)
 .text._ZN6FEHLCD5ClearENS_11FEHLCDColorE
                0x00011640       0x28 Libraries/FEHLCD.o
                0x00011640                FEHLCD::Clear(FEHLCD::FEHLCDColor)
 .text._ZN6FEHLCD5ClearEj
                0x00011668       0x2c Libraries/FEHLCD.o
                0x00011668                FEHLCD::Clear(unsigned int)
 .text._ZN6FEHLCD5ClearEv
                0x00011694       0x18 Libraries/FEHLCD.o
                0x00011694                FEHLCD::Clear()
 .text._ZN6FEHLCD18SetBackgroundColorENS_11FEHLCDColorE
                0x000116ac       0x28 Libraries/FEHLCD.o
                0x000116ac                FEHLCD::SetBackgroundColor(FEHLCD::FEHLCDColor)
 .text._ZN6FEHLCD18SetBackgroundColorEj
                0x000116d4       0x28 Libraries/FEHLCD.o
                0x000116d4                FEHLCD::SetBackgroundColor(unsigned int)
 .text._ZN6FEHLCD12SetFontColorENS_11FEHLCDColorE
                0x000116fc       0x28 Libraries/FEHLCD.o
                0x000116fc                FEHLCD::SetFontColor(FEHLCD::FEHLCDColor)
 .text._ZN6FEHLCD12SetFontColorEj
                0x00011724       0x28 Libraries/FEHLCD.o
                0x00011724                FEHLCD::SetFontColor(unsigned int)
 .text._ZN6FEHLCD7WriteAtEPKcii
                0x0001174c       0x58 Libraries/FEHLCD.o
                0x0001174c                FEHLCD::WriteAt(char const*, int, int)
 .text._ZN6FEHLCD5WriteEPKc
                0x000117a4       0x5c Libraries/FEHLCD.o
                0x000117a4                FEHLCD::Write(char const*)
 .text._ZN6FEHLCD5WriteEf
                0x00011800       0xdc Libraries/FEHLCD.o
                0x00011800                FEHLCD::Write(float)
 .text._ZN6FEHLCD5WriteEc
                0x000118dc       0x30 Libraries/FEHLCD.o
                0x000118dc                FEHLCD::Write(char)
 .text._ZN6FEHLCD9WriteLineEPKc
                0x0001190c       0x28 Libraries/FEHLCD.o
                0x0001190c                FEHLCD::WriteLine(char const*)
 .text._ZN6FEHLCD9WriteLineEf
                0x00011934       0x28 Libraries/FEHLCD.o
                0x00011934                FEHLCD::WriteLine(float)
 .text._ZN6FEHLCD9WriteLineEc
                0x0001195c       0x2c Libraries/FEHLCD.o
                0x0001195c                FEHLCD::WriteLine(char)
 .text._ZN6FEHLCD10WriteIndexEh
                0x00011988      0x288 Libraries/FEHLCD.o
                0x00011988                FEHLCD::WriteIndex(unsigned char)
 .text._ZN6FEHLCD14WriteParameterEh
                0x00011c10      0x254 Libraries/FEHLCD.o
                0x00011c10                FEHLCD::WriteParameter(unsigned char)
 .text._ZN6FEHLCD6_ClearEv
                0x00011e64      0x228 Libraries/FEHLCD.o
                0x00011e64                FEHLCD::_Clear()
 .text._ZN6FEHLCD8NextLineEv
                0x0001208c       0x30 Libraries/FEHLCD.o
                0x0001208c                FEHLCD::NextLine()
 .text._ZN6FEHLCD9CheckLineEv
                0x000120bc       0x2c Libraries/FEHLCD.o
                0x000120bc                FEHLCD::CheckLine()
 .text._ZN6FEHLCD8NextCharEv
                0x000120e8       0x34 Libraries/FEHLCD.o
                0x000120e8                FEHLCD::NextChar()
 .text._ZN6FEHLCD13SetDrawRegionEiiii
                0x0001211c      0x10c Libraries/FEHLCD.o
                0x0001211c                FEHLCD::SetDrawRegion(int, int, int, int)
 .text._ZN6FEHLCD9WriteCharEiic
                0x00012228       0x40 Libraries/FEHLCD.o
                0x00012228                FEHLCD::WriteChar(int, int, char)
 .text._ZN6FEHLCD11WriteCharAtEiic
                0x00012268      0x278 Libraries/FEHLCD.o
                0x00012268                FEHLCD::WriteCharAt(int, int, char)
 .text._ZN6FEHLCD11RepeatColorEv
                0x000124e0       0xbc Libraries/FEHLCD.o
                0x000124e0                FEHLCD::RepeatColor()
 .text._ZN6FEHLCD10_ForePixelEv
                0x0001259c      0x160 Libraries/FEHLCD.o
                0x0001259c                FEHLCD::_ForePixel()
 .text._ZN6FEHLCD10_BackPixelEv
                0x000126fc      0x160 Libraries/FEHLCD.o
                0x000126fc                FEHLCD::_BackPixel()
 .text._ZN6FEHLCD22SetRegisterColorValuesEv
                0x0001285c      0x4c0 Libraries/FEHLCD.o
                0x0001285c                FEHLCD::SetRegisterColorValues()
 .text._Z41__static_initialization_and_destruction_0ii
                0x00012d1c       0x30 Libraries/FEHLCD.o
 .text._GLOBAL__sub_I_image
                0x00012d4c       0x14 Libraries/FEHLCD.o
 .text._ZN10FEHBattery7VoltageEv
                0x00012d60       0x38 Libraries/FEHBattery.o
                0x00012d60                FEHBattery::Voltage()
 .text._ZN10FEHBatteryC2EN5FEHIO8FEHIOPinE
                0x00012d98       0x24 Libraries/FEHBattery.o
                0x00012d98                FEHBattery::FEHBattery(FEHIO::FEHIOPin)
                0x00012d98                FEHBattery::FEHBattery(FEHIO::FEHIOPin)
 .text._Z41__static_initialization_and_destruction_0ii
                0x00012dbc       0x34 Libraries/FEHBattery.o
 .text._GLOBAL__sub_I_Battery
                0x00012df0       0x14 Libraries/FEHBattery.o
 .text._ZN7FEHXBeeC2Ev
                0x00012e04       0x20 Drivers/FEHXBee.o
                0x00012e04                FEHXBee::FEHXBee()
                0x00012e04                FEHXBee::FEHXBee()
 .text._ZN7FEHXBee10InitializeEv
                0x00012e24      0x148 Drivers/FEHXBee.o
                0x00012e24                FEHXBee::Initialize()
 .text._ZN7FEHXBee13IsInitializedEv
                0x00012f6c       0x18 Drivers/FEHXBee.o
                0x00012f6c                FEHXBee::IsInitialized()
 .text._ZN7FEHXBee17ReceiveDataSearchEPcjh
                0x00012f84       0xb4 Drivers/FEHXBee.o
                0x00012f84                FEHXBee::ReceiveDataSearch(char*, unsigned int, unsigned char)
 .text._ZN7FEHXBee8SendDataEPcj
                0x00013038       0x50 Drivers/FEHXBee.o
                0x00013038                FEHXBee::SendData(char*, unsigned int)
 .text._ZN7FEHXBee17SetPacketCallBackEPFvPhhE
                0x00013088       0x20 Drivers/FEHXBee.o
                0x00013088                FEHXBee::SetPacketCallBack(void (*)(unsigned char*, unsigned char))
 .text._Z9UART0_ISRv
                0x000130a8      0x174 Drivers/FEHXBee.o
                0x000130a8                UART0_ISR()
 .text._ZN8FEHWONKAC2Ev
                0x0001321c       0x88 Libraries/FEHWONKA.o
                0x0001321c                FEHWONKA::FEHWONKA()
                0x0001321c                FEHWONKA::FEHWONKA()
 .text._ZN8FEHWONKA14InitializeMenuEv
                0x000132a4      0x1e8 Libraries/FEHWONKA.o
                0x000132a4                FEHWONKA::InitializeMenu()
 .text._ZN8FEHWONKA10InitializeEi
                0x0001348c      0x740 Libraries/FEHWONKA.o
                0x0001348c                FEHWONKA::Initialize(int)
 .text._ZN8FEHWONKA10InitializeEc
                0x00013bcc       0x4c Libraries/FEHWONKA.o
                0x00013bcc                FEHWONKA::Initialize(char)
 .text._ZN8FEHWONKA6EnableEv
                0x00013c18       0x64 Libraries/FEHWONKA.o
                0x00013c18                FEHWONKA::Enable()
 .text._ZN8FEHWONKA7DisableEv
                0x00013c7c       0x2c Libraries/FEHWONKA.o
                0x00013c7c                FEHWONKA::Disable()
 .text._ZN8FEHWONKA19CurrentRegionLetterEv
                0x00013ca8       0x20 Libraries/FEHWONKA.o
                0x00013ca8                FEHWONKA::CurrentRegionLetter()
 .text._ZN8FEHWONKA13WaitForPacketEv
                0x00013cc8       0x78 Libraries/FEHWONKA.o
                0x00013cc8                FEHWONKA::WaitForPacket()
 .text._ZN8FEHWONKA7HeadingEv
                0x00013d40       0x20 Libraries/FEHWONKA.o
                0x00013d40                FEHWONKA::Heading()
 .text._Z16WONKADataProcessPhh
                0x00013d60      0x124 Libraries/FEHWONKA.o
                0x00013d60                WONKADataProcess(unsigned char*, unsigned char)
 .text._Z41__static_initialization_and_destruction_0ii
                0x00013e84       0x40 Libraries/FEHWONKA.o
 .text._GLOBAL__sub_I_WONKA
                0x00013ec4       0x14 Libraries/FEHWONKA.o
 .text.sprintf  0x00013ed8       0x1c ../resources/Proteus/EWL/lib/armv7e-m\libc.a(sprintf.o)
                0x00013ed8                sprintf
 .text.__StringWrite
                0x00013ef4       0x28 ../resources/Proteus/EWL/lib/armv7e-m\libc.a(vsnprintf.o)
                0x00013ef4                __StringWrite
 .text.vsnprintf
                0x00013f1c       0x34 ../resources/Proteus/EWL/lib/armv7e-m\libc.a(vsnprintf.o)
                0x00013f1c                vsnprintf
 .text.exit     0x00013f50       0x38 ../resources/Proteus/EWL/lib/armv7e-m\libc.a(exit.o)
                0x00013f50                exit
 .text.memcpy   0x00013f88       0x12 ../resources/Proteus/EWL/lib/armv7e-m\libc.a(memcpy.o)
                0x00013f88                memcpy
 .text.memset   0x00013f9a        0xc ../resources/Proteus/EWL/lib/armv7e-m\libc.a(memset.o)
                0x00013f9a                memset
 .text.long2str.isra.0
                0x00013fa6      0x196 ../resources/Proteus/EWL/lib/armv7e-m\libc.a(printformat_.o)
 .text.__pformatter_
                0x0001413c      0x3f8 ../resources/Proteus/EWL/lib/armv7e-m\libc.a(printformat_.o)
                0x0001413c                __pformatter_
 .text.__sformatter
                0x00014534      0x74e ../resources/Proteus/EWL/lib/armv7e-m\libc.a(scanformat_.o)
                0x00014534                __sformatter
 *fill*         0x00014c82        0x2 00
 .text.isalpha  0x00014c84       0x1c ../resources/Proteus/EWL/lib/armv7e-m\libc.a(ctype_aeabi.o)
                0x00014c84                isalpha
 .text.isspace  0x00014ca0       0x1c ../resources/Proteus/EWL/lib/armv7e-m\libc.a(ctype_aeabi.o)
                0x00014ca0                isspace
 .text.toupper  0x00014cbc        0xc ../resources/Proteus/EWL/lib/armv7e-m\libc.a(ctype_aeabi.o)
                0x00014cbc                toupper
 .text.__strtoul
                0x00014cc8      0x1dc ../resources/Proteus/EWL/lib/armv7e-m\libc.a(__strtoul.o)
                0x00014cc8                __strtoul
 .text.__fill_mem
                0x00014ea4       0x76 ../resources/Proteus/EWL/lib/armv7e-m\libc.a(__filll_mem.o)
                0x00014ea4                __fill_mem
 .text.memchr   0x00014f1a       0x1a ../resources/Proteus/EWL/lib/armv7e-m\libc.a(memchr.o)
                0x00014f1a                memchr
 .text.strchr   0x00014f34       0x1c ../resources/Proteus/EWL/lib/armv7e-m\libc.a(strchr.o)
                0x00014f34                strchr
 .text.strlen   0x00014f50       0x10 ../resources/Proteus/EWL/lib/armv7e-m\libc.a(strlen.o)
                0x00014f50                strlen
 .text.__init_cpp
                0x00014f60       0x4c ../resources/Proteus/EWL/lib/armv7e-m\librt.a(gcc_ctor_dtor.o)
                0x00014f60                __init_cpp
 .text.__fini_cpp
                0x00014fac       0x34 ../resources/Proteus/EWL/lib/armv7e-m\librt.a(gcc_ctor_dtor.o)
                0x00014fac                __fini_cpp
 .text.__copy_rom_section
                0x00014fe0       0x44 ../resources/Proteus/EWL/lib/armv7e-m\librt.a(ROMCopy.o)
                0x00014fe0                __copy_rom_section
 .text.__copy_rom_sections_to_ram
                0x00015024       0x34 ../resources/Proteus/EWL/lib/armv7e-m\librt.a(ROMCopy.o)
                0x00015024                __copy_rom_sections_to_ram
 .text.__destroy_global_chain
                0x00015058       0x1c ../resources/Proteus/EWL/lib/armv7e-m\librt.a(__arm_eabi_init.o)
                0x00015058                __destroy_global_chain
 .text.__cxa_atexit
                0x00015074       0x38 ../resources/Proteus/EWL/lib/armv7e-m\librt.a(__arm_eabi_init.o)
                0x00015074                __cxa_atexit
 .text.__aeabi_atexit
                0x000150ac        0xa ../resources/Proteus/EWL/lib/armv7e-m\librt.a(__arm_eabi_init.o)
                0x000150ac                __aeabi_atexit
 *fill*         0x000150b6        0x2 00
 .text.__init_registers
                0x000150b8       0x20 ../resources/Proteus/EWL/lib/armv7e-m\librt.a(__arm_eabi_init.o)
                0x000150b8                __init_registers
 .text.__init_user
                0x000150d8        0x4 ../resources/Proteus/EWL/lib/armv7e-m\librt.a(__arm_eabi_init.o)
                0x000150d8                __init_user
 .text._ZNSt9bad_allocD2Ev
                0x000150dc        0xc ../resources/Proteus/EWL/lib/armv7e-m\librt.a(New.o)
                0x000150dc                std::bad_alloc::~bad_alloc()
                0x000150dc                std::bad_alloc::~bad_alloc()
 .text._ZNKSt9bad_alloc4whatEv
                0x000150e8        0x8 ../resources/Proteus/EWL/lib/armv7e-m\librt.a(New.o)
                0x000150e8                std::bad_alloc::what() const
 .text._Znwj    0x000150f0       0x4c ../resources/Proteus/EWL/lib/armv7e-m\librt.a(New.o)
                0x000150f0                operator new(unsigned int)
 .text._ZdlPv   0x0001513c        0x8 ../resources/Proteus/EWL/lib/armv7e-m\librt.a(New.o)
                0x0001513c                operator delete(void*)
 .text._ZNSt9bad_allocD0Ev
                0x00015144       0x14 ../resources/Proteus/EWL/lib/armv7e-m\librt.a(New.o)
                0x00015144                std::bad_alloc::~bad_alloc()
 .text._ZNK10__cxxabiv117__class_type_info11__do_upcastEPKS0_PPv
                0x00015158       0x38 z:/home/bobby/projects/robot-d5/resources/proteus/gcc/bin/../lib/gcc/arm-none-eabi/4.6.2/../../../../arm-none-eabi/lib/armv7e-m\libsupc++.a(class_type_info.o)
                0x00015158                __cxxabiv1::__class_type_info::__do_upcast(__cxxabiv1::__class_type_info const*, void**) const
 .text._ZNK10__cxxabiv117__class_type_info20__do_find_public_srcEiPKvPKS0_S2_
                0x00015190        0xc z:/home/bobby/projects/robot-d5/resources/proteus/gcc/bin/../lib/gcc/arm-none-eabi/4.6.2/../../../../arm-none-eabi/lib/armv7e-m\libsupc++.a(class_type_info.o)
                0x00015190                __cxxabiv1::__class_type_info::__do_find_public_src(int, void const*, __cxxabiv1::__class_type_info const*, void const*) const
 .text._ZNK10__cxxabiv117__class_type_info11__do_upcastEPKS0_PKvRNS0_15__upcast_resultE
                0x0001519c       0x1c z:/home/bobby/projects/robot-d5/resources/proteus/gcc/bin/../lib/gcc/arm-none-eabi/4.6.2/../../../../arm-none-eabi/lib/armv7e-m\libsupc++.a(class_type_info.o)
                0x0001519c                __cxxabiv1::__class_type_info::__do_upcast(__cxxabiv1::__class_type_info const*, void const*, __cxxabiv1::__class_type_info::__upcast_result&) const
 .text._ZN10__cxxabiv117__class_type_infoD2Ev
                0x000151b8       0x14 z:/home/bobby/projects/robot-d5/resources/proteus/gcc/bin/../lib/gcc/arm-none-eabi/4.6.2/../../../../arm-none-eabi/lib/armv7e-m\libsupc++.a(class_type_info.o)
                0x000151b8                __cxxabiv1::__class_type_info::~__class_type_info()
                0x000151b8                __cxxabiv1::__class_type_info::~__class_type_info()
 .text._ZN10__cxxabiv117__class_type_infoD0Ev
                0x000151cc       0x1c z:/home/bobby/projects/robot-d5/resources/proteus/gcc/bin/../lib/gcc/arm-none-eabi/4.6.2/../../../../arm-none-eabi/lib/armv7e-m\libsupc++.a(class_type_info.o)
                0x000151cc                __cxxabiv1::__class_type_info::~__class_type_info()
 .text._ZNK10__cxxabiv117__class_type_info12__do_dyncastEiNS0_10__sub_kindEPKS0_PKvS3_S5_RNS0_16__dyncast_resultE
                0x000151e8       0x3c z:/home/bobby/projects/robot-d5/resources/proteus/gcc/bin/../lib/gcc/arm-none-eabi/4.6.2/../../../../arm-none-eabi/lib/armv7e-m\libsupc++.a(class_type_info.o)
                0x000151e8                __cxxabiv1::__class_type_info::__do_dyncast(int, __cxxabiv1::__class_type_info::__sub_kind, __cxxabiv1::__class_type_info const*, void const*, __cxxabiv1::__class_type_info const*, void const*, __cxxabiv1::__class_type_info::__dyncast_result&) const
 .text._ZNK10__cxxabiv117__class_type_info10__do_catchEPKSt9type_infoPPvj
                0x00015224       0x28 z:/home/bobby/projects/robot-d5/resources/proteus/gcc/bin/../lib/gcc/arm-none-eabi/4.6.2/../../../../arm-none-eabi/lib/armv7e-m\libsupc++.a(class_type_info.o)
                0x00015224                __cxxabiv1::__class_type_info::__do_catch(std::type_info const*, void**, unsigned int) const
 .text.__cxa_allocate_exception
                0x0001524c       0x70 z:/home/bobby/projects/robot-d5/resources/proteus/gcc/bin/../lib/gcc/arm-none-eabi/4.6.2/../../../../arm-none-eabi/lib/armv7e-m\libsupc++.a(eh_alloc.o)
                0x0001524c                __cxa_allocate_exception
 .text.__cxa_free_exception
                0x000152bc       0x34 z:/home/bobby/projects/robot-d5/resources/proteus/gcc/bin/../lib/gcc/arm-none-eabi/4.6.2/../../../../arm-none-eabi/lib/armv7e-m\libsupc++.a(eh_alloc.o)
                0x000152bc                __cxa_free_exception
 .text.__cxa_end_cleanup
                0x000152f0        0xc z:/home/bobby/projects/robot-d5/resources/proteus/gcc/bin/../lib/gcc/arm-none-eabi/4.6.2/../../../../arm-none-eabi/lib/armv7e-m\libsupc++.a(eh_arm.o)
                0x000152f0                __cxa_end_cleanup
 .text.__cxa_type_match
                0x000152fc       0xec z:/home/bobby/projects/robot-d5/resources/proteus/gcc/bin/../lib/gcc/arm-none-eabi/4.6.2/../../../../arm-none-eabi/lib/armv7e-m\libsupc++.a(eh_arm.o)
                0x000152fc                __cxa_type_match
 .text.__cxa_begin_cleanup
                0x000153e8       0x78 z:/home/bobby/projects/robot-d5/resources/proteus/gcc/bin/../lib/gcc/arm-none-eabi/4.6.2/../../../../arm-none-eabi/lib/armv7e-m\libsupc++.a(eh_arm.o)
                0x000153e8                __cxa_begin_cleanup
 .text.__gnu_end_cleanup
                0x00015460       0x7c z:/home/bobby/projects/robot-d5/resources/proteus/gcc/bin/../lib/gcc/arm-none-eabi/4.6.2/../../../../arm-none-eabi/lib/armv7e-m\libsupc++.a(eh_arm.o)
                0x00015460                __gnu_end_cleanup
 .text.__cxa_bad_typeid
                0x000154dc       0x24 z:/home/bobby/projects/robot-d5/resources/proteus/gcc/bin/../lib/gcc/arm-none-eabi/4.6.2/../../../../arm-none-eabi/lib/armv7e-m\libsupc++.a(eh_aux_runtime.o)
                0x000154dc                __cxa_bad_typeid
 .text.__cxa_call_terminate
                0x00015500       0x50 z:/home/bobby/projects/robot-d5/resources/proteus/gcc/bin/../lib/gcc/arm-none-eabi/4.6.2/../../../../arm-none-eabi/lib/armv7e-m\libsupc++.a(eh_call.o)
                0x00015500                __cxa_call_terminate
 .text.__cxa_call_unexpected
                0x00015550      0x120 z:/home/bobby/projects/robot-d5/resources/proteus/gcc/bin/../lib/gcc/arm-none-eabi/4.6.2/../../../../arm-none-eabi/lib/armv7e-m\libsupc++.a(eh_call.o)
                0x00015550                __cxa_call_unexpected
 .text.__cxa_begin_catch
                0x00015670       0x98 z:/home/bobby/projects/robot-d5/resources/proteus/gcc/bin/../lib/gcc/arm-none-eabi/4.6.2/../../../../arm-none-eabi/lib/armv7e-m\libsupc++.a(eh_catch.o)
                0x00015670                __cxa_begin_catch
 .text.__cxa_end_catch
                0x00015708       0x98 z:/home/bobby/projects/robot-d5/resources/proteus/gcc/bin/../lib/gcc/arm-none-eabi/4.6.2/../../../../arm-none-eabi/lib/armv7e-m\libsupc++.a(eh_catch.o)
                0x00015708                __cxa_end_catch
 .text._ZNSt9exceptionD2Ev
                0x000157a0        0xc z:/home/bobby/projects/robot-d5/resources/proteus/gcc/bin/../lib/gcc/arm-none-eabi/4.6.2/../../../../arm-none-eabi/lib/armv7e-m\libsupc++.a(eh_exception.o)
                0x000157a0                std::exception::~exception()
                0x000157a0                std::exception::~exception()
 .text._ZNSt13bad_exceptionD2Ev
                0x000157ac        0xc z:/home/bobby/projects/robot-d5/resources/proteus/gcc/bin/../lib/gcc/arm-none-eabi/4.6.2/../../../../arm-none-eabi/lib/armv7e-m\libsupc++.a(eh_exception.o)
                0x000157ac                std::bad_exception::~bad_exception()
                0x000157ac                std::bad_exception::~bad_exception()
 .text._ZNKSt9exception4whatEv
                0x000157b8        0xc z:/home/bobby/projects/robot-d5/resources/proteus/gcc/bin/../lib/gcc/arm-none-eabi/4.6.2/../../../../arm-none-eabi/lib/armv7e-m\libsupc++.a(eh_exception.o)
                0x000157b8                std::exception::what() const
 .text._ZNKSt13bad_exception4whatEv
                0x000157c4        0xc z:/home/bobby/projects/robot-d5/resources/proteus/gcc/bin/../lib/gcc/arm-none-eabi/4.6.2/../../../../arm-none-eabi/lib/armv7e-m\libsupc++.a(eh_exception.o)
                0x000157c4                std::bad_exception::what() const
 .text._ZNSt13bad_exceptionD0Ev
                0x000157d0       0x14 z:/home/bobby/projects/robot-d5/resources/proteus/gcc/bin/../lib/gcc/arm-none-eabi/4.6.2/../../../../arm-none-eabi/lib/armv7e-m\libsupc++.a(eh_exception.o)
                0x000157d0                std::bad_exception::~bad_exception()
 .text._ZNSt9exceptionD0Ev
                0x000157e4       0x14 z:/home/bobby/projects/robot-d5/resources/proteus/gcc/bin/../lib/gcc/arm-none-eabi/4.6.2/../../../../arm-none-eabi/lib/armv7e-m\libsupc++.a(eh_exception.o)
                0x000157e4                std::exception::~exception()
 .text.__cxa_get_globals_fast
                0x000157f8        0xc z:/home/bobby/projects/robot-d5/resources/proteus/gcc/bin/../lib/gcc/arm-none-eabi/4.6.2/../../../../arm-none-eabi/lib/armv7e-m\libsupc++.a(eh_globals.o)
                0x000157f8                __cxa_get_globals_fast
 .text.__cxa_get_globals
                0x00015804        0xc z:/home/bobby/projects/robot-d5/resources/proteus/gcc/bin/../lib/gcc/arm-none-eabi/4.6.2/../../../../arm-none-eabi/lib/armv7e-m\libsupc++.a(eh_globals.o)
                0x00015804                __cxa_get_globals
 .text._ZL12read_sleb128PKhPl
                0x00015810       0x3c z:/home/bobby/projects/robot-d5/resources/proteus/gcc/bin/../lib/gcc/arm-none-eabi/4.6.2/../../../../arm-none-eabi/lib/armv7e-m\libsupc++.a(eh_personality.o)
 .text._ZL28read_encoded_value_with_basehjPKhPj
                0x0001584c       0xa4 z:/home/bobby/projects/robot-d5/resources/proteus/gcc/bin/../lib/gcc/arm-none-eabi/4.6.2/../../../../arm-none-eabi/lib/armv7e-m\libsupc++.a(eh_personality.o)
 .text._ZL21base_of_encoded_valuehP15_Unwind_Context
                0x000158f0       0x4c z:/home/bobby/projects/robot-d5/resources/proteus/gcc/bin/../lib/gcc/arm-none-eabi/4.6.2/../../../../arm-none-eabi/lib/armv7e-m\libsupc++.a(eh_personality.o)
 .text._ZL17parse_lsda_headerP15_Unwind_ContextPKhP16lsda_header_info.constprop.1
                0x0001593c       0x90 z:/home/bobby/projects/robot-d5/resources/proteus/gcc/bin/../lib/gcc/arm-none-eabi/4.6.2/../../../../arm-none-eabi/lib/armv7e-m\libsupc++.a(eh_personality.o)
 .text.__gxx_personality_v0
                0x000159cc      0x3bc z:/home/bobby/projects/robot-d5/resources/proteus/gcc/bin/../lib/gcc/arm-none-eabi/4.6.2/../../../../arm-none-eabi/lib/armv7e-m\libsupc++.a(eh_personality.o)
                0x000159cc                __gxx_personality_v0
 .text._ZN10__cxxabiv111__terminateEPFvvE
                0x00015d88       0x28 z:/home/bobby/projects/robot-d5/resources/proteus/gcc/bin/../lib/gcc/arm-none-eabi/4.6.2/../../../../arm-none-eabi/lib/armv7e-m\libsupc++.a(eh_terminate.o)
                0x00015d88                __cxxabiv1::__terminate(void (*)())
 .text._ZSt9terminatev
                0x00015db0       0x10 z:/home/bobby/projects/robot-d5/resources/proteus/gcc/bin/../lib/gcc/arm-none-eabi/4.6.2/../../../../arm-none-eabi/lib/armv7e-m\libsupc++.a(eh_terminate.o)
                0x00015db0                std::terminate()
 .text._ZN10__cxxabiv112__unexpectedEPFvvE
                0x00015dc0        0x8 z:/home/bobby/projects/robot-d5/resources/proteus/gcc/bin/../lib/gcc/arm-none-eabi/4.6.2/../../../../arm-none-eabi/lib/armv7e-m\libsupc++.a(eh_terminate.o)
                0x00015dc0                __cxxabiv1::__unexpected(void (*)())
 .text._ZSt10unexpectedv
                0x00015dc8       0x14 z:/home/bobby/projects/robot-d5/resources/proteus/gcc/bin/../lib/gcc/arm-none-eabi/4.6.2/../../../../arm-none-eabi/lib/armv7e-m\libsupc++.a(eh_terminate.o)
                0x00015dc8                std::unexpected()
 .text._ZL23__gxx_exception_cleanup19_Unwind_Reason_CodeP21_Unwind_Control_Block
                0x00015ddc       0x4c z:/home/bobby/projects/robot-d5/resources/proteus/gcc/bin/../lib/gcc/arm-none-eabi/4.6.2/../../../../arm-none-eabi/lib/armv7e-m\libsupc++.a(eh_throw.o)
 .text.__cxa_throw
                0x00015e28       0x80 z:/home/bobby/projects/robot-d5/resources/proteus/gcc/bin/../lib/gcc/arm-none-eabi/4.6.2/../../../../arm-none-eabi/lib/armv7e-m\libsupc++.a(eh_throw.o)
                0x00015e28                __cxa_throw
 .text.__cxa_rethrow
                0x00015ea8       0x78 z:/home/bobby/projects/robot-d5/resources/proteus/gcc/bin/../lib/gcc/arm-none-eabi/4.6.2/../../../../arm-none-eabi/lib/armv7e-m\libsupc++.a(eh_throw.o)
                0x00015ea8                __cxa_rethrow
 .text._ZN10__cxxabiv123__fundamental_type_infoD2Ev
                0x00015f20       0x14 z:/home/bobby/projects/robot-d5/resources/proteus/gcc/bin/../lib/gcc/arm-none-eabi/4.6.2/../../../../arm-none-eabi/lib/armv7e-m\libsupc++.a(fundamental_type_info.o)
                0x00015f20                __cxxabiv1::__fundamental_type_info::~__fundamental_type_info()
                0x00015f20                __cxxabiv1::__fundamental_type_info::~__fundamental_type_info()
 .text._ZN10__cxxabiv123__fundamental_type_infoD0Ev
                0x00015f34       0x1c z:/home/bobby/projects/robot-d5/resources/proteus/gcc/bin/../lib/gcc/arm-none-eabi/4.6.2/../../../../arm-none-eabi/lib/armv7e-m\libsupc++.a(fundamental_type_info.o)
                0x00015f34                __cxxabiv1::__fundamental_type_info::~__fundamental_type_info()
 .text._ZNK10__cxxabiv119__pointer_type_info14__is_pointer_pEv
                0x00015f50        0x4 z:/home/bobby/projects/robot-d5/resources/proteus/gcc/bin/../lib/gcc/arm-none-eabi/4.6.2/../../../../arm-none-eabi/lib/armv7e-m\libsupc++.a(pointer_type_info.o)
                0x00015f50                __cxxabiv1::__pointer_type_info::__is_pointer_p() const
 .text._ZN10__cxxabiv119__pointer_type_infoD2Ev
                0x00015f54       0x14 z:/home/bobby/projects/robot-d5/resources/proteus/gcc/bin/../lib/gcc/arm-none-eabi/4.6.2/../../../../arm-none-eabi/lib/armv7e-m\libsupc++.a(pointer_type_info.o)
                0x00015f54                __cxxabiv1::__pointer_type_info::~__pointer_type_info()
                0x00015f54                __cxxabiv1::__pointer_type_info::~__pointer_type_info()
 .text._ZN10__cxxabiv119__pointer_type_infoD0Ev
                0x00015f68       0x1c z:/home/bobby/projects/robot-d5/resources/proteus/gcc/bin/../lib/gcc/arm-none-eabi/4.6.2/../../../../arm-none-eabi/lib/armv7e-m\libsupc++.a(pointer_type_info.o)
                0x00015f68                __cxxabiv1::__pointer_type_info::~__pointer_type_info()
 .text._ZNK10__cxxabiv119__pointer_type_info15__pointer_catchEPKNS_17__pbase_type_infoEPPvj
                0x00015f84       0x44 z:/home/bobby/projects/robot-d5/resources/proteus/gcc/bin/../lib/gcc/arm-none-eabi/4.6.2/../../../../arm-none-eabi/lib/armv7e-m\libsupc++.a(pointer_type_info.o)
                0x00015f84                __cxxabiv1::__pointer_type_info::__pointer_catch(__cxxabiv1::__pbase_type_info const*, void**, unsigned int) const
 .text._ZN10__cxxabiv120__si_class_type_infoD2Ev
                0x00015fc8       0x14 z:/home/bobby/projects/robot-d5/resources/proteus/gcc/bin/../lib/gcc/arm-none-eabi/4.6.2/../../../../arm-none-eabi/lib/armv7e-m\libsupc++.a(si_class_type_info.o)
                0x00015fc8                __cxxabiv1::__si_class_type_info::~__si_class_type_info()
                0x00015fc8                __cxxabiv1::__si_class_type_info::~__si_class_type_info()
 .text._ZN10__cxxabiv120__si_class_type_infoD0Ev
                0x00015fdc       0x1c z:/home/bobby/projects/robot-d5/resources/proteus/gcc/bin/../lib/gcc/arm-none-eabi/4.6.2/../../../../arm-none-eabi/lib/armv7e-m\libsupc++.a(si_class_type_info.o)
                0x00015fdc                __cxxabiv1::__si_class_type_info::~__si_class_type_info()
 .text._ZNK10__cxxabiv120__si_class_type_info11__do_upcastEPKNS_17__class_type_infoEPKvRNS1_15__upcast_resultE
                0x00015ff8       0x24 z:/home/bobby/projects/robot-d5/resources/proteus/gcc/bin/../lib/gcc/arm-none-eabi/4.6.2/../../../../arm-none-eabi/lib/armv7e-m\libsupc++.a(si_class_type_info.o)
                0x00015ff8                __cxxabiv1::__si_class_type_info::__do_upcast(__cxxabiv1::__class_type_info const*, void const*, __cxxabiv1::__class_type_info::__upcast_result&) const
 .text._ZNK10__cxxabiv120__si_class_type_info12__do_dyncastEiNS_17__class_type_info10__sub_kindEPKS1_PKvS4_S6_RNS1_16__dyncast_resultE
                0x0001601c       0x94 z:/home/bobby/projects/robot-d5/resources/proteus/gcc/bin/../lib/gcc/arm-none-eabi/4.6.2/../../../../arm-none-eabi/lib/armv7e-m\libsupc++.a(si_class_type_info.o)
                0x0001601c                __cxxabiv1::__si_class_type_info::__do_dyncast(int, __cxxabiv1::__class_type_info::__sub_kind, __cxxabiv1::__class_type_info const*, void const*, __cxxabiv1::__class_type_info const*, void const*, __cxxabiv1::__class_type_info::__dyncast_result&) const
 .text._ZNK10__cxxabiv120__si_class_type_info20__do_find_public_srcEiPKvPKNS_17__class_type_infoES2_
                0x000160b0       0x34 z:/home/bobby/projects/robot-d5/resources/proteus/gcc/bin/../lib/gcc/arm-none-eabi/4.6.2/../../../../arm-none-eabi/lib/armv7e-m\libsupc++.a(si_class_type_info.o)
                0x000160b0                __cxxabiv1::__si_class_type_info::__do_find_public_src(int, void const*, __cxxabiv1::__class_type_info const*, void const*) const
 .text._ZNSt9type_infoD2Ev
                0x000160e4        0xc z:/home/bobby/projects/robot-d5/resources/proteus/gcc/bin/../lib/gcc/arm-none-eabi/4.6.2/../../../../arm-none-eabi/lib/armv7e-m\libsupc++.a(tinfo.o)
                0x000160e4                std::type_info::~type_info()
                0x000160e4                std::type_info::~type_info()
 .text._ZNKSt9type_info14__is_pointer_pEv
                0x000160f0        0x4 z:/home/bobby/projects/robot-d5/resources/proteus/gcc/bin/../lib/gcc/arm-none-eabi/4.6.2/../../../../arm-none-eabi/lib/armv7e-m\libsupc++.a(tinfo.o)
                0x000160f0                std::type_info::__is_pointer_p() const
 .text._ZNKSt9type_info15__is_function_pEv
                0x000160f4        0x4 z:/home/bobby/projects/robot-d5/resources/proteus/gcc/bin/../lib/gcc/arm-none-eabi/4.6.2/../../../../arm-none-eabi/lib/armv7e-m\libsupc++.a(tinfo.o)
                0x000160f4                std::type_info::__is_function_p() const
 .text._ZNKSt9type_info11__do_upcastEPKN10__cxxabiv117__class_type_infoEPPv
                0x000160f8        0x4 z:/home/bobby/projects/robot-d5/resources/proteus/gcc/bin/../lib/gcc/arm-none-eabi/4.6.2/../../../../arm-none-eabi/lib/armv7e-m\libsupc++.a(tinfo.o)
                0x000160f8                std::type_info::__do_upcast(__cxxabiv1::__class_type_info const*, void**) const
 .text._ZNSt9type_infoD0Ev
                0x000160fc       0x14 z:/home/bobby/projects/robot-d5/resources/proteus/gcc/bin/../lib/gcc/arm-none-eabi/4.6.2/../../../../arm-none-eabi/lib/armv7e-m\libsupc++.a(tinfo.o)
                0x000160fc                std::type_info::~type_info()
 .text._ZNKSt9type_infoeqERKS_
                0x00016110       0x30 z:/home/bobby/projects/robot-d5/resources/proteus/gcc/bin/../lib/gcc/arm-none-eabi/4.6.2/../../../../arm-none-eabi/lib/armv7e-m\libsupc++.a(tinfo.o)
                0x00016110                std::type_info::operator==(std::type_info const&) const
 .text._ZNKSt9type_info10__do_catchEPKS_PPvj
                0x00016140        0x4 z:/home/bobby/projects/robot-d5/resources/proteus/gcc/bin/../lib/gcc/arm-none-eabi/4.6.2/../../../../arm-none-eabi/lib/armv7e-m\libsupc++.a(tinfo.o)
                0x00016140                std::type_info::__do_catch(std::type_info const*, void**, unsigned int) const
 .text._ZNKSt10bad_typeid4whatEv
                0x00016144        0xc z:/home/bobby/projects/robot-d5/resources/proteus/gcc/bin/../lib/gcc/arm-none-eabi/4.6.2/../../../../arm-none-eabi/lib/armv7e-m\libsupc++.a(bad_typeid.o)
                0x00016144                std::bad_typeid::what() const
 .text._ZNSt10bad_typeidD2Ev
                0x00016150       0x14 z:/home/bobby/projects/robot-d5/resources/proteus/gcc/bin/../lib/gcc/arm-none-eabi/4.6.2/../../../../arm-none-eabi/lib/armv7e-m\libsupc++.a(bad_typeid.o)
                0x00016150                std::bad_typeid::~bad_typeid()
                0x00016150                std::bad_typeid::~bad_typeid()
 .text._ZNSt10bad_typeidD0Ev
                0x00016164       0x1c z:/home/bobby/projects/robot-d5/resources/proteus/gcc/bin/../lib/gcc/arm-none-eabi/4.6.2/../../../../arm-none-eabi/lib/armv7e-m\libsupc++.a(bad_typeid.o)
                0x00016164                std::bad_typeid::~bad_typeid()
 .text._ZNK10__cxxabiv117__pbase_type_info15__pointer_catchEPKS0_PPvj
                0x00016180       0x10 z:/home/bobby/projects/robot-d5/resources/proteus/gcc/bin/../lib/gcc/arm-none-eabi/4.6.2/../../../../arm-none-eabi/lib/armv7e-m\libsupc++.a(pbase_type_info.o)
                0x00016180                __cxxabiv1::__pbase_type_info::__pointer_catch(__cxxabiv1::__pbase_type_info const*, void**, unsigned int) const
 .text._ZN10__cxxabiv117__pbase_type_infoD2Ev
                0x00016190       0x14 z:/home/bobby/projects/robot-d5/resources/proteus/gcc/bin/../lib/gcc/arm-none-eabi/4.6.2/../../../../arm-none-eabi/lib/armv7e-m\libsupc++.a(pbase_type_info.o)
                0x00016190                __cxxabiv1::__pbase_type_info::~__pbase_type_info()
                0x00016190                __cxxabiv1::__pbase_type_info::~__pbase_type_info()
 .text._ZN10__cxxabiv117__pbase_type_infoD0Ev
                0x000161a4       0x1c z:/home/bobby/projects/robot-d5/resources/proteus/gcc/bin/../lib/gcc/arm-none-eabi/4.6.2/../../../../arm-none-eabi/lib/armv7e-m\libsupc++.a(pbase_type_info.o)
                0x000161a4                __cxxabiv1::__pbase_type_info::~__pbase_type_info()
 .text._ZNK10__cxxabiv117__pbase_type_info10__do_catchEPKSt9type_infoPPvj
                0x000161c0       0x68 z:/home/bobby/projects/robot-d5/resources/proteus/gcc/bin/../lib/gcc/arm-none-eabi/4.6.2/../../../../arm-none-eabi/lib/armv7e-m\libsupc++.a(pbase_type_info.o)
                0x000161c0                __cxxabiv1::__pbase_type_info::__do_catch(std::type_info const*, void**, unsigned int) const
 .text.abort    0x00016228       0x24 ../resources/Proteus/EWL/lib/armv7e-m\libc.a(abort.o)
                0x00016228                abort
 .text.sbrk     0x0001624c       0x28 ../resources/Proteus/EWL/lib/armv7e-m\libc.a(alloc.o)
                0x0001624c                sbrk
 .text.malloc   0x00016274      0x110 ../resources/Proteus/EWL/lib/armv7e-m\libc.a(alloc.o)
                0x00016274                malloc
 .text.free     0x00016384       0x10 ../resources/Proteus/EWL/lib/armv7e-m\libc.a(alloc.o)
                0x00016384                free
 .text.strcmp   0x00016394       0x18 ../resources/Proteus/EWL/lib/armv7e-m\libc.a(strcmp.o)
                0x00016394                strcmp
 .text.raise    0x000163ac       0x3c ../resources/Proteus/EWL/lib/armv7e-m\libc.a(raise.o)
                0x000163ac                raise
 *(.rodata)
 .rodata        0x000163e8       0x40 ../src/main.o
 .rodata        0x00016428       0x34 Libraries/FEHLCD.o
 .rodata        0x0001645c      0x16c Libraries/FEHWONKA.o
 *(.rodata*)
 .rodata._ZL9GPIOPorts
                0x000165c8       0x20 Libraries/FEHIO.o
 .rodata._ZL10ADCNumbers
                0x000165e8       0x24 Libraries/FEHIO.o
 .rodata._ZL14GPIOPinNumbers
                0x0001660c       0x80 Libraries/FEHIO.o
 .rodata._ZL16AnalogPinNumbers
                0x0001668c       0x84 Libraries/FEHIO.o
 .rodata.str1.1
                0x00000000        0x0 ../resources/Proteus/EWL/lib/armv7e-m\libc.a(printformat_.o)
                                  0x1 (size before relaxing)
 .rodata.__aeabi_ctype_table_C
                0x00016710      0x101 ../resources/Proteus/EWL/lib/armv7e-m\libc.a(ctype_aeabi.o)
                0x00016710                __aeabi_ctype_table_C
 *fill*         0x00016811        0x7 00
 .rodata._ZTVSt9bad_alloc
                0x00016818       0x18 ../resources/Proteus/EWL/lib/armv7e-m\librt.a(New.o)
                0x00016818                vtable for std::bad_alloc
 .rodata._ZTISt9bad_alloc
                0x00016830        0xc ../resources/Proteus/EWL/lib/armv7e-m\librt.a(New.o)
                0x00016830                typeinfo for std::bad_alloc
 .rodata._ZTSSt9bad_alloc
                0x0001683c        0xd ../resources/Proteus/EWL/lib/armv7e-m\librt.a(New.o)
                0x0001683c                typeinfo name for std::bad_alloc
 .rodata.str1.1
                0x00016849       0x14 ../resources/Proteus/EWL/lib/armv7e-m\librt.a(New.o)
 *fill*         0x0001685d        0x3 00
 .rodata._ZTVN10__cxxabiv117__class_type_infoE
                0x00016860       0x30 z:/home/bobby/projects/robot-d5/resources/proteus/gcc/bin/../lib/gcc/arm-none-eabi/4.6.2/../../../../arm-none-eabi/lib/armv7e-m\libsupc++.a(class_type_info.o)
                0x00016860                vtable for __cxxabiv1::__class_type_info
 .rodata._ZTIN10__cxxabiv117__class_type_infoE
                0x00016890        0xc z:/home/bobby/projects/robot-d5/resources/proteus/gcc/bin/../lib/gcc/arm-none-eabi/4.6.2/../../../../arm-none-eabi/lib/armv7e-m\libsupc++.a(class_type_info.o)
                0x00016890                typeinfo for __cxxabiv1::__class_type_info
 .rodata._ZTSN10__cxxabiv117__class_type_infoE
                0x0001689c       0x24 z:/home/bobby/projects/robot-d5/resources/proteus/gcc/bin/../lib/gcc/arm-none-eabi/4.6.2/../../../../arm-none-eabi/lib/armv7e-m\libsupc++.a(class_type_info.o)
                0x0001689c                typeinfo name for __cxxabiv1::__class_type_info
 .rodata._ZTVSt9exception
                0x000168c0       0x18 z:/home/bobby/projects/robot-d5/resources/proteus/gcc/bin/../lib/gcc/arm-none-eabi/4.6.2/../../../../arm-none-eabi/lib/armv7e-m\libsupc++.a(eh_exception.o)
                0x000168c0                vtable for std::exception
 .rodata._ZTIN10__cxxabiv115__forced_unwindE
                0x000168d8        0x8 z:/home/bobby/projects/robot-d5/resources/proteus/gcc/bin/../lib/gcc/arm-none-eabi/4.6.2/../../../../arm-none-eabi/lib/armv7e-m\libsupc++.a(eh_exception.o)
                0x000168d8                typeinfo for __cxxabiv1::__forced_unwind
 .rodata._ZTISt9exception
                0x000168e0        0x8 z:/home/bobby/projects/robot-d5/resources/proteus/gcc/bin/../lib/gcc/arm-none-eabi/4.6.2/../../../../arm-none-eabi/lib/armv7e-m\libsupc++.a(eh_exception.o)
                0x000168e0                typeinfo for std::exception
 .rodata._ZTSSt13bad_exception
                0x000168e8       0x14 z:/home/bobby/projects/robot-d5/resources/proteus/gcc/bin/../lib/gcc/arm-none-eabi/4.6.2/../../../../arm-none-eabi/lib/armv7e-m\libsupc++.a(eh_exception.o)
                0x000168e8                typeinfo name for std::bad_exception
 .rodata.str1.4
                0x000168fc       0x23 z:/home/bobby/projects/robot-d5/resources/proteus/gcc/bin/../lib/gcc/arm-none-eabi/4.6.2/../../../../arm-none-eabi/lib/armv7e-m\libsupc++.a(eh_exception.o)
                                 0x24 (size before relaxing)
 *fill*         0x0001691f        0x1 00
 .rodata._ZTSN10__cxxabiv119__foreign_exceptionE
                0x00016920       0x24 z:/home/bobby/projects/robot-d5/resources/proteus/gcc/bin/../lib/gcc/arm-none-eabi/4.6.2/../../../../arm-none-eabi/lib/armv7e-m\libsupc++.a(eh_exception.o)
                0x00016920                typeinfo name for __cxxabiv1::__foreign_exception
 .rodata._ZTIN10__cxxabiv119__foreign_exceptionE
                0x00016944        0x8 z:/home/bobby/projects/robot-d5/resources/proteus/gcc/bin/../lib/gcc/arm-none-eabi/4.6.2/../../../../arm-none-eabi/lib/armv7e-m\libsupc++.a(eh_exception.o)
                0x00016944                typeinfo for __cxxabiv1::__foreign_exception
 *fill*         0x0001694c        0x4 00
 .rodata._ZTVSt13bad_exception
                0x00016950       0x18 z:/home/bobby/projects/robot-d5/resources/proteus/gcc/bin/../lib/gcc/arm-none-eabi/4.6.2/../../../../arm-none-eabi/lib/armv7e-m\libsupc++.a(eh_exception.o)
                0x00016950                vtable for std::bad_exception
 .rodata._ZTSSt9exception
                0x00016968       0x10 z:/home/bobby/projects/robot-d5/resources/proteus/gcc/bin/../lib/gcc/arm-none-eabi/4.6.2/../../../../arm-none-eabi/lib/armv7e-m\libsupc++.a(eh_exception.o)
                0x00016968                typeinfo name for std::exception
 .rodata._ZTSN10__cxxabiv115__forced_unwindE
                0x00016978       0x20 z:/home/bobby/projects/robot-d5/resources/proteus/gcc/bin/../lib/gcc/arm-none-eabi/4.6.2/../../../../arm-none-eabi/lib/armv7e-m\libsupc++.a(eh_exception.o)
                0x00016978                typeinfo name for __cxxabiv1::__forced_unwind
 .rodata._ZTISt13bad_exception
                0x00016998        0xc z:/home/bobby/projects/robot-d5/resources/proteus/gcc/bin/../lib/gcc/arm-none-eabi/4.6.2/../../../../arm-none-eabi/lib/armv7e-m\libsupc++.a(eh_exception.o)
                0x00016998                typeinfo for std::bad_exception
 .rodata._ZTIPv
                0x000169a4       0x10 z:/home/bobby/projects/robot-d5/resources/proteus/gcc/bin/../lib/gcc/arm-none-eabi/4.6.2/../../../../arm-none-eabi/lib/armv7e-m\libsupc++.a(fundamental_type_info.o)
                0x000169a4                typeinfo for void*
 .rodata._ZTIv  0x000169b4        0x8 z:/home/bobby/projects/robot-d5/resources/proteus/gcc/bin/../lib/gcc/arm-none-eabi/4.6.2/../../../../arm-none-eabi/lib/armv7e-m\libsupc++.a(fundamental_type_info.o)
                0x000169b4                typeinfo for void
 .rodata._ZTSPv
                0x000169bc        0x4 z:/home/bobby/projects/robot-d5/resources/proteus/gcc/bin/../lib/gcc/arm-none-eabi/4.6.2/../../../../arm-none-eabi/lib/armv7e-m\libsupc++.a(fundamental_type_info.o)
                0x000169bc                typeinfo name for void*
 .rodata._ZTSv  0x000169c0        0x4 z:/home/bobby/projects/robot-d5/resources/proteus/gcc/bin/../lib/gcc/arm-none-eabi/4.6.2/../../../../arm-none-eabi/lib/armv7e-m\libsupc++.a(fundamental_type_info.o)
                0x000169c0                typeinfo name for void
 .rodata._ZTIN10__cxxabiv123__fundamental_type_infoE
                0x000169c4        0xc z:/home/bobby/projects/robot-d5/resources/proteus/gcc/bin/../lib/gcc/arm-none-eabi/4.6.2/../../../../arm-none-eabi/lib/armv7e-m\libsupc++.a(fundamental_type_info.o)
                0x000169c4                typeinfo for __cxxabiv1::__fundamental_type_info
 .rodata._ZTSN10__cxxabiv123__fundamental_type_infoE
                0x000169d0       0x28 z:/home/bobby/projects/robot-d5/resources/proteus/gcc/bin/../lib/gcc/arm-none-eabi/4.6.2/../../../../arm-none-eabi/lib/armv7e-m\libsupc++.a(fundamental_type_info.o)
                0x000169d0                typeinfo name for __cxxabiv1::__fundamental_type_info
 .rodata._ZTVN10__cxxabiv123__fundamental_type_infoE
                0x000169f8       0x20 z:/home/bobby/projects/robot-d5/resources/proteus/gcc/bin/../lib/gcc/arm-none-eabi/4.6.2/../../../../arm-none-eabi/lib/armv7e-m\libsupc++.a(fundamental_type_info.o)
                0x000169f8                vtable for __cxxabiv1::__fundamental_type_info
 .rodata._ZTSN10__cxxabiv119__pointer_type_infoE
                0x00016a18       0x24 z:/home/bobby/projects/robot-d5/resources/proteus/gcc/bin/../lib/gcc/arm-none-eabi/4.6.2/../../../../arm-none-eabi/lib/armv7e-m\libsupc++.a(pointer_type_info.o)
                0x00016a18                typeinfo name for __cxxabiv1::__pointer_type_info
 .rodata._ZTIN10__cxxabiv119__pointer_type_infoE
                0x00016a3c        0xc z:/home/bobby/projects/robot-d5/resources/proteus/gcc/bin/../lib/gcc/arm-none-eabi/4.6.2/../../../../arm-none-eabi/lib/armv7e-m\libsupc++.a(pointer_type_info.o)
                0x00016a3c                typeinfo for __cxxabiv1::__pointer_type_info
 .rodata._ZTVN10__cxxabiv119__pointer_type_infoE
                0x00016a48       0x28 z:/home/bobby/projects/robot-d5/resources/proteus/gcc/bin/../lib/gcc/arm-none-eabi/4.6.2/../../../../arm-none-eabi/lib/armv7e-m\libsupc++.a(pointer_type_info.o)
                0x00016a48                vtable for __cxxabiv1::__pointer_type_info
 .rodata._ZTVN10__cxxabiv120__si_class_type_infoE
                0x00016a70       0x30 z:/home/bobby/projects/robot-d5/resources/proteus/gcc/bin/../lib/gcc/arm-none-eabi/4.6.2/../../../../arm-none-eabi/lib/armv7e-m\libsupc++.a(si_class_type_info.o)
                0x00016a70                vtable for __cxxabiv1::__si_class_type_info
 .rodata._ZTIN10__cxxabiv120__si_class_type_infoE
                0x00016aa0        0xc z:/home/bobby/projects/robot-d5/resources/proteus/gcc/bin/../lib/gcc/arm-none-eabi/4.6.2/../../../../arm-none-eabi/lib/armv7e-m\libsupc++.a(si_class_type_info.o)
                0x00016aa0                typeinfo for __cxxabiv1::__si_class_type_info
 .rodata._ZTSN10__cxxabiv120__si_class_type_infoE
                0x00016aac       0x28 z:/home/bobby/projects/robot-d5/resources/proteus/gcc/bin/../lib/gcc/arm-none-eabi/4.6.2/../../../../arm-none-eabi/lib/armv7e-m\libsupc++.a(si_class_type_info.o)
                0x00016aac                typeinfo name for __cxxabiv1::__si_class_type_info
 .rodata._ZTISt9type_info
                0x00016ad4        0x8 z:/home/bobby/projects/robot-d5/resources/proteus/gcc/bin/../lib/gcc/arm-none-eabi/4.6.2/../../../../arm-none-eabi/lib/armv7e-m\libsupc++.a(tinfo.o)
                0x00016ad4                typeinfo for std::type_info
 .rodata._ZTSSt9type_info
                0x00016adc       0x10 z:/home/bobby/projects/robot-d5/resources/proteus/gcc/bin/../lib/gcc/arm-none-eabi/4.6.2/../../../../arm-none-eabi/lib/armv7e-m\libsupc++.a(tinfo.o)
                0x00016adc                typeinfo name for std::type_info
 *fill*         0x00016aec        0x4 00
 .rodata._ZTVSt9type_info
                0x00016af0       0x20 z:/home/bobby/projects/robot-d5/resources/proteus/gcc/bin/../lib/gcc/arm-none-eabi/4.6.2/../../../../arm-none-eabi/lib/armv7e-m\libsupc++.a(tinfo.o)
                0x00016af0                vtable for std::type_info
 .rodata._ZTVSt10bad_typeid
                0x00016b10       0x18 z:/home/bobby/projects/robot-d5/resources/proteus/gcc/bin/../lib/gcc/arm-none-eabi/4.6.2/../../../../arm-none-eabi/lib/armv7e-m\libsupc++.a(bad_typeid.o)
                0x00016b10                vtable for std::bad_typeid
 .rodata._ZTISt10bad_typeid
                0x00016b28        0xc z:/home/bobby/projects/robot-d5/resources/proteus/gcc/bin/../lib/gcc/arm-none-eabi/4.6.2/../../../../arm-none-eabi/lib/armv7e-m\libsupc++.a(bad_typeid.o)
                0x00016b28                typeinfo for std::bad_typeid
 .rodata.str1.4
                0x00016b34       0x10 z:/home/bobby/projects/robot-d5/resources/proteus/gcc/bin/../lib/gcc/arm-none-eabi/4.6.2/../../../../arm-none-eabi/lib/armv7e-m\libsupc++.a(bad_typeid.o)
 .rodata._ZTSSt10bad_typeid
                0x00016b44       0x10 z:/home/bobby/projects/robot-d5/resources/proteus/gcc/bin/../lib/gcc/arm-none-eabi/4.6.2/../../../../arm-none-eabi/lib/armv7e-m\libsupc++.a(bad_typeid.o)
                0x00016b44                typeinfo name for std::bad_typeid
 .rodata._ZTIN10__cxxabiv117__pbase_type_infoE
                0x00016b54        0xc z:/home/bobby/projects/robot-d5/resources/proteus/gcc/bin/../lib/gcc/arm-none-eabi/4.6.2/../../../../arm-none-eabi/lib/armv7e-m\libsupc++.a(pbase_type_info.o)
                0x00016b54                typeinfo for __cxxabiv1::__pbase_type_info
 .rodata._ZTSN10__cxxabiv117__pbase_type_infoE
                0x00016b60       0x24 z:/home/bobby/projects/robot-d5/resources/proteus/gcc/bin/../lib/gcc/arm-none-eabi/4.6.2/../../../../arm-none-eabi/lib/armv7e-m\libsupc++.a(pbase_type_info.o)
                0x00016b60                typeinfo name for __cxxabiv1::__pbase_type_info
 *fill*         0x00016b84        0x4 00
 .rodata._ZTVN10__cxxabiv117__pbase_type_infoE
                0x00016b88       0x28 z:/home/bobby/projects/robot-d5/resources/proteus/gcc/bin/../lib/gcc/arm-none-eabi/4.6.2/../../../../arm-none-eabi/lib/armv7e-m\libsupc++.a(pbase_type_info.o)
                0x00016b88                vtable for __cxxabiv1::__pbase_type_info
 *(.glue_7)
 .glue_7        0x00000000        0x0 linker stubs
 *(.glue_7t)
 .glue_7t       0x00000000        0x0 linker stubs
 *(.eh_frame)
 *(.init)
 *(.fini)
                0x00016bb0                . = ALIGN (0x4)
                0x00016bb0                _etext = .

.vfp11_veneer   0x00016bb0        0x0
 .vfp11_veneer  0x00000000        0x0 linker stubs

.v4_bx          0x00016bb0        0x0
 .v4_bx         0x00000000        0x0 linker stubs

.ARM.extab      0x00016bb0      0x114
 *(.ARM.extab* .gnu.linkonce.armextab.*)
 .ARM.extab.text._ZNSt9bad_allocD2Ev
                0x00016bb0        0x0 ../resources/Proteus/EWL/lib/armv7e-m\librt.a(New.o)
 .ARM.extab.text._ZNKSt9bad_alloc4whatEv
                0x00016bb0        0x0 ../resources/Proteus/EWL/lib/armv7e-m\librt.a(New.o)
 .ARM.extab.text._Znwj
                0x00016bb0       0x20 ../resources/Proteus/EWL/lib/armv7e-m\librt.a(New.o)
 .ARM.extab.text._ZNSt9bad_allocD0Ev
                0x00016bd0        0x0 ../resources/Proteus/EWL/lib/armv7e-m\librt.a(New.o)
 .ARM.extab.text.__cxa_bad_typeid
                0x00016bd0        0xc z:/home/bobby/projects/robot-d5/resources/proteus/gcc/bin/../lib/gcc/arm-none-eabi/4.6.2/../../../../arm-none-eabi/lib/armv7e-m\libsupc++.a(eh_aux_runtime.o)
 .ARM.extab.text.__cxa_call_unexpected
                0x00016bdc       0x28 z:/home/bobby/projects/robot-d5/resources/proteus/gcc/bin/../lib/gcc/arm-none-eabi/4.6.2/../../../../arm-none-eabi/lib/armv7e-m\libsupc++.a(eh_call.o)
 .ARM.extab.text.__cxa_begin_catch
                0x00016c04       0x20 z:/home/bobby/projects/robot-d5/resources/proteus/gcc/bin/../lib/gcc/arm-none-eabi/4.6.2/../../../../arm-none-eabi/lib/armv7e-m\libsupc++.a(eh_catch.o)
 .ARM.extab.text._ZL21base_of_encoded_valuehP15_Unwind_Context
                0x00016c24        0xc z:/home/bobby/projects/robot-d5/resources/proteus/gcc/bin/../lib/gcc/arm-none-eabi/4.6.2/../../../../arm-none-eabi/lib/armv7e-m\libsupc++.a(eh_personality.o)
 .ARM.extab.text.__gxx_personality_v0
                0x00016c30       0x20 z:/home/bobby/projects/robot-d5/resources/proteus/gcc/bin/../lib/gcc/arm-none-eabi/4.6.2/../../../../arm-none-eabi/lib/armv7e-m\libsupc++.a(eh_personality.o)
 .ARM.extab.text._ZN10__cxxabiv111__terminateEPFvvE
                0x00016c50       0x2c z:/home/bobby/projects/robot-d5/resources/proteus/gcc/bin/../lib/gcc/arm-none-eabi/4.6.2/../../../../arm-none-eabi/lib/armv7e-m\libsupc++.a(eh_terminate.o)
 .ARM.extab.text._ZN10__cxxabiv112__unexpectedEPFvvE
                0x00016c7c        0xc z:/home/bobby/projects/robot-d5/resources/proteus/gcc/bin/../lib/gcc/arm-none-eabi/4.6.2/../../../../arm-none-eabi/lib/armv7e-m\libsupc++.a(eh_terminate.o)
 .ARM.extab.text._ZSt10unexpectedv
                0x00016c88        0xc z:/home/bobby/projects/robot-d5/resources/proteus/gcc/bin/../lib/gcc/arm-none-eabi/4.6.2/../../../../arm-none-eabi/lib/armv7e-m\libsupc++.a(eh_terminate.o)
 .ARM.extab.text._ZNK10__cxxabiv117__pbase_type_info15__pointer_catchEPKS0_PPvj
                0x00016c94        0x0 z:/home/bobby/projects/robot-d5/resources/proteus/gcc/bin/../lib/gcc/arm-none-eabi/4.6.2/../../../../arm-none-eabi/lib/armv7e-m\libsupc++.a(pbase_type_info.o)
 .ARM.extab     0x00016c94       0x18 z:/home/bobby/projects/robot-d5/resources/proteus/gcc/bin/../lib/gcc/arm-none-eabi/4.6.2/armv7e-m\libgcc.a(unwind-arm.o)
 .ARM.extab     0x00016cac       0x18 z:/home/bobby/projects/robot-d5/resources/proteus/gcc/bin/../lib/gcc/arm-none-eabi/4.6.2/armv7e-m\libgcc.a(pr-support.o)

.ARM            0x00016cc4      0x1f0
                0x00016cc4                __exidx_start = .
 *(.ARM.exidx*)
 .ARM.exidx.text._ZNSt9bad_allocD2Ev
                0x00016d84        0x0 ../resources/Proteus/EWL/lib/armv7e-m\librt.a(New.o)
                                  0x8 (size before relaxing)
 .ARM.exidx.text._ZNKSt9bad_alloc4whatEv
                0x00016d84        0x0 ../resources/Proteus/EWL/lib/armv7e-m\librt.a(New.o)
                                  0x8 (size before relaxing)
 .ARM.exidx.text._Znwj
                0x00016d84        0x8 ../resources/Proteus/EWL/lib/armv7e-m\librt.a(New.o)
 .ARM.exidx.text._ZdlPv
                0x00016d8c        0x8 ../resources/Proteus/EWL/lib/armv7e-m\librt.a(New.o)
 .ARM.exidx.text._ZNSt9bad_allocD0Ev
                0x00016d94        0x0 ../resources/Proteus/EWL/lib/armv7e-m\librt.a(New.o)
                                  0x8 (size before relaxing)
 .ARM.exidx.text._ZNK10__cxxabiv117__class_type_info11__do_upcastEPKS0_PPv
                0x00016d94        0x8 z:/home/bobby/projects/robot-d5/resources/proteus/gcc/bin/../lib/gcc/arm-none-eabi/4.6.2/../../../../arm-none-eabi/lib/armv7e-m\libsupc++.a(class_type_info.o)
 .ARM.exidx.text._ZNK10__cxxabiv117__class_type_info20__do_find_public_srcEiPKvPKS0_S2_
                0x00016d9c        0x8 z:/home/bobby/projects/robot-d5/resources/proteus/gcc/bin/../lib/gcc/arm-none-eabi/4.6.2/../../../../arm-none-eabi/lib/armv7e-m\libsupc++.a(class_type_info.o)
 .ARM.exidx.text._ZNK10__cxxabiv117__class_type_info11__do_upcastEPKS0_PKvRNS0_15__upcast_resultE
                0x00016da4        0x8 z:/home/bobby/projects/robot-d5/resources/proteus/gcc/bin/../lib/gcc/arm-none-eabi/4.6.2/../../../../arm-none-eabi/lib/armv7e-m\libsupc++.a(class_type_info.o)
 .ARM.exidx.text._ZN10__cxxabiv117__class_type_infoD2Ev
                0x00016dac        0x8 z:/home/bobby/projects/robot-d5/resources/proteus/gcc/bin/../lib/gcc/arm-none-eabi/4.6.2/../../../../arm-none-eabi/lib/armv7e-m\libsupc++.a(class_type_info.o)
 .ARM.exidx.text._ZN10__cxxabiv117__class_type_infoD0Ev
                0x00016db4        0x0 z:/home/bobby/projects/robot-d5/resources/proteus/gcc/bin/../lib/gcc/arm-none-eabi/4.6.2/../../../../arm-none-eabi/lib/armv7e-m\libsupc++.a(class_type_info.o)
                                  0x8 (size before relaxing)
 .ARM.exidx.text._ZNK10__cxxabiv117__class_type_info12__do_dyncastEiNS0_10__sub_kindEPKS0_PKvS3_S5_RNS0_16__dyncast_resultE
                0x00016db4        0x8 z:/home/bobby/projects/robot-d5/resources/proteus/gcc/bin/../lib/gcc/arm-none-eabi/4.6.2/../../../../arm-none-eabi/lib/armv7e-m\libsupc++.a(class_type_info.o)
 .ARM.exidx.text._ZNK10__cxxabiv117__class_type_info10__do_catchEPKSt9type_infoPPvj
                0x00016dbc        0x8 z:/home/bobby/projects/robot-d5/resources/proteus/gcc/bin/../lib/gcc/arm-none-eabi/4.6.2/../../../../arm-none-eabi/lib/armv7e-m\libsupc++.a(class_type_info.o)
 .ARM.exidx.text.__cxa_allocate_exception
                0x00016dc4        0x8 z:/home/bobby/projects/robot-d5/resources/proteus/gcc/bin/../lib/gcc/arm-none-eabi/4.6.2/../../../../arm-none-eabi/lib/armv7e-m\libsupc++.a(eh_alloc.o)
 .ARM.exidx.text.__cxa_free_exception
                0x00016dcc        0x0 z:/home/bobby/projects/robot-d5/resources/proteus/gcc/bin/../lib/gcc/arm-none-eabi/4.6.2/../../../../arm-none-eabi/lib/armv7e-m\libsupc++.a(eh_alloc.o)
                                  0x8 (size before relaxing)
 .ARM.exidx.text.__cxa_type_match
                0x00016dcc        0x8 z:/home/bobby/projects/robot-d5/resources/proteus/gcc/bin/../lib/gcc/arm-none-eabi/4.6.2/../../../../arm-none-eabi/lib/armv7e-m\libsupc++.a(eh_arm.o)
 .ARM.exidx.text.__cxa_begin_cleanup
                0x00016dd4        0x8 z:/home/bobby/projects/robot-d5/resources/proteus/gcc/bin/../lib/gcc/arm-none-eabi/4.6.2/../../../../arm-none-eabi/lib/armv7e-m\libsupc++.a(eh_arm.o)
 .ARM.exidx.text.__gnu_end_cleanup
                0x00016ddc        0x0 z:/home/bobby/projects/robot-d5/resources/proteus/gcc/bin/../lib/gcc/arm-none-eabi/4.6.2/../../../../arm-none-eabi/lib/armv7e-m\libsupc++.a(eh_arm.o)
                                  0x8 (size before relaxing)
 .ARM.exidx.text.__cxa_bad_typeid
                0x00016ddc        0x8 z:/home/bobby/projects/robot-d5/resources/proteus/gcc/bin/../lib/gcc/arm-none-eabi/4.6.2/../../../../arm-none-eabi/lib/armv7e-m\libsupc++.a(eh_aux_runtime.o)
 .ARM.exidx.text.__cxa_call_terminate
                0x00016de4        0x8 z:/home/bobby/projects/robot-d5/resources/proteus/gcc/bin/../lib/gcc/arm-none-eabi/4.6.2/../../../../arm-none-eabi/lib/armv7e-m\libsupc++.a(eh_call.o)
 .ARM.exidx.text.__cxa_call_unexpected
                0x00016dec        0x8 z:/home/bobby/projects/robot-d5/resources/proteus/gcc/bin/../lib/gcc/arm-none-eabi/4.6.2/../../../../arm-none-eabi/lib/armv7e-m\libsupc++.a(eh_call.o)
 .ARM.exidx.text.__cxa_begin_catch
                0x00016df4        0x8 z:/home/bobby/projects/robot-d5/resources/proteus/gcc/bin/../lib/gcc/arm-none-eabi/4.6.2/../../../../arm-none-eabi/lib/armv7e-m\libsupc++.a(eh_catch.o)
 .ARM.exidx.text.__cxa_end_catch
                0x00016dfc        0x8 z:/home/bobby/projects/robot-d5/resources/proteus/gcc/bin/../lib/gcc/arm-none-eabi/4.6.2/../../../../arm-none-eabi/lib/armv7e-m\libsupc++.a(eh_catch.o)
 .ARM.exidx.text._ZNSt9exceptionD2Ev
                0x00016e04        0x0 z:/home/bobby/projects/robot-d5/resources/proteus/gcc/bin/../lib/gcc/arm-none-eabi/4.6.2/../../../../arm-none-eabi/lib/armv7e-m\libsupc++.a(eh_exception.o)
                                  0x8 (size before relaxing)
 .ARM.exidx.text._ZNSt13bad_exceptionD2Ev
                0x00016e04        0x0 z:/home/bobby/projects/robot-d5/resources/proteus/gcc/bin/../lib/gcc/arm-none-eabi/4.6.2/../../../../arm-none-eabi/lib/armv7e-m\libsupc++.a(eh_exception.o)
                                  0x8 (size before relaxing)
 .ARM.exidx.text._ZNKSt9exception4whatEv
                0x00016e04        0x0 z:/home/bobby/projects/robot-d5/resources/proteus/gcc/bin/../lib/gcc/arm-none-eabi/4.6.2/../../../../arm-none-eabi/lib/armv7e-m\libsupc++.a(eh_exception.o)
                                  0x8 (size before relaxing)
 .ARM.exidx.text._ZNKSt13bad_exception4whatEv
                0x00016e04        0x0 z:/home/bobby/projects/robot-d5/resources/proteus/gcc/bin/../lib/gcc/arm-none-eabi/4.6.2/../../../../arm-none-eabi/lib/armv7e-m\libsupc++.a(eh_exception.o)
                                  0x8 (size before relaxing)
 .ARM.exidx.text._ZNSt13bad_exceptionD0Ev
                0x00016e04        0x0 z:/home/bobby/projects/robot-d5/resources/proteus/gcc/bin/../lib/gcc/arm-none-eabi/4.6.2/../../../../arm-none-eabi/lib/armv7e-m\libsupc++.a(eh_exception.o)
                                  0x8 (size before relaxing)
 .ARM.exidx.text._ZNSt9exceptionD0Ev
                0x00016e04        0x0 z:/home/bobby/projects/robot-d5/resources/proteus/gcc/bin/../lib/gcc/arm-none-eabi/4.6.2/../../../../arm-none-eabi/lib/armv7e-m\libsupc++.a(eh_exception.o)
                                  0x8 (size before relaxing)
 .ARM.exidx.text.__cxa_get_globals_fast
                0x00016e04        0x0 z:/home/bobby/projects/robot-d5/resources/proteus/gcc/bin/../lib/gcc/arm-none-eabi/4.6.2/../../../../arm-none-eabi/lib/armv7e-m\libsupc++.a(eh_globals.o)
                                  0x8 (size before relaxing)
 .ARM.exidx.text.__cxa_get_globals
                0x00016e04        0x0 z:/home/bobby/projects/robot-d5/resources/proteus/gcc/bin/../lib/gcc/arm-none-eabi/4.6.2/../../../../arm-none-eabi/lib/armv7e-m\libsupc++.a(eh_globals.o)
                                  0x8 (size before relaxing)
 .ARM.exidx.text._ZL12read_sleb128PKhPl
                0x00016e04        0x0 z:/home/bobby/projects/robot-d5/resources/proteus/gcc/bin/../lib/gcc/arm-none-eabi/4.6.2/../../../../arm-none-eabi/lib/armv7e-m\libsupc++.a(eh_personality.o)
                                  0x8 (size before relaxing)
 .ARM.exidx.text._ZL28read_encoded_value_with_basehjPKhPj
                0x00016e04        0x8 z:/home/bobby/projects/robot-d5/resources/proteus/gcc/bin/../lib/gcc/arm-none-eabi/4.6.2/../../../../arm-none-eabi/lib/armv7e-m\libsupc++.a(eh_personality.o)
 .ARM.exidx.text._ZL21base_of_encoded_valuehP15_Unwind_Context
                0x00016e0c        0x8 z:/home/bobby/projects/robot-d5/resources/proteus/gcc/bin/../lib/gcc/arm-none-eabi/4.6.2/../../../../arm-none-eabi/lib/armv7e-m\libsupc++.a(eh_personality.o)
 .ARM.exidx.text._ZL17parse_lsda_headerP15_Unwind_ContextPKhP16lsda_header_info.constprop.1
                0x00016e14        0x8 z:/home/bobby/projects/robot-d5/resources/proteus/gcc/bin/../lib/gcc/arm-none-eabi/4.6.2/../../../../arm-none-eabi/lib/armv7e-m\libsupc++.a(eh_personality.o)
 .ARM.exidx.text.__gxx_personality_v0
                0x00016e1c        0x8 z:/home/bobby/projects/robot-d5/resources/proteus/gcc/bin/../lib/gcc/arm-none-eabi/4.6.2/../../../../arm-none-eabi/lib/armv7e-m\libsupc++.a(eh_personality.o)
 .ARM.exidx.text._ZN10__cxxabiv111__terminateEPFvvE
                0x00016e24        0x8 z:/home/bobby/projects/robot-d5/resources/proteus/gcc/bin/../lib/gcc/arm-none-eabi/4.6.2/../../../../arm-none-eabi/lib/armv7e-m\libsupc++.a(eh_terminate.o)
 .ARM.exidx.text._ZSt9terminatev
                0x00016e2c        0x8 z:/home/bobby/projects/robot-d5/resources/proteus/gcc/bin/../lib/gcc/arm-none-eabi/4.6.2/../../../../arm-none-eabi/lib/armv7e-m\libsupc++.a(eh_terminate.o)
 .ARM.exidx.text._ZN10__cxxabiv112__unexpectedEPFvvE
                0x00016e34        0x8 z:/home/bobby/projects/robot-d5/resources/proteus/gcc/bin/../lib/gcc/arm-none-eabi/4.6.2/../../../../arm-none-eabi/lib/armv7e-m\libsupc++.a(eh_terminate.o)
 .ARM.exidx.text._ZSt10unexpectedv
                0x00016e3c        0x8 z:/home/bobby/projects/robot-d5/resources/proteus/gcc/bin/../lib/gcc/arm-none-eabi/4.6.2/../../../../arm-none-eabi/lib/armv7e-m\libsupc++.a(eh_terminate.o)
 .ARM.exidx.text._ZL23__gxx_exception_cleanup19_Unwind_Reason_CodeP21_Unwind_Control_Block
                0x00016e44        0x8 z:/home/bobby/projects/robot-d5/resources/proteus/gcc/bin/../lib/gcc/arm-none-eabi/4.6.2/../../../../arm-none-eabi/lib/armv7e-m\libsupc++.a(eh_throw.o)
 .ARM.exidx.text.__cxa_throw
                0x00016e4c        0x8 z:/home/bobby/projects/robot-d5/resources/proteus/gcc/bin/../lib/gcc/arm-none-eabi/4.6.2/../../../../arm-none-eabi/lib/armv7e-m\libsupc++.a(eh_throw.o)
 .ARM.exidx.text.__cxa_rethrow
                0x00016e54        0x8 z:/home/bobby/projects/robot-d5/resources/proteus/gcc/bin/../lib/gcc/arm-none-eabi/4.6.2/../../../../arm-none-eabi/lib/armv7e-m\libsupc++.a(eh_throw.o)
 .ARM.exidx.text._ZN10__cxxabiv123__fundamental_type_infoD2Ev
                0x00016e5c        0x0 z:/home/bobby/projects/robot-d5/resources/proteus/gcc/bin/../lib/gcc/arm-none-eabi/4.6.2/../../../../arm-none-eabi/lib/armv7e-m\libsupc++.a(fundamental_type_info.o)
                                  0x8 (size before relaxing)
 .ARM.exidx.text._ZN10__cxxabiv123__fundamental_type_infoD0Ev
                0x00016e5c        0x0 z:/home/bobby/projects/robot-d5/resources/proteus/gcc/bin/../lib/gcc/arm-none-eabi/4.6.2/../../../../arm-none-eabi/lib/armv7e-m\libsupc++.a(fundamental_type_info.o)
                                  0x8 (size before relaxing)
 .ARM.exidx.text._ZNK10__cxxabiv119__pointer_type_info14__is_pointer_pEv
                0x00016e5c        0x8 z:/home/bobby/projects/robot-d5/resources/proteus/gcc/bin/../lib/gcc/arm-none-eabi/4.6.2/../../../../arm-none-eabi/lib/armv7e-m\libsupc++.a(pointer_type_info.o)
 .ARM.exidx.text._ZN10__cxxabiv119__pointer_type_infoD2Ev
                0x00016e64        0x8 z:/home/bobby/projects/robot-d5/resources/proteus/gcc/bin/../lib/gcc/arm-none-eabi/4.6.2/../../../../arm-none-eabi/lib/armv7e-m\libsupc++.a(pointer_type_info.o)
 .ARM.exidx.text._ZN10__cxxabiv119__pointer_type_infoD0Ev
                0x00016e6c        0x0 z:/home/bobby/projects/robot-d5/resources/proteus/gcc/bin/../lib/gcc/arm-none-eabi/4.6.2/../../../../arm-none-eabi/lib/armv7e-m\libsupc++.a(pointer_type_info.o)
                                  0x8 (size before relaxing)
 .ARM.exidx.text._ZNK10__cxxabiv119__pointer_type_info15__pointer_catchEPKNS_17__pbase_type_infoEPPvj
                0x00016e6c        0x8 z:/home/bobby/projects/robot-d5/resources/proteus/gcc/bin/../lib/gcc/arm-none-eabi/4.6.2/../../../../arm-none-eabi/lib/armv7e-m\libsupc++.a(pointer_type_info.o)
 .ARM.exidx.text._ZN10__cxxabiv120__si_class_type_infoD2Ev
                0x00016e74        0x8 z:/home/bobby/projects/robot-d5/resources/proteus/gcc/bin/../lib/gcc/arm-none-eabi/4.6.2/../../../../arm-none-eabi/lib/armv7e-m\libsupc++.a(si_class_type_info.o)
 .ARM.exidx.text._ZN10__cxxabiv120__si_class_type_infoD0Ev
                0x00016e7c        0x0 z:/home/bobby/projects/robot-d5/resources/proteus/gcc/bin/../lib/gcc/arm-none-eabi/4.6.2/../../../../arm-none-eabi/lib/armv7e-m\libsupc++.a(si_class_type_info.o)
                                  0x8 (size before relaxing)
 .ARM.exidx.text._ZNK10__cxxabiv120__si_class_type_info11__do_upcastEPKNS_17__class_type_infoEPKvRNS1_15__upcast_resultE
                0x00016e7c        0x8 z:/home/bobby/projects/robot-d5/resources/proteus/gcc/bin/../lib/gcc/arm-none-eabi/4.6.2/../../../../arm-none-eabi/lib/armv7e-m\libsupc++.a(si_class_type_info.o)
 .ARM.exidx.text._ZNK10__cxxabiv120__si_class_type_info12__do_dyncastEiNS_17__class_type_info10__sub_kindEPKS1_PKvS4_S6_RNS1_16__dyncast_resultE
                0x00016e84        0x8 z:/home/bobby/projects/robot-d5/resources/proteus/gcc/bin/../lib/gcc/arm-none-eabi/4.6.2/../../../../arm-none-eabi/lib/armv7e-m\libsupc++.a(si_class_type_info.o)
 .ARM.exidx.text._ZNK10__cxxabiv120__si_class_type_info20__do_find_public_srcEiPKvPKNS_17__class_type_infoES2_
                0x00016e8c        0x8 z:/home/bobby/projects/robot-d5/resources/proteus/gcc/bin/../lib/gcc/arm-none-eabi/4.6.2/../../../../arm-none-eabi/lib/armv7e-m\libsupc++.a(si_class_type_info.o)
 .ARM.exidx.text._ZNSt9type_infoD2Ev
                0x00016e94        0x8 z:/home/bobby/projects/robot-d5/resources/proteus/gcc/bin/../lib/gcc/arm-none-eabi/4.6.2/../../../../arm-none-eabi/lib/armv7e-m\libsupc++.a(tinfo.o)
 .ARM.exidx.text._ZNKSt9type_info14__is_pointer_pEv
                0x00016e9c        0x0 z:/home/bobby/projects/robot-d5/resources/proteus/gcc/bin/../lib/gcc/arm-none-eabi/4.6.2/../../../../arm-none-eabi/lib/armv7e-m\libsupc++.a(tinfo.o)
                                  0x8 (size before relaxing)
 .ARM.exidx.text._ZNKSt9type_info15__is_function_pEv
                0x00016e9c        0x0 z:/home/bobby/projects/robot-d5/resources/proteus/gcc/bin/../lib/gcc/arm-none-eabi/4.6.2/../../../../arm-none-eabi/lib/armv7e-m\libsupc++.a(tinfo.o)
                                  0x8 (size before relaxing)
 .ARM.exidx.text._ZNKSt9type_info11__do_upcastEPKN10__cxxabiv117__class_type_infoEPPv
                0x00016e9c        0x0 z:/home/bobby/projects/robot-d5/resources/proteus/gcc/bin/../lib/gcc/arm-none-eabi/4.6.2/../../../../arm-none-eabi/lib/armv7e-m\libsupc++.a(tinfo.o)
                                  0x8 (size before relaxing)
 .ARM.exidx.text._ZNSt9type_infoD0Ev
                0x00016e9c        0x0 z:/home/bobby/projects/robot-d5/resources/proteus/gcc/bin/../lib/gcc/arm-none-eabi/4.6.2/../../../../arm-none-eabi/lib/armv7e-m\libsupc++.a(tinfo.o)
                                  0x8 (size before relaxing)
 .ARM.exidx.text._ZNKSt9type_infoeqERKS_
                0x00016e9c        0x0 z:/home/bobby/projects/robot-d5/resources/proteus/gcc/bin/../lib/gcc/arm-none-eabi/4.6.2/../../../../arm-none-eabi/lib/armv7e-m\libsupc++.a(tinfo.o)
                                  0x8 (size before relaxing)
 .ARM.exidx.text._ZNKSt9type_info10__do_catchEPKS_PPvj
                0x00016e9c        0x0 z:/home/bobby/projects/robot-d5/resources/proteus/gcc/bin/../lib/gcc/arm-none-eabi/4.6.2/../../../../arm-none-eabi/lib/armv7e-m\libsupc++.a(tinfo.o)
                                  0x8 (size before relaxing)
 .ARM.exidx.text._ZNKSt10bad_typeid4whatEv
                0x00016e9c        0x0 z:/home/bobby/projects/robot-d5/resources/proteus/gcc/bin/../lib/gcc/arm-none-eabi/4.6.2/../../../../arm-none-eabi/lib/armv7e-m\libsupc++.a(bad_typeid.o)
                                  0x8 (size before relaxing)
 .ARM.exidx.text._ZNSt10bad_typeidD2Ev
                0x00016e9c        0x0 z:/home/bobby/projects/robot-d5/resources/proteus/gcc/bin/../lib/gcc/arm-none-eabi/4.6.2/../../../../arm-none-eabi/lib/armv7e-m\libsupc++.a(bad_typeid.o)
                                  0x8 (size before relaxing)
 .ARM.exidx.text._ZNSt10bad_typeidD0Ev
                0x00016e9c        0x0 z:/home/bobby/projects/robot-d5/resources/proteus/gcc/bin/../lib/gcc/arm-none-eabi/4.6.2/../../../../arm-none-eabi/lib/armv7e-m\libsupc++.a(bad_typeid.o)
                                  0x8 (size before relaxing)
 .ARM.exidx.text._ZNK10__cxxabiv117__pbase_type_info15__pointer_catchEPKS0_PPvj
                0x00016e9c        0x8 z:/home/bobby/projects/robot-d5/resources/proteus/gcc/bin/../lib/gcc/arm-none-eabi/4.6.2/../../../../arm-none-eabi/lib/armv7e-m\libsupc++.a(pbase_type_info.o)
 .ARM.exidx.text._ZN10__cxxabiv117__pbase_type_infoD2Ev
                0x00016ea4        0x0 z:/home/bobby/projects/robot-d5/resources/proteus/gcc/bin/../lib/gcc/arm-none-eabi/4.6.2/../../../../arm-none-eabi/lib/armv7e-m\libsupc++.a(pbase_type_info.o)
                                  0x8 (size before relaxing)
 .ARM.exidx.text._ZN10__cxxabiv117__pbase_type_infoD0Ev
                0x00016ea4        0x0 z:/home/bobby/projects/robot-d5/resources/proteus/gcc/bin/../lib/gcc/arm-none-eabi/4.6.2/../../../../arm-none-eabi/lib/armv7e-m\libsupc++.a(pbase_type_info.o)
                                  0x8 (size before relaxing)
 .ARM.exidx.text._ZNK10__cxxabiv117__pbase_type_info10__do_catchEPKSt9type_infoPPvj
                0x00016ea4       0x10 z:/home/bobby/projects/robot-d5/resources/proteus/gcc/bin/../lib/gcc/arm-none-eabi/4.6.2/../../../../arm-none-eabi/lib/armv7e-m\libsupc++.a(pbase_type_info.o)