Archive member included because of file (symbol)

../resources/Proteus/EWL/lib/armv7e-m\libc.a(sprintf.o)
                              Libraries/FEHLCD.o (sprintf)
../resources/Proteus/EWL/lib/armv7e-m\libc.a(vsnprintf.o)
                              ../resources/Proteus/EWL/lib/armv7e-m\libc.a(sprintf.o) (vsnprintf)
../resources/Proteus/EWL/lib/armv7e-m\libc.a(exit.o)
                              Startup/__arm_start.o (exit)
../resources/Proteus/EWL/lib/armv7e-m\libc.a(memcpy.o)
                              ../resources/Proteus/EWL/lib/armv7e-m\libc.a(vsnprintf.o) (memcpy)
../resources/Proteus/EWL/lib/armv7e-m\libc.a(memset.o)
                              Startup/__arm_start.o (memset)
../resources/Proteus/EWL/lib/armv7e-m\libc.a(printformat_.o)
                              (__pformatter_)
../resources/Proteus/EWL/lib/armv7e-m\libc.a(scanformat_.o)
                              (__sformatter)
../resources/Proteus/EWL/lib/armv7e-m\libc.a(ctype_aeabi.o)
                              ../resources/Proteus/EWL/lib/armv7e-m\libc.a(scanformat_.o) (isspace)
../resources/Proteus/EWL/lib/armv7e-m\libc.a(__strtoul.o)
                              ../resources/Proteus/EWL/lib/armv7e-m\libc.a(scanformat_.o) (__strtoul)
../resources/Proteus/EWL/lib/armv7e-m\libc.a(__filll_mem.o)
                              ../resources/Proteus/EWL/lib/armv7e-m\libc.a(memset.o) (__fill_mem)
../resources/Proteus/EWL/lib/armv7e-m\libc.a(memchr.o)
                              ../resources/Proteus/EWL/lib/armv7e-m\libc.a(printformat_.o) (memchr)
../resources/Proteus/EWL/lib/armv7e-m\libc.a(strchr.o)
                              ../resources/Proteus/EWL/lib/armv7e-m\libc.a(printformat_.o) (strchr)
../resources/Proteus/EWL/lib/armv7e-m\libc.a(strlen.o)
                              ../resources/Proteus/EWL/lib/armv7e-m\libc.a(printformat_.o) (strlen)
z:/home/bobby/projects/robot-d5/resources/proteus/gcc/bin/../lib/gcc/arm-none-eabi/4.6.2/armv7e-m\libgcc.a(_arm_addsubdf3.o)
                              ../src/movement.o (__aeabi_dsub)
z:/home/bobby/projects/robot-d5/resources/proteus/gcc/bin/../lib/gcc/arm-none-eabi/4.6.2/armv7e-m\libgcc.a(_arm_muldivdf3.o)
                              ../src/movement.o (__aeabi_dmul)
z:/home/bobby/projects/robot-d5/resources/proteus/gcc/bin/../lib/gcc/arm-none-eabi/4.6.2/armv7e-m\libgcc.a(_arm_cmpdf2.o)
                              ../src/movement.o (__aeabi_dcmplt)
z:/home/bobby/projects/robot-d5/resources/proteus/gcc/bin/../lib/gcc/arm-none-eabi/4.6.2/armv7e-m\libgcc.a(_arm_fixdfsi.o)
                              ../src/movement.o (__aeabi_d2iz)
z:/home/bobby/projects/robot-d5/resources/proteus/gcc/bin/../lib/gcc/arm-none-eabi/4.6.2/armv7e-m\libgcc.a(_arm_fixunsdfsi.o)
                              Libraries/FEHUtility.o (__aeabi_d2uiz)
z:/home/bobby/projects/robot-d5/resources/proteus/gcc/bin/../lib/gcc/arm-none-eabi/4.6.2/armv7e-m\libgcc.a(_arm_truncdfsf2.o)
                              ../src/movement.o (__aeabi_d2f)
z:/home/bobby/projects/robot-d5/resources/proteus/gcc/bin/../lib/gcc/arm-none-eabi/4.6.2/armv7e-m\libgcc.a(_arm_addsubsf3.o)
                              ../src/movement.o (__aeabi_fsub)
z:/home/bobby/projects/robot-d5/resources/proteus/gcc/bin/../lib/gcc/arm-none-eabi/4.6.2/armv7e-m\libgcc.a(_arm_muldivsf3.o)
                              Drivers/mcg.o (__aeabi_fmul)
z:/home/bobby/projects/robot-d5/resources/proteus/gcc/bin/../lib/gcc/arm-none-eabi/4.6.2/armv7e-m\libgcc.a(_arm_cmpsf2.o)
                              ../src/movement.o (__aeabi_fcmpeq)
z:/home/bobby/projects/robot-d5/resources/proteus/gcc/bin/../lib/gcc/arm-none-eabi/4.6.2/armv7e-m\libgcc.a(_arm_fixsfsi.o)
                              Libraries/FEHLCD.o (__aeabi_f2iz)
z:/home/bobby/projects/robot-d5/resources/proteus/gcc/bin/../lib/gcc/arm-none-eabi/4.6.2/armv7e-m\libgcc.a(_arm_fixunssfsi.o)
                              Drivers/mcg.o (__aeabi_f2uiz)
../resources/Proteus/EWL/lib/armv7e-m\librt.a(gcc_ctor_dtor.o)
                              Startup/__arm_start.o (__init_cpp)
../resources/Proteus/EWL/lib/armv7e-m\librt.a(ROMCopy.o)
                              Startup/__arm_start.o (__copy_rom_sections_to_ram)
../resources/Proteus/EWL/lib/armv7e-m\librt.a(__arm_eabi_init.o)
                              ../resources/Proteus/EWL/lib/armv7e-m\libc.a(exit.o) (__destroy_global_chain)
../resources/Proteus/EWL/lib/armv7e-m\librt.a(New.o)
                              Libraries/FEHIO.o (operator new(unsigned int))
z:/home/bobby/projects/robot-d5/resources/proteus/gcc/bin/../lib/gcc/arm-none-eabi/4.6.2/../../../../arm-none-eabi/lib/armv7e-m\libsupc++.a(class_type_info.o)
                              ../resources/Proteus/EWL/lib/armv7e-m\librt.a(New.o) (vtable for __cxxabiv1::__class_type_info)
z:/home/bobby/projects/robot-d5/resources/proteus/gcc/bin/../lib/gcc/arm-none-eabi/4.6.2/../../../../arm-none-eabi/lib/armv7e-m\libsupc++.a(eh_alloc.o)
[...]
Memory Configuration

Name             Origin             Length             Attributes
m_interrupts     0x0000c000         0x00000400         xr
m_cfmprotrom     0x0000c400         0x00000010         xr
m_text           0x0000c410         0x00073bf0         xr
m_data           0x1fff0400         0x0000fc00         xrw
m_data2          0x20000000         0x00010000         xrw
*default*        0x00000000         0xffffffff

Linker script and memory map

LOAD ../src/main.o
LOAD ../src/movement.o
LOAD ../src/logging.o
LOAD Startup/__arm_start.o
LOAD Startup/__arm_end.o
LOAD Startup/kinetis_sysinit.o
LOAD Libraries/FEHMotor.o
LOAD Drivers/mcg.o
LOAD Drivers/uart.o
LOAD Drivers/lptmr.o
LOAD FEHProteus.o
LOAD Drivers/FEHPropeller.o
LOAD Libraries/FEHUtility.o
LOAD Libraries/FEHIO.o
LOAD Drivers/adc16.o
LOAD Libraries/FEHBuzzer.o
LOAD Libraries/FEHServo.o
LOAD Libraries/FEHLCD.o
LOAD Libraries/FEHBattery.o
LOAD Drivers/FEHXBee.o
LOAD Libraries/FEHWONKA.o
                0x00013ed8                __pformatter = __pformatter_
                [0x000142d0]                __sformatter = __sformatter
LOAD ../resources/Proteus/EWL/lib/armv7e-m\libstdc++.a
LOAD ../resources/Proteus/EWL/lib/armv7e-m\libm.a
START GROUP
LOAD ../resources/Proteus/EWL/lib/armv7e-m\libc.a
LOAD ../resources/Proteus/EWL/lib/armv7e-m\libc++.a
LOAD ../resources/Proteus/EWL/lib/armv7e-m\libm.a
LOAD z:/home/bobby/projects/robot-d5/resources/proteus/gcc/bin/../lib/gcc/arm-none-eabi/4.6.2/armv7e-m\libgcc.a
LOAD ../resources/Proteus/EWL/lib/armv7e-m\librt.a
LOAD z:/home/bobby/projects/robot-d5/resources/proteus/gcc/bin/../lib/gcc/arm-none-eabi/4.6.2/../../../../arm-none-eabi/lib/armv7e-m\libsupc++.a
END GROUP
                0x20000000                _estack = 0x20000000
                0x20000000                __SP_INIT = _estack
                0x00000800                __heap_size = 0x800
                0x00000800                __stack_size = 0x800

.interrupts     0x0000c000      0x1e0
                0x0000c000                __vector_table = .
                0x0000c000                . = ALIGN (0x4)
 *(.vectortable)
 .vectortable   0x0000c000      0x1e0 Startup/kinetis_sysinit.o
                0x0000c1e0                . = ALIGN (0x4)

.cfmprotect     0x0000c400        0x0
                0x0000c400                . = ALIGN (0x4)
 *(.cfmconfig)
                0x0000c400                . = ALIGN (0x4)

.text           0x0000c410     0xa588
                0x0000c410                . = ALIGN (0x4)
 *(.text)
 .text          0x0000c410      0x370 z:/home/bobby/projects/robot-d5/resources/proteus/gcc/bin/../lib/gcc/arm-none-eabi/4.6.2/armv7e-m\libgcc.a(_arm_addsubdf3.o)
                0x0000c410                __aeabi_drsub
                0x0000c418                __aeabi_dsub
                0x0000c418                __subdf3
                0x0000c41c                __adddf3
                0x0000c41c                __aeabi_dadd
                0x0000c694                __aeabi_ui2d
                0x0000c694                __floatunsidf
                0x0000c6b4                __floatsidf
                0x0000c6b4                __aeabi_i2d
                0x0000c6d8                __extendsfdf2
                0x0000c6d8                __aeabi_f2d
                0x0000c714                __aeabi_ul2d
                0x0000c714                __floatundidf
                0x0000c724                __floatdidf
                0x0000c724                __aeabi_l2d
 .text          0x0000c780      0x424 z:/home/bobby/projects/robot-d5/resources/proteus/gcc/bin/../lib/gcc/arm-none-eabi/4.6.2/armv7e-m\libgcc.a(_arm_muldivdf3.o)
                0x0000c780                __aeabi_dmul
                0x0000c780                __muldf3
                0x0000c9d4                __aeabi_ddiv
                0x0000c9d4                __divdf3
 .text          0x0000cba4      0x110 z:/home/bobby/projects/robot-d5/resources/proteus/gcc/bin/../lib/gcc/arm-none-eabi/4.6.2/armv7e-m\libgcc.a(_arm_cmpdf2.o)
                0x0000cba4                __gtdf2
                0x0000cba4                __gedf2
                0x0000cbac                __ltdf2
                0x0000cbac                __ledf2
                0x0000cbb4                __cmpdf2
                0x0000cbb4                __eqdf2
                0x0000cbb4                __nedf2
                0x0000cc30                __aeabi_cdrcmple
                0x0000cc40                __aeabi_cdcmple
                0x0000cc40                __aeabi_cdcmpeq
                0x0000cc50                __aeabi_dcmpeq
                0x0000cc64                __aeabi_dcmplt
                0x0000cc78                __aeabi_dcmple
                0x0000cc8c                __aeabi_dcmpge
                0x0000cca0                __aeabi_dcmpgt
 .text          0x0000ccb4       0x50 z:/home/bobby/projects/robot-d5/resources/proteus/gcc/bin/../lib/gcc/arm-none-eabi/4.6.2/armv7e-m\libgcc.a(_arm_fixdfsi.o)
                0x0000ccb4                __fixdfsi
                0x0000ccb4                __aeabi_d2iz
 .text          0x0000cd04       0xa0 z:/home/bobby/projects/robot-d5/resources/proteus/gcc/bin/../lib/gcc/arm-none-eabi/4.6.2/armv7e-m\libgcc.a(_arm_truncdfsf2.o)
                0x0000cd04                __aeabi_d2f
                0x0000cd04                __truncdfsf2
 .text          0x0000cda4      0x21c z:/home/bobby/projects/robot-d5/resources/proteus/gcc/bin/../lib/gcc/arm-none-eabi/4.6.2/armv7e-m\libgcc.a(_arm_addsubsf3.o)
                0x0000cda4                __aeabi_frsub
                0x0000cdac                __subsf3
                0x0000cdac                __aeabi_fsub
                0x0000cdb0                __aeabi_fadd
                0x0000cdb0                __addsf3
                0x0000cf10                __aeabi_ui2f
                0x0000cf10                __floatunsisf
                0x0000cf18                __aeabi_i2f
                0x0000cf18                __floatsisf
                0x0000cf34                __floatundisf
                0x0000cf34                __aeabi_ul2f
                0x0000cf44                __floatdisf
                0x0000cf44                __aeabi_l2f
 .text          0x0000cfc0      0x2a0 z:/home/bobby/projects/robot-d5/resources/proteus/gcc/bin/../lib/gcc/arm-none-eabi/4.6.2/armv7e-m\libgcc.a(_arm_muldivsf3.o)
                0x0000cfc0                __mulsf3
                0x0000cfc0                __aeabi_fmul
                0x0000d128                __divsf3
                0x0000d128                __aeabi_fdiv
 .text          0x0000d260       0xec z:/home/bobby/projects/robot-d5/resources/proteus/gcc/bin/../lib/gcc/arm-none-eabi/4.6.2/armv7e-m\libgcc.a(_arm_cmpsf2.o)
                0x0000d260                __gtsf2
                0x0000d260                __gesf2
                0x0000d268                __lesf2
                0x0000d268                __ltsf2
                0x0000d270                __nesf2
                0x0000d270                __eqsf2
                0x0000d270                __cmpsf2
                0x0000d2d0                __aeabi_cfrcmple
                0x0000d2d8                __aeabi_cfcmple
                0x0000d2d8                __aeabi_cfcmpeq
                0x0000d2e8                __aeabi_fcmpeq
                0x0000d2fc                __aeabi_fcmplt
                0x0000d310                __aeabi_fcmple
                0x0000d324                __aeabi_fcmpge
                0x0000d338                __aeabi_fcmpgt
 .text          0x0000d34c       0x4c z:/home/bobby/projects/robot-d5/resources/proteus/gcc/bin/../lib/gcc/arm-none-eabi/4.6.2/armv7e-m\libgcc.a(_arm_fixsfsi.o)
                0x0000d34c                __fixsfsi
                0x0000d34c                __aeabi_f2iz
 .text          0x0000d398      0xb54 z:/home/bobby/projects/robot-d5/resources/proteus/gcc/bin/../lib/gcc/arm-none-eabi/4.6.2/armv7e-m\libgcc.a(unwind-arm.o)
                0x0000d640                _Unwind_VRS_Get
                0x0000d680                _Unwind_VRS_Set
                0x0000d9e0                __aeabi_unwind_cpp_pr2
                0x0000d9e4                __aeabi_unwind_cpp_pr1
                0x0000d9e8                __aeabi_unwind_cpp_pr0
                0x0000d9ec                _Unwind_VRS_Pop
                0x0000dda0                _Unwind_GetCFA
                0x0000dda4                __gnu_Unwind_RaiseException
                0x0000de04                __gnu_Unwind_ForcedUnwind
                0x0000de18                __gnu_Unwind_Resume
                0x0000de54                __gnu_Unwind_Resume_or_Rethrow
                0x0000de64                _Unwind_Complete
                0x0000de68                _Unwind_DeleteException
                0x0000de78                __gnu_Unwind_Backtrace
 .text          0x0000deec      0x1ac z:/home/bobby/projects/robot-d5/resources/proteus/gcc/bin/../lib/gcc/arm-none-eabi/4.6.2/armv7e-m\libgcc.a(libunwind.o)
                0x0000deec                __restore_core_regs
                0x0000deec                restore_core_regs
                0x0000df04                __gnu_Unwind_Restore_VFP
                0x0000df0c                __gnu_Unwind_Save_VFP
                0x0000df14                __gnu_Unwind_Restore_VFP_D
                0x0000df1c                __gnu_Unwind_Save_VFP_D
                0x0000df24                __gnu_Unwind_Restore_VFP_D_16_to_31
                0x0000df2c                __gnu_Unwind_Save_VFP_D_16_to_31
                0x0000df34                __gnu_Unwind_Restore_WMMXD
                0x0000df78                __gnu_Unwind_Save_WMMXD
                0x0000dfbc                __gnu_Unwind_Restore_WMMXC
                0x0000dfd0                __gnu_Unwind_Save_WMMXC
                0x0000dfe4                ___Unwind_RaiseException
                0x0000dfe4                _Unwind_RaiseException
                0x0000e008                ___Unwind_Resume
                0x0000e008                _Unwind_Resume
                0x0000e02c                _Unwind_Resume_or_Rethrow
                0x0000e02c                ___Unwind_Resume_or_Rethrow
                0x0000e050                ___Unwind_ForcedUnwind
                0x0000e050                _Unwind_ForcedUnwind
                0x0000e074                _Unwind_Backtrace
                0x0000e074                ___Unwind_Backtrace
 .text          0x0000e098      0x374 z:/home/bobby/projects/robot-d5/resources/proteus/gcc/bin/../lib/gcc/arm-none-eabi/4.6.2/armv7e-m\libgcc.a(pr-support.o)
                0x0000e0ec                __gnu_unwind_execute
                0x0000e3b4                __gnu_unwind_frame
                0x0000e3dc                _Unwind_GetRegionStart
                0x0000e3e8                _Unwind_GetLanguageSpecificData
                0x0000e3fc                _Unwind_GetDataRelBase
                0x0000e404                _Unwind_GetTextRelBase
 *(.text*)
 .text.main     0x0000e40c      0x2b4 ../src/main.o
                0x0000e40c                main
 .text._Z41__static_initialization_and_destruction_0ii
                0x0000e6c0      0x11c ../src/main.o
 .text._GLOBAL__sub_I_l_mot
                0x0000e7dc       0x14 ../src/main.o
 .text._Z8fwd_distP5robotf
                0x0000e7f0      0x150 ../src/movement.o
                0x0000e7f0                fwd_dist(robot*, float)
 .text._Z8bck_distP5robotf
                0x0000e940      0x150 ../src/movement.o
                0x0000e940                bck_dist(robot*, float)
 .text._Z8rot_headP5robotf
                0x0000ea90      0x134 ../src/movement.o
                0x0000ea90                rot_head(robot*, float)
 *fill*         0x0000ebc4        0x4 00
 .text._Z9l_tgt_ctsf
                0x0000ebc8       0x40 ../src/movement.o
                0x0000ebc8                l_tgt_cts(float)
 .text._Z9r_tgt_ctsf
                0x0000ec08       0x40 ../src/movement.o
                0x0000ec08                r_tgt_cts(float)
 .text._Z9head_diffff
                0x0000ec48       0xb8 ../src/movement.o
                0x0000ec48                head_diff(float, float)
 .text._Z7ud_headP5robot
                0x0000ed00      0x1b4 ../src/movement.o
                0x0000ed00                ud_head(robot*)
 .text._Z4dumpP5robot
                0x0000eeb4       0xbc ../src/logging.o
                0x0000eeb4                dump(robot*)
 .text._Z8init_logv
                0x0000ef70       0x44 ../src/logging.o
                0x0000ef70                init_log()
 .text._Z6updateP8log_data
                0x0000efb4       0xc8 ../src/logging.o
                0x0000efb4                update(log_data*)
 .text.zero_fill_bss
                0x0000f07c       0x34 Startup/__arm_start.o
 .text.__thumb_startup
                0x0000f0b0       0x34 Startup/__arm_start.o
                0x0000f0b0                __thumb_startup
 .text.InitFEHProteus
                0x0000f0e4      0x15c Startup/__arm_start.o
                0x0000f0e4                InitFEHProteus
 .text.pll_init_bl
                0x0000f240      0x130 Startup/__arm_start.o
 .text.InitPowerButton
                0x0000f370       0x90 Startup/__arm_start.o
                0x0000f370                InitPowerButton
 .text._ExitProcess
                0x0000f400        0xc Startup/__arm_end.o
                0x0000f400                _ExitProcess
 .text.Default_Handler
                0x0000f40c        0xc Startup/kinetis_sysinit.o
                0x0000f40c                BusFault_Handler()
                0x0000f40c                HardFault_Handler()
                0x0000f40c                SysTick_Handler()
                0x0000f40c                PendSV_Handler()
                0x0000f40c                DebugMonitor_Handler()
                0x0000f40c                MemManage_Handler()
                0x0000f40c                NMI_Handler()
                0x0000f40c                SVC_Handler()
                0x0000f40c                Default_Handler
                0x0000f40c                UsageFault_Handler()
 .text.__init_hardware
                0x0000f418       0x44 Startup/kinetis_sysinit.o
                0x0000f418                __init_hardware
 .text._Z8PortDISRv
                0x0000f45c       0x5c Startup/kinetis_sysinit.o
                0x0000f45c                PortDISR()
 .text._ZN8FEHMotorC2ENS_12FEHMotorPortE
                0x0000f4b8       0x28 Libraries/FEHMotor.o
                0x0000f4b8                FEHMotor::FEHMotor(FEHMotor::FEHMotorPort)
                0x0000f4b8                FEHMotor::FEHMotor(FEHMotor::FEHMotorPort)
 .text._ZN8FEHMotor8SetPowerEi
                0x0000f4e0       0x60 Libraries/FEHMotor.o
                0x0000f4e0                FEHMotor::SetPower(int)
 .text._Z9uart_initPV11UART_MemMapii
                0x0000f540      0x20c Drivers/uart.o
                0x0000f540                uart_init(UART_MemMap volatile*, int, int)
 .text._Z12uart_getcharPV11UART_MemMap
                0x0000f74c       0x34 Drivers/uart.o
                0x0000f74c                uart_getchar(UART_MemMap volatile*)
 .text._Z12uart_putcharPV11UART_MemMapc
                0x0000f780       0x38 Drivers/uart.o
                0x0000f780                uart_putchar(UART_MemMap volatile*, char)
 .text._Z13time_delay_msm
                0x0000f7b8       0xa4 Drivers/lptmr.o
                0x0000f7b8                time_delay_ms(unsigned long)
 .text._Z41__static_initialization_and_destruction_0ii
                0x0000f85c       0x30 FEHProteus.o
 .text._GLOBAL__sub_I_Propeller
                0x0000f88c       0x14 FEHProteus.o
 .text._ZN12FEHPropellerC2Ev
                0x0000f8a0       0x20 Drivers/FEHPropeller.o
                0x0000f8a0                FEHPropeller::FEHPropeller()
                0x0000f8a0                FEHPropeller::FEHPropeller()
 .text._ZN12FEHPropeller10InitializeEv
                0x0000f8c0       0x94 Drivers/FEHPropeller.o
                0x0000f8c0                FEHPropeller::Initialize()
 .text._ZN12FEHPropeller12SetMotorRateEhhh
                0x0000f954       0x78 Drivers/FEHPropeller.o
                0x0000f954                FEHPropeller::SetMotorRate(unsigned char, unsigned char, unsigned char)
 .text._ZL5Delaymjj
                0x0000f9cc       0xc4 Libraries/FEHUtility.o
 .text._Z5Sleepi
                0x0000fa90       0x34 Libraries/FEHUtility.o
                0x0000fa90                Sleep(int)
 .text._Z11TimeNowMSecv
                0x0000fac4       0x44 Libraries/FEHUtility.o
                0x0000fac4                TimeNowMSec()
 .text._ZN15DigitalInputPinC2Ev
                0x0000fb08       0x18 Libraries/FEHIO.o
                0x0000fb08                DigitalInputPin::DigitalInputPin()
                0x0000fb08                DigitalInputPin::DigitalInputPin()
 .text._ZN15DigitalInputPin10InitializeEN5FEHIO8FEHIOPinE
                0x0000fb20      0x224 Libraries/FEHIO.o
                0x0000fb20                DigitalInputPin::Initialize(FEHIO::FEHIOPin)
 .text._ZN15DigitalInputPin5ValueEv
                0x0000fd44      0x148 Libraries/FEHIO.o
                0x0000fd44                DigitalInputPin::Value()
 .text._ZN14AnalogInputPinC2EN5FEHIO8FEHIOPinE
                0x0000fe8c       0x20 Libraries/FEHIO.o
                0x0000fe8c                AnalogInputPin::AnalogInputPin(FEHIO::FEHIOPin)
                0x0000fe8c                AnalogInputPin::AnalogInputPin(FEHIO::FEHIOPin)
 *fill*         0x0000feac        0x4 00
 .text._ZN14AnalogInputPin5ValueEv
                0x0000feb0      0x1c0 Libraries/FEHIO.o
                0x0000feb0                AnalogInputPin::Value()
 .text._ZN10FEHEncoder12EncoderValueEv
                0x00010070       0xe4 Libraries/FEHIO.o
                0x00010070                FEHEncoder::EncoderValue()
 .text._ZN14AnalogInputPin8InitADCsEv
                0x00010154      0x120 Libraries/FEHIO.o
                0x00010154                AnalogInputPin::InitADCs()
 .text._Z8pit0_isrv
                0x00010274       0x34 Libraries/FEHIO.o
                0x00010274                pit0_isr()
 .text._ZN10FEHEncoder4InitEv
                0x000102a8       0x64 Libraries/FEHIO.o
                0x000102a8                FEHEncoder::Init()
 .text._ZN10FEHEncoder14SetCounterInitEj
                0x0001030c       0x20 Libraries/FEHIO.o
                0x0001030c                FEHEncoder::SetCounterInit(unsigned int)
 .text._ZN10FEHEncoderC2EN5FEHIO8FEHIOPinE
                0x0001032c      0x194 Libraries/FEHIO.o
                0x0001032c                FEHEncoder::FEHEncoder(FEHIO::FEHIOPin)
                0x0001032c                FEHEncoder::FEHEncoder(FEHIO::FEHIOPin)
 .text._ZN10FEHEncoderD2Ev
                0x000104c0       0xb8 Libraries/FEHIO.o
                0x000104c0                FEHEncoder::~FEHEncoder()
                0x000104c0                FEHEncoder::~FEHEncoder()
 .text._ZN10FEHEncoder10ProcessIntEv
                0x00010578       0x80 Libraries/FEHIO.o
                0x00010578                FEHEncoder::ProcessInt()
 .text._ZN10FEHEncoder14ProcessIntSelfEv
                0x000105f8       0x80 Libraries/FEHIO.o
                0x000105f8                FEHEncoder::ProcessIntSelf()
 .text._ZN10FEHEncoder6CountsEv
                0x00010678       0x18 Libraries/FEHIO.o
                0x00010678                FEHEncoder::Counts()
 .text._ZN10FEHEncoder11ResetCountsEv
                0x00010690       0x1c Libraries/FEHIO.o
                0x00010690                FEHEncoder::ResetCounts()
 .text._ZN11ButtonBoardC2EN5FEHIO9FEHIOPortE
                0x000106ac      0x10c Libraries/FEHIO.o
                0x000106ac                ButtonBoard::ButtonBoard(FEHIO::FEHIOPort)
                0x000106ac                ButtonBoard::ButtonBoard(FEHIO::FEHIOPort)
 .text._ZN11ButtonBoard11LeftPressedEv
                0x000107b8       0x24 Libraries/FEHIO.o
                0x000107b8                ButtonBoard::LeftPressed()
 .text._ZN11ButtonBoard13MiddlePressedEv
                0x000107dc       0x28 Libraries/FEHIO.o
                0x000107dc                ButtonBoard::MiddlePressed()
 .text._ZN11ButtonBoard12RightPressedEv
                0x00010804       0x28 Libraries/FEHIO.o
                0x00010804                ButtonBoard::RightPressed()
 .text._Z7ADC_CalPV10ADC_MemMap
                0x0001082c      0x14c Drivers/adc16.o
                0x0001082c                ADC_Cal(ADC_MemMap volatile*)
 .text._Z14ADC_Config_AltPV10ADC_MemMapP7adc_cfg
                0x00010978       0x6c Drivers/adc16.o
                0x00010978                ADC_Config_Alt(ADC_MemMap volatile*, adc_cfg*)
 .text._ZN9FEHBuzzerC2Ev
                0x000109e4       0x18 Libraries/FEHBuzzer.o
                0x000109e4                FEHBuzzer::FEHBuzzer()
                0x000109e4                FEHBuzzer::FEHBuzzer()
 .text._Z41__static_initialization_and_destruction_0ii
                0x000109fc       0x30 Libraries/FEHBuzzer.o
 .text._GLOBAL__sub_I_Buzzer
                0x00010a2c       0x14 Libraries/FEHBuzzer.o
 .text._ZN8FEHServoC2ENS_12FEHServoPortE
                0x00010a40       0x3c Libraries/FEHServo.o
                0x00010a40                FEHServo::FEHServo(FEHServo::FEHServoPort)
                0x00010a40                FEHServo::FEHServo(FEHServo::FEHServoPort)
 .text._ZN8FEHServo9DigitalOnEv
                0x00010a7c       0x64 Libraries/FEHServo.o
                0x00010a7c                FEHServo::DigitalOn()
 .text._ZN8FEHServo10DigitalOffEv
                0x00010ae0       0x64 Libraries/FEHServo.o
                0x00010ae0                FEHServo::DigitalOff()
 .text._ZN6FEHLCD11_InitializeEv
                0x00010b44      0x5c0 Libraries/FEHLCD.o
                0x00010b44                FEHLCD::_Initialize()
 .text._ZN6FEHLCDC2Ev
                0x00011104       0x64 Libraries/FEHLCD.o
                0x00011104                FEHLCD::FEHLCD()
                0x00011104                FEHLCD::FEHLCD()
 .text._ZN6FEHLCD10InitializeEv
                0x00011168       0x38 Libraries/FEHLCD.o
                0x00011168                FEHLCD::Initialize()
 .text._ZN6FEHLCD10PrintImageEii
                0x000111a0       0xf4 Libraries/FEHLCD.o
                0x000111a0                FEHLCD::PrintImage(int, int)
 .text._ZN6FEHLCD22ConvertFEHColorTo24BitENS_11FEHLCDColorE
                0x00011294       0x80 Libraries/FEHLCD.o
                0x00011294                FEHLCD::ConvertFEHColorTo24Bit(FEHLCD::FEHLCDColor)
 .text._ZN6FEHLCD24Convert24BitColorTo16BitEj
                0x00011314       0x40 Libraries/FEHLCD.o
                0x00011314                FEHLCD::Convert24BitColorTo16Bit(unsigned int)
 .text._ZN6FEHLCD22ConvertRGBColorTo16BitEhhh
                0x00011354       0x44 Libraries/FEHLCD.o
                0x00011354                FEHLCD::ConvertRGBColorTo16Bit(unsigned char, unsigned char, unsigned char)
 .text._ZN6FEHLCD5ClearENS_11FEHLCDColorE
                0x00011398       0x28 Libraries/FEHLCD.o
                0x00011398                FEHLCD::Clear(FEHLCD::FEHLCDColor)
 .text._ZN6FEHLCD5ClearEj
                0x000113c0       0x2c Libraries/FEHLCD.o
                0x000113c0                FEHLCD::Clear(unsigned int)
 .text._ZN6FEHLCD5ClearEv
                0x000113ec       0x18 Libraries/FEHLCD.o
                0x000113ec                FEHLCD::Clear()
 .text._ZN6FEHLCD18SetBackgroundColorENS_11FEHLCDColorE
                0x00011404       0x28 Libraries/FEHLCD.o
                0x00011404                FEHLCD::SetBackgroundColor(FEHLCD::FEHLCDColor)
 .text._ZN6FEHLCD18SetBackgroundColorEj
                0x0001142c       0x28 Libraries/FEHLCD.o
                0x0001142c                FEHLCD::SetBackgroundColor(unsigned int)
 .text._ZN6FEHLCD12SetFontColorENS_11FEHLCDColorE
                0x00011454       0x28 Libraries/FEHLCD.o
                0x00011454                FEHLCD::SetFontColor(FEHLCD::FEHLCDColor)
 .text._ZN6FEHLCD12SetFontColorEj
                0x0001147c       0x28 Libraries/FEHLCD.o
                0x0001147c                FEHLCD::SetFontColor(unsigned int)
 .text._ZN6FEHLCD7WriteAtEPKcii
                0x000114a4       0x58 Libraries/FEHLCD.o
                0x000114a4                FEHLCD::WriteAt(char const*, int, int)
 .text._ZN6FEHLCD5WriteEPKc
                0x000114fc       0x5c Libraries/FEHLCD.o
                0x000114fc                FEHLCD::Write(char const*)
 .text._ZN6FEHLCD5WriteEi
                0x00011558       0x34 Libraries/FEHLCD.o
                0x00011558                FEHLCD::Write(int)
 .text._ZN6FEHLCD5WriteEf
                0x0001158c       0xdc Libraries/FEHLCD.o
                0x0001158c                FEHLCD::Write(float)
 .text._ZN6FEHLCD5WriteEc
                0x00011668       0x30 Libraries/FEHLCD.o
                0x00011668                FEHLCD::Write(char)
 .text._ZN6FEHLCD9WriteLineEPKc
                0x00011698       0x28 Libraries/FEHLCD.o
                0x00011698                FEHLCD::WriteLine(char const*)
 .text._ZN6FEHLCD9WriteLineEi
                0x000116c0       0x28 Libraries/FEHLCD.o
                0x000116c0                FEHLCD::WriteLine(int)
 .text._ZN6FEHLCD9WriteLineEf
                0x000116e8       0x28 Libraries/FEHLCD.o
                0x000116e8                FEHLCD::WriteLine(float)
 .text._ZN6FEHLCD9WriteLineEc
                0x00011710       0x2c Libraries/FEHLCD.o
                0x00011710                FEHLCD::WriteLine(char)
 .text._ZN6FEHLCD10WriteIndexEh
                0x0001173c      0x288 Libraries/FEHLCD.o
                0x0001173c                FEHLCD::WriteIndex(unsigned char)
 .text._ZN6FEHLCD14WriteParameterEh
                0x000119c4      0x254 Libraries/FEHLCD.o
                0x000119c4                FEHLCD::WriteParameter(unsigned char)
 .text._ZN6FEHLCD6_ClearEv
                0x00011c18      0x228 Libraries/FEHLCD.o
                0x00011c18                FEHLCD::_Clear()
 .text._ZN6FEHLCD8NextLineEv
                0x00011e40       0x30 Libraries/FEHLCD.o
                0x00011e40                FEHLCD::NextLine()
 .text._ZN6FEHLCD9CheckLineEv
                0x00011e70       0x2c Libraries/FEHLCD.o
                0x00011e70                FEHLCD::CheckLine()
 .text._ZN6FEHLCD8NextCharEv
                0x00011e9c       0x34 Libraries/FEHLCD.o
                0x00011e9c                FEHLCD::NextChar()
 .text._ZN6FEHLCD13SetDrawRegionEiiii
                0x00011ed0      0x10c Libraries/FEHLCD.o
                0x00011ed0                FEHLCD::SetDrawRegion(int, int, int, int)
 .text._ZN6FEHLCD9WriteCharEiic
                0x00011fdc       0x40 Libraries/FEHLCD.o
                0x00011fdc                FEHLCD::WriteChar(int, int, char)
 .text._ZN6FEHLCD11WriteCharAtEiic
                0x0001201c      0x278 Libraries/FEHLCD.o
                0x0001201c                FEHLCD::WriteCharAt(int, int, char)
 .text._ZN6FEHLCD11RepeatColorEv
                0x00012294       0xbc Libraries/FEHLCD.o
                0x00012294                FEHLCD::RepeatColor()
 .text._ZN6FEHLCD10_ForePixelEv
                0x00012350      0x160 Libraries/FEHLCD.o
                0x00012350                FEHLCD::_ForePixel()
 .text._ZN6FEHLCD10_BackPixelEv
                0x000124b0      0x160 Libraries/FEHLCD.o
                0x000124b0                FEHLCD::_BackPixel()
 .text._ZN6FEHLCD22SetRegisterColorValuesEv
                0x00012610      0x4c0 Libraries/FEHLCD.o
                0x00012610                FEHLCD::SetRegisterColorValues()
 .text._Z41__static_initialization_and_destruction_0ii
                0x00012ad0       0x30 Libraries/FEHLCD.o
 .text._GLOBAL__sub_I_image
                0x00012b00       0x14 Libraries/FEHLCD.o
 .text._ZN10FEHBattery7VoltageEv
                0x00012b14       0x38 Libraries/FEHBattery.o
                0x00012b14                FEHBattery::Voltage()
 .text._ZN10FEHBatteryC2EN5FEHIO8FEHIOPinE
                0x00012b4c       0x24 Libraries/FEHBattery.o
                0x00012b4c                FEHBattery::FEHBattery(FEHIO::FEHIOPin)
                0x00012b4c                FEHBattery::FEHBattery(FEHIO::FEHIOPin)
 .text._Z41__static_initialization_and_destruction_0ii
                0x00012b70       0x34 Libraries/FEHBattery.o
 .text._GLOBAL__sub_I_Battery
                0x00012ba4       0x14 Libraries/FEHBattery.o
 .text._ZN7FEHXBeeC2Ev
                0x00012bb8       0x20 Drivers/FEHXBee.o
                0x00012bb8                FEHXBee::FEHXBee()
                0x00012bb8                FEHXBee::FEHXBee()
 .text._ZN7FEHXBee10InitializeEv
                0x00012bd8      0x148 Drivers/FEHXBee.o
                0x00012bd8                FEHXBee::Initialize()
 .text._ZN7FEHXBee13IsInitializedEv
                0x00012d20       0x18 Drivers/FEHXBee.o
                0x00012d20                FEHXBee::IsInitialized()
 .text._ZN7FEHXBee17ReceiveDataSearchEPcjh
                0x00012d38       0xb4 Drivers/FEHXBee.o
                0x00012d38                FEHXBee::ReceiveDataSearch(char*, unsigned int, unsigned char)
 .text._ZN7FEHXBee8SendDataEPcj
                0x00012dec       0x50 Drivers/FEHXBee.o
                0x00012dec                FEHXBee::SendData(char*, unsigned int)
 .text._ZN7FEHXBee17SetPacketCallBackEPFvPhhE
                0x00012e3c       0x20 Drivers/FEHXBee.o
                0x00012e3c                FEHXBee::SetPacketCallBack(void (*)(unsigned char*, unsigned char))
 .text._Z9UART0_ISRv
                0x00012e5c      0x174 Drivers/FEHXBee.o
                0x00012e5c                UART0_ISR()
 .text._ZN8FEHWONKAC2Ev
                0x00012fd0       0x88 Libraries/FEHWONKA.o
                0x00012fd0                FEHWONKA::FEHWONKA()
                0x00012fd0                FEHWONKA::FEHWONKA()
 .text._ZN8FEHWONKA14InitializeMenuEv
                0x00013058      0x1e8 Libraries/FEHWONKA.o
                0x00013058                FEHWONKA::InitializeMenu()
 .text._ZN8FEHWONKA10InitializeEi
                0x00013240      0x740 Libraries/FEHWONKA.o
                0x00013240                FEHWONKA::Initialize(int)
 .text._ZN8FEHWONKA10InitializeEc
                0x00013980       0x4c Libraries/FEHWONKA.o
                0x00013980                FEHWONKA::Initialize(char)
 .text._ZN8FEHWONKA6EnableEv
                0x000139cc       0x44 Libraries/FEHWONKA.o
                0x000139cc                FEHWONKA::Enable()
 .text._ZN8FEHWONKA7DisableEv
                0x00013a10       0x2c Libraries/FEHWONKA.o
                0x00013a10                FEHWONKA::Disable()
 .text._ZN8FEHWONKA19CurrentRegionLetterEv
                0x00013a3c       0x20 Libraries/FEHWONKA.o
                0x00013a3c                FEHWONKA::CurrentRegionLetter()
 .text._ZN8FEHWONKA13WaitForPacketEv
                0x00013a5c       0x7c Libraries/FEHWONKA.o
                0x00013a5c                FEHWONKA::WaitForPacket()
 .text._ZN8FEHWONKA7HeadingEv
                0x00013ad8       0x20 Libraries/FEHWONKA.o
                0x00013ad8                FEHWONKA::Heading()
 .text._Z16WONKADataProcessPhh
                0x00013af8      0x128 Libraries/FEHWONKA.o
                0x00013af8                WONKADataProcess(unsigned char*, unsigned char)
 .text._Z41__static_initialization_and_destruction_0ii
                0x00013c20       0x40 Libraries/FEHWONKA.o
 .text._GLOBAL__sub_I_WONKA
                0x00013c60       0x14 Libraries/FEHWONKA.o
 .text.sprintf  0x00013c74       0x1c ../resources/Proteus/EWL/lib/armv7e-m\libc.a(sprintf.o)
                0x00013c74                sprintf
 .text.__StringWrite
                0x00013c90       0x28 ../resources/Proteus/EWL/lib/armv7e-m\libc.a(vsnprintf.o)
                0x00013c90                __StringWrite
 .text.vsnprintf
                0x00013cb8       0x34 ../resources/Proteus/EWL/lib/armv7e-m\libc.a(vsnprintf.o)
                0x00013cb8                vsnprintf
 .text.exit     0x00013cec       0x38 ../resources/Proteus/EWL/lib/armv7e-m\libc.a(exit.o)
                0x00013cec                exit
 .text.memcpy   0x00013d24       0x12 ../resources/Proteus/EWL/lib/armv7e-m\libc.a(memcpy.o)
                0x00013d24                memcpy
 .text.memset   0x00013d36        0xc ../resources/Proteus/EWL/lib/armv7e-m\libc.a(memset.o)
                0x00013d36                memset
 .text.long2str.isra.0
                0x00013d42      0x196 ../resources/Proteus/EWL/lib/armv7e-m\libc.a(printformat_.o)
 .text.__pformatter_
                0x00013ed8      0x3f8 ../resources/Proteus/EWL/lib/armv7e-m\libc.a(printformat_.o)
                0x00013ed8                __pformatter_
 .text.__sformatter
                0x000142d0      0x74e ../resources/Proteus/EWL/lib/armv7e-m\libc.a(scanformat_.o)
                0x000142d0                __sformatter
 *fill*         0x00014a1e        0x2 00
 .text.isalpha  0x00014a20       0x1c ../resources/Proteus/EWL/lib/armv7e-m\libc.a(ctype_aeabi.o)
                0x00014a20                isalpha
 .text.isspace  0x00014a3c       0x1c ../resources/Proteus/EWL/lib/armv7e-m\libc.a(ctype_aeabi.o)
                0x00014a3c                isspace
 .text.toupper  0x00014a58        0xc ../resources/Proteus/EWL/lib/armv7e-m\libc.a(ctype_aeabi.o)
                0x00014a58                toupper
 .text.__strtoul
                0x00014a64      0x1dc ../resources/Proteus/EWL/lib/armv7e-m\libc.a(__strtoul.o)
                0x00014a64                __strtoul
 .text.__fill_mem
                0x00014c40       0x76 ../resources/Proteus/EWL/lib/armv7e-m\libc.a(__filll_mem.o)
                0x00014c40                __fill_mem
 .text.memchr   0x00014cb6       0x1a ../resources/Proteus/EWL/lib/armv7e-m\libc.a(memchr.o)
                0x00014cb6                memchr
 .text.strchr   0x00014cd0       0x1c ../resources/Proteus/EWL/lib/armv7e-m\libc.a(strchr.o)
                0x00014cd0                strchr
 .text.strlen   0x00014cec       0x10 ../resources/Proteus/EWL/lib/armv7e-m\libc.a(strlen.o)
                0x00014cec                strlen
 .text.__init_cpp
                0x00014cfc       0x4c ../resources/Proteus/EWL/lib/armv7e-m\librt.a(gcc_ctor_dtor.o)
                0x00014cfc                __init_cpp
 .text.__fini_cpp
                0x00014d48       0x34 ../resources/Proteus/EWL/lib/armv7e-m\librt.a(gcc_ctor_dtor.o)
                0x00014d48                __fini_cpp
 .text.__copy_rom_section
                0x00014d7c       0x44 ../resources/Proteus/EWL/lib/armv7e-m\librt.a(ROMCopy.o)
                0x00014d7c                __copy_rom_section
 .text.__copy_rom_sections_to_ram
                0x00014dc0       0x34 ../resources/Proteus/EWL/lib/armv7e-m\librt.a(ROMCopy.o)
                0x00014dc0                __copy_rom_sections_to_ram
 .text.__destroy_global_chain
                0x00014df4       0x1c ../resources/Proteus/EWL/lib/armv7e-m\librt.a(__arm_eabi_init.o)
                0x00014df4                __destroy_global_chain
 .text.__cxa_atexit
                0x00014e10       0x38 ../resources/Proteus/EWL/lib/armv7e-m\librt.a(__arm_eabi_init.o)
                0x00014e10                __cxa_atexit
 .text.__aeabi_atexit
                0x00014e48        0xa ../resources/Proteus/EWL/lib/armv7e-m\librt.a(__arm_eabi_init.o)
                0x00014e48                __aeabi_atexit
 *fill*         0x00014e52        0x2 00
 .text.__init_registers
                0x00014e54       0x20 ../resources/Proteus/EWL/lib/armv7e-m\librt.a(__arm_eabi_init.o)
                0x00014e54                __init_registers
 .text.__init_user
                0x00014e74        0x4 ../resources/Proteus/EWL/lib/armv7e-m\librt.a(__arm_eabi_init.o)
                0x00014e74                __init_user
 .text._ZNSt9bad_allocD2Ev
                0x00014e78        0xc ../resources/Proteus/EWL/lib/armv7e-m\librt.a(New.o)
                0x00014e78                std::bad_alloc::~bad_alloc()
                0x00014e78                std::bad_alloc::~bad_alloc()
 .text._ZNKSt9bad_alloc4whatEv
                0x00014e84        0x8 ../resources/Proteus/EWL/lib/armv7e-m\librt.a(New.o)
                0x00014e84                std::bad_alloc::what() const
 .text._Znwj    0x00014e8c       0x4c ../resources/Proteus/EWL/lib/armv7e-m\librt.a(New.o)
                0x00014e8c                operator new(unsigned int)
 .text._ZdlPv   0x00014ed8        0x8 ../resources/Proteus/EWL/lib/armv7e-m\librt.a(New.o)
                0x00014ed8                operator delete(void*)
 .text._ZNSt9bad_allocD0Ev
                0x00014ee0       0x14 ../resources/Proteus/EWL/lib/armv7e-m\librt.a(New.o)
                0x00014ee0                std::bad_alloc::~bad_alloc()
 .text._ZNK10__cxxabiv117__class_type_info11__do_upcastEPKS0_PPv
                0x00014ef4       0x38 z:/home/bobby/projects/robot-d5/resources/proteus/gcc/bin/../lib/gcc/arm-none-eabi/4.6.2/../../../../arm-none-eabi/lib/armv7e-m\libsupc++.a(class_type_info.o)
                0x00014ef4                __cxxabiv1::__class_type_info::__do_upcast(__cxxabiv1::__class_type_info const*, void**) const
 .text._ZNK10__cxxabiv117__class_type_info20__do_find_public_srcEiPKvPKS0_S2_
                0x00014f2c        0xc z:/home/bobby/projects/robot-d5/resources/proteus/gcc/bin/../lib/gcc/arm-none-eabi/4.6.2/../../../../arm-none-eabi/lib/armv7e-m\libsupc++.a(class_type_info.o)
                0x00014f2c                __cxxabiv1::__class_type_info::__do_find_public_src(int, void const*, __cxxabiv1::__class_type_info const*, void const*) const
 .text._ZNK10__cxxabiv117__class_type_info11__do_upcastEPKS0_PKvRNS0_15__upcast_resultE
                0x00014f38       0x1c z:/home/bobby/projects/robot-d5/resources/proteus/gcc/bin/../lib/gcc/arm-none-eabi/4.6.2/../../../../arm-none-eabi/lib/armv7e-m\libsupc++.a(class_type_info.o)
                0x00014f38                __cxxabiv1::__class_type_info::__do_upcast(__cxxabiv1::__class_type_info const*, void const*, __cxxabiv1::__class_type_info::__upcast_result&) const
 .text._ZN10__cxxabiv117__class_type_infoD2Ev
                0x00014f54       0x14 z:/home/bobby/projects/robot-d5/resources/proteus/gcc/bin/../lib/gcc/arm-none-eabi/4.6.2/../../../../arm-none-eabi/lib/armv7e-m\libsupc++.a(class_type_info.o)
                0x00014f54                __cxxabiv1::__class_type_info::~__class_type_info()
                0x00014f54                __cxxabiv1::__class_type_info::~__class_type_info()
 .text._ZN10__cxxabiv117__class_type_infoD0Ev
                0x00014f68       0x1c z:/home/bobby/projects/robot-d5/resources/proteus/gcc/bin/../lib/gcc/arm-none-eabi/4.6.2/../../../../arm-none-eabi/lib/armv7e-m\libsupc++.a(class_type_info.o)
                0x00014f68                __cxxabiv1::__class_type_info::~__class_type_info()
 .text._ZNK10__cxxabiv117__class_type_info12__do_dyncastEiNS0_10__sub_kindEPKS0_PKvS3_S5_RNS0_16__dyncast_resultE
                0x00014f84       0x3c z:/home/bobby/projects/robot-d5/resources/proteus/gcc/bin/../lib/gcc/arm-none-eabi/4.6.2/../../../../arm-none-eabi/lib/armv7e-m\libsupc++.a(class_type_info.o)
                0x00014f84                __cxxabiv1::__class_type_info::__do_dyncast(int, __cxxabiv1::__class_type_info::__sub_kind, __cxxabiv1::__class_type_info const*, void const*, __cxxabiv1::__class_type_info const*, void const*, __cxxabiv1::__class_type_info::__dyncast_result&) const
 .text._ZNK10__cxxabiv117__class_type_info10__do_catchEPKSt9type_infoPPvj
                0x00014fc0       0x28 z:/home/bobby/projects/robot-d5/resources/proteus/gcc/bin/../lib/gcc/arm-none-eabi/4.6.2/../../../../arm-none-eabi/lib/armv7e-m\libsupc++.a(class_type_info.o)
                0x00014fc0                __cxxabiv1::__class_type_info::__do_catch(std::type_info const*, void**, unsigned int) const
 .text.__cxa_allocate_exception
                0x00014fe8       0x70 z:/home/bobby/projects/robot-d5/resources/proteus/gcc/bin/../lib/gcc/arm-none-eabi/4.6.2/../../../../arm-none-eabi/lib/armv7e-m\libsupc++.a(eh_alloc.o)
                0x00014fe8                __cxa_allocate_exception
 .text.__cxa_free_exception
                0x00015058       0x34 z:/home/bobby/projects/robot-d5/resources/proteus/gcc/bin/../lib/gcc/arm-none-eabi/4.6.2/../../../../arm-none-eabi/lib/armv7e-m\libsupc++.a(eh_alloc.o)
                0x00015058                __cxa_free_exception
 .text.__cxa_end_cleanup
                0x0001508c        0xc z:/home/bobby/projects/robot-d5/resources/proteus/gcc/bin/../lib/gcc/arm-none-eabi/4.6.2/../../../../arm-none-eabi/lib/armv7e-m\libsupc++.a(eh_arm.o)
                0x0001508c                __cxa_end_cleanup
 .text.__cxa_type_match
                0x00015098       0xec z:/home/bobby/projects/robot-d5/resources/proteus/gcc/bin/../lib/gcc/arm-none-eabi/4.6.2/../../../../arm-none-eabi/lib/armv7e-m\libsupc++.a(eh_arm.o)
                0x00015098                __cxa_type_match
 .text.__cxa_begin_cleanup
                0x00015184       0x78 z:/home/bobby/projects/robot-d5/resources/proteus/gcc/bin/../lib/gcc/arm-none-eabi/4.6.2/../../../../arm-none-eabi/lib/armv7e-m\libsupc++.a(eh_arm.o)
                0x00015184                __cxa_begin_cleanup
 .text.__gnu_end_cleanup
                0x000151fc       0x7c z:/home/bobby/projects/robot-d5/resources/proteus/gcc/bin/../lib/gcc/arm-none-eabi/4.6.2/../../../../arm-none-eabi/lib/armv7e-m\libsupc++.a(eh_arm.o)
                0x000151fc                __gnu_end_cleanup
 .text.__cxa_bad_typeid
                0x00015278       0x24 z:/home/bobby/projects/robot-d5/resources/proteus/gcc/bin/../lib/gcc/arm-none-eabi/4.6.2/../../../../arm-none-eabi/lib/armv7e-m\libsupc++.a(eh_aux_runtime.o)
                0x00015278                __cxa_bad_typeid
 .text.__cxa_call_terminate
                0x0001529c       0x50 z:/home/bobby/projects/robot-d5/resources/proteus/gcc/bin/../lib/gcc/arm-none-eabi/4.6.2/../../../../arm-none-eabi/lib/armv7e-m\libsupc++.a(eh_call.o)
                0x0001529c                __cxa_call_terminate
 .text.__cxa_call_unexpected
                0x000152ec      0x120 z:/home/bobby/projects/robot-d5/resources/proteus/gcc/bin/../lib/gcc/arm-none-eabi/4.6.2/../../../../arm-none-eabi/lib/armv7e-m\libsupc++.a(eh_call.o)
                0x000152ec                __cxa_call_unexpected
 .text.__cxa_begin_catch
                0x0001540c       0x98 z:/home/bobby/projects/robot-d5/resources/proteus/gcc/bin/../lib/gcc/arm-none-eabi/4.6.2/../../../../arm-none-eabi/lib/armv7e-m\libsupc++.a(eh_catch.o)
                0x0001540c                __cxa_begin_catch
 .text.__cxa_end_catch
                0x000154a4       0x98 z:/home/bobby/projects/robot-d5/resources/proteus/gcc/bin/../lib/gcc/arm-none-eabi/4.6.2/../../../../arm-none-eabi/lib/armv7e-m\libsupc++.a(eh_catch.o)
                0x000154a4                __cxa_end_catch
 .text._ZNSt9exceptionD2Ev
                0x0001553c        0xc z:/home/bobby/projects/robot-d5/resources/proteus/gcc/bin/../lib/gcc/arm-none-eabi/4.6.2/../../../../arm-none-eabi/lib/armv7e-m\libsupc++.a(eh_exception.o)
                0x0001553c                std::exception::~exception()
                0x0001553c                std::exception::~exception()
 .text._ZNSt13bad_exceptionD2Ev
                0x00015548        0xc z:/home/bobby/projects/robot-d5/resources/proteus/gcc/bin/../lib/gcc/arm-none-eabi/4.6.2/../../../../arm-none-eabi/lib/armv7e-m\libsupc++.a(eh_exception.o)
                0x00015548                std::bad_exception::~bad_exception()
                0x00015548                std::bad_exception::~bad_exception()
 .text._ZNKSt9exception4whatEv
                0x00015554        0xc z:/home/bobby/projects/robot-d5/resources/proteus/gcc/bin/../lib/gcc/arm-none-eabi/4.6.2/../../../../arm-none-eabi/lib/armv7e-m\libsupc++.a(eh_exception.o)
                0x00015554                std::exception::what() const
 .text._ZNKSt13bad_exception4whatEv
                0x00015560        0xc z:/home/bobby/projects/robot-d5/resources/proteus/gcc/bin/../lib/gcc/arm-none-eabi/4.6.2/../../../../arm-none-eabi/lib/armv7e-m\libsupc++.a(eh_exception.o)
                0x00015560                std::bad_exception::what() const
 .text._ZNSt13bad_exceptionD0Ev
                0x0001556c       0x14 z:/home/bobby/projects/robot-d5/resources/proteus/gcc/bin/../lib/gcc/arm-none-eabi/4.6.2/../../../../arm-none-eabi/lib/armv7e-m\libsupc++.a(eh_exception.o)
                0x0001556c                std::bad_exception::~bad_exception()
 .text._ZNSt9exceptionD0Ev
                0x00015580       0x14 z:/home/bobby/projects/robot-d5/resources/proteus/gcc/bin/../lib/gcc/arm-none-eabi/4.6.2/../../../../arm-none-eabi/lib/armv7e-m\libsupc++.a(eh_exception.o)
                0x00015580                std::exception::~exception()
 .text.__cxa_get_globals_fast
                0x00015594        0xc z:/home/bobby/projects/robot-d5/resources/proteus/gcc/bin/../lib/gcc/arm-none-eabi/4.6.2/../../../../arm-none-eabi/lib/armv7e-m\libsupc++.a(eh_globals.o)
                0x00015594                __cxa_get_globals_fast
 .text.__cxa_get_globals
                0x000155a0        0xc z:/home/bobby/projects/robot-d5/resources/proteus/gcc/bin/../lib/gcc/arm-none-eabi/4.6.2/../../../../arm-none-eabi/lib/armv7e-m\libsupc++.a(eh_globals.o)
                0x000155a0                __cxa_get_globals
 .text._ZL12read_sleb128PKhPl
                0x000155ac       0x3c z:/home/bobby/projects/robot-d5/resources/proteus/gcc/bin/../lib/gcc/arm-none-eabi/4.6.2/../../../../arm-none-eabi/lib/armv7e-m\libsupc++.a(eh_personality.o)
 .text._ZL28read_encoded_value_with_basehjPKhPj
                0x000155e8       0xa4 z:/home/bobby/projects/robot-d5/resources/proteus/gcc/bin/../lib/gcc/arm-none-eabi/4.6.2/../../../../arm-none-eabi/lib/armv7e-m\libsupc++.a(eh_personality.o)
 .text._ZL21base_of_encoded_valuehP15_Unwind_Context
                0x0001568c       0x4c z:/home/bobby/projects/robot-d5/resources/proteus/gcc/bin/../lib/gcc/arm-none-eabi/4.6.2/../../../../arm-none-eabi/lib/armv7e-m\libsupc++.a(eh_personality.o)
 .text._ZL17parse_lsda_headerP15_Unwind_ContextPKhP16lsda_header_info.constprop.1
                0x000156d8       0x90 z:/home/bobby/projects/robot-d5/resources/proteus/gcc/bin/../lib/gcc/arm-none-eabi/4.6.2/../../../../arm-none-eabi/lib/armv7e-m\libsupc++.a(eh_personality.o)
 .text.__gxx_personality_v0
                0x00015768      0x3bc z:/home/bobby/projects/robot-d5/resources/proteus/gcc/bin/../lib/gcc/arm-none-eabi/4.6.2/../../../../arm-none-eabi/lib/armv7e-m\libsupc++.a(eh_personality.o)
                0x00015768                __gxx_personality_v0
 .text._ZN10__cxxabiv111__terminateEPFvvE
                0x00015b24       0x28 z:/home/bobby/projects/robot-d5/resources/proteus/gcc/bin/../lib/gcc/arm-none-eabi/4.6.2/../../../../arm-none-eabi/lib/armv7e-m\libsupc++.a(eh_terminate.o)
                0x00015b24                __cxxabiv1::__terminate(void (*)())
 .text._ZSt9terminatev
                0x00015b4c       0x10 z:/home/bobby/projects/robot-d5/resources/proteus/gcc/bin/../lib/gcc/arm-none-eabi/4.6.2/../../../../arm-none-eabi/lib/armv7e-m\libsupc++.a(eh_terminate.o)
                0x00015b4c                std::terminate()
 .text._ZN10__cxxabiv112__unexpectedEPFvvE
                0x00015b5c        0x8 z:/home/bobby/projects/robot-d5/resources/proteus/gcc/bin/../lib/gcc/arm-none-eabi/4.6.2/../../../../arm-none-eabi/lib/armv7e-m\libsupc++.a(eh_terminate.o)
                0x00015b5c                __cxxabiv1::__unexpected(void (*)())
 .text._ZSt10unexpectedv
                0x00015b64       0x14 z:/home/bobby/projects/robot-d5/resources/proteus/gcc/bin/../lib/gcc/arm-none-eabi/4.6.2/../../../../arm-none-eabi/lib/armv7e-m\libsupc++.a(eh_terminate.o)
                0x00015b64                std::unexpected()
 .text._ZL23__gxx_exception_cleanup19_Unwind_Reason_CodeP21_Unwind_Control_Block
                0x00015b78       0x4c z:/home/bobby/projects/robot-d5/resources/proteus/gcc/bin/../lib/gcc/arm-none-eabi/4.6.2/../../../../arm-none-eabi/lib/armv7e-m\libsupc++.a(eh_throw.o)
 .text.__cxa_throw
                0x00015bc4       0x80 z:/home/bobby/projects/robot-d5/resources/proteus/gcc/bin/../lib/gcc/arm-none-eabi/4.6.2/../../../../arm-none-eabi/lib/armv7e-m\libsupc++.a(eh_throw.o)
                0x00015bc4                __cxa_throw
 .text.__cxa_rethrow
                0x00015c44       0x78 z:/home/bobby/projects/robot-d5/resources/proteus/gcc/bin/../lib/gcc/arm-none-eabi/4.6.2/../../../../arm-none-eabi/lib/armv7e-m\libsupc++.a(eh_throw.o)
                0x00015c44                __cxa_rethrow
 .text._ZN10__cxxabiv123__fundamental_type_infoD2Ev
                0x00015cbc       0x14 z:/home/bobby/projects/robot-d5/resources/proteus/gcc/bin/../lib/gcc/arm-none-eabi/4.6.2/../../../../arm-none-eabi/lib/armv7e-m\libsupc++.a(fundamental_type_info.o)
                0x00015cbc                __cxxabiv1::__fundamental_type_info::~__fundamental_type_info()
                0x00015cbc                __cxxabiv1::__fundamental_type_info::~__fundamental_type_info()
 .text._ZN10__cxxabiv123__fundamental_type_infoD0Ev
                0x00015cd0       0x1c z:/home/bobby/projects/robot-d5/resources/proteus/gcc/bin/../lib/gcc/arm-none-eabi/4.6.2/../../../../arm-none-eabi/lib/armv7e-m\libsupc++.a(fundamental_type_info.o)
                0x00015cd0                __cxxabiv1::__fundamental_type_info::~__fundamental_type_info()
 .text._ZNK10__cxxabiv119__pointer_type_info14__is_pointer_pEv
                0x00015cec        0x4 z:/home/bobby/projects/robot-d5/resources/proteus/gcc/bin/../lib/gcc/arm-none-eabi/4.6.2/../../../../arm-none-eabi/lib/armv7e-m\libsupc++.a(pointer_type_info.o)
                0x00015cec                __cxxabiv1::__pointer_type_info::__is_pointer_p() const
 .text._ZN10__cxxabiv119__pointer_type_infoD2Ev
                0x00015cf0       0x14 z:/home/bobby/projects/robot-d5/resources/proteus/gcc/bin/../lib/gcc/arm-none-eabi/4.6.2/../../../../arm-none-eabi/lib/armv7e-m\libsupc++.a(pointer_type_info.o)
                0x00015cf0                __cxxabiv1::__pointer_type_info::~__pointer_type_info()
                0x00015cf0                __cxxabiv1::__pointer_type_info::~__pointer_type_info()
 .text._ZN10__cxxabiv119__pointer_type_infoD0Ev
                0x00015d04       0x1c z:/home/bobby/projects/robot-d5/resources/proteus/gcc/bin/../lib/gcc/arm-none-eabi/4.6.2/../../../../arm-none-eabi/lib/armv7e-m\libsupc++.a(pointer_type_info.o)
                0x00015d04                __cxxabiv1::__pointer_type_info::~__pointer_type_info()
 .text._ZNK10__cxxabiv119__pointer_type_info15__pointer_catchEPKNS_17__pbase_type_infoEPPvj
                0x00015d20       0x44 z:/home/bobby/projects/robot-d5/resources/proteus/gcc/bin/../lib/gcc/arm-none-eabi/4.6.2/../../../../arm-none-eabi/lib/armv7e-m\libsupc++.a(pointer_type_info.o)
                0x00015d20                __cxxabiv1::__pointer_type_info::__pointer_catch(__cxxabiv1::__pbase_type_info const*, void**, unsigned int) const
 .text._ZN10__cxxabiv120__si_class_type_infoD2Ev
                0x00015d64       0x14 z:/home/bobby/projects/robot-d5/resources/proteus/gcc/bin/../lib/gcc/arm-none-eabi/4.6.2/../../../../arm-none-eabi/lib/armv7e-m\libsupc++.a(si_class_type_info.o)
                0x00015d64                __cxxabiv1::__si_class_type_info::~__si_class_type_info()
                0x00015d64                __cxxabiv1::__si_class_type_info::~__si_class_type_info()
 .text._ZN10__cxxabiv120__si_class_type_infoD0Ev
                0x00015d78       0x1c z:/home/bobby/projects/robot-d5/resources/proteus/gcc/bin/../lib/gcc/arm-none-eabi/4.6.2/../../../../arm-none-eabi/lib/armv7e-m\libsupc++.a(si_class_type_info.o)
                0x00015d78                __cxxabiv1::__si_class_type_info::~__si_class_type_info()
 .text._ZNK10__cxxabiv120__si_class_type_info11__do_upcastEPKNS_17__class_type_infoEPKvRNS1_15__upcast_resultE
                0x00015d94       0x24 z:/home/bobby/projects/robot-d5/resources/proteus/gcc/bin/../lib/gcc/arm-none-eabi/4.6.2/../../../../arm-none-eabi/lib/armv7e-m\libsupc++.a(si_class_type_info.o)
                0x00015d94                __cxxabiv1::__si_class_type_info::__do_upcast(__cxxabiv1::__class_type_info const*, void const*, __cxxabiv1::__class_type_info::__upcast_result&) const
 .text._ZNK10__cxxabiv120__si_class_type_info12__do_dyncastEiNS_17__class_type_info10__sub_kindEPKS1_PKvS4_S6_RNS1_16__dyncast_resultE
                0x00015db8       0x94 z:/home/bobby/projects/robot-d5/resources/proteus/gcc/bin/../lib/gcc/arm-none-eabi/4.6.2/../../../../arm-none-eabi/lib/armv7e-m\libsupc++.a(si_class_type_info.o)
                0x00015db8                __cxxabiv1::__si_class_type_info::__do_dyncast(int, __cxxabiv1::__class_type_info::__sub_kind, __cxxabiv1::__class_type_info const*, void const*, __cxxabiv1::__class_type_info const*, void const*, __cxxabiv1::__class_type_info::__dyncast_result&) const
 .text._ZNK10__cxxabiv120__si_class_type_info20__do_find_public_srcEiPKvPKNS_17__class_type_infoES2_
                0x00015e4c       0x34 z:/home/bobby/projects/robot-d5/resources/proteus/gcc/bin/../lib/gcc/arm-none-eabi/4.6.2/../../../../arm-none-eabi/lib/armv7e-m\libsupc++.a(si_class_type_info.o)
                0x00015e4c                __cxxabiv1::__si_class_type_info::__do_find_public_src(int, void const*, __cxxabiv1::__class_type_info const*, void const*) const
 .text._ZNSt9type_infoD2Ev
                0x00015e80        0xc z:/home/bobby/projects/robot-d5/resources/proteus/gcc/bin/../lib/gcc/arm-none-eabi/4.6.2/../../../../arm-none-eabi/lib/armv7e-m\libsupc++.a(tinfo.o)
                0x00015e80                std::type_info::~type_info()
                0x00015e80                std::type_info::~type_info()
 .text._ZNKSt9type_info14__is_pointer_pEv
                0x00015e8c        0x4 z:/home/bobby/projects/robot-d5/resources/proteus/gcc/bin/../lib/gcc/arm-none-eabi/4.6.2/../../../../arm-none-eabi/lib/armv7e-m\libsupc++.a(tinfo.o)
                0x00015e8c                std::type_info::__is_pointer_p() const
 .text._ZNKSt9type_info15__is_function_pEv
                0x00015e90        0x4 z:/home/bobby/projects/robot-d5/resources/proteus/gcc/bin/../lib/gcc/arm-none-eabi/4.6.2/../../../../arm-none-eabi/lib/armv7e-m\libsupc++.a(tinfo.o)
                0x00015e90                std::type_info::__is_function_p() const
 .text._ZNKSt9type_info11__do_upcastEPKN10__cxxabiv117__class_type_infoEPPv
                0x00015e94        0x4 z:/home/bobby/projects/robot-d5/resources/proteus/gcc/bin/../lib/gcc/arm-none-eabi/4.6.2/../../../../arm-none-eabi/lib/armv7e-m\libsupc++.a(tinfo.o)
                0x00015e94                std::type_info::__do_upcast(__cxxabiv1::__class_type_info const*, void**) const
 .text._ZNSt9type_infoD0Ev
                0x00015e98       0x14 z:/home/bobby/projects/robot-d5/resources/proteus/gcc/bin/../lib/gcc/arm-none-eabi/4.6.2/../../../../arm-none-eabi/lib/armv7e-m\libsupc++.a(tinfo.o)
                0x00015e98                std::type_info::~type_info()
 .text._ZNKSt9type_infoeqERKS_
                0x00015eac       0x30 z:/home/bobby/projects/robot-d5/resources/proteus/gcc/bin/../lib/gcc/arm-none-eabi/4.6.2/../../../../arm-none-eabi/lib/armv7e-m\libsupc++.a(tinfo.o)
                0x00015eac                std::type_info::operator==(std::type_info const&) const
 .text._ZNKSt9type_info10__do_catchEPKS_PPvj
                0x00015edc        0x4 z:/home/bobby/projects/robot-d5/resources/proteus/gcc/bin/../lib/gcc/arm-none-eabi/4.6.2/../../../../arm-none-eabi/lib/armv7e-m\libsupc++.a(tinfo.o)
                0x00015edc                std::type_info::__do_catch(std::type_info const*, void**, unsigned int) const
 .text._ZNKSt10bad_typeid4whatEv
                0x00015ee0        0xc z:/home/bobby/projects/robot-d5/resources/proteus/gcc/bin/../lib/gcc/arm-none-eabi/4.6.2/../../../../arm-none-eabi/lib/armv7e-m\libsupc++.a(bad_typeid.o)
                0x00015ee0                std::bad_typeid::what() const
 .text._ZNSt10bad_typeidD2Ev
                0x00015eec       0x14 z:/home/bobby/projects/robot-d5/resources/proteus/gcc/bin/../lib/gcc/arm-none-eabi/4.6.2/../../../../arm-none-eabi/lib/armv7e-m\libsupc++.a(bad_typeid.o)
                0x00015eec                std::bad_typeid::~bad_typeid()
                0x00015eec                std::bad_typeid::~bad_typeid()
 .text._ZNSt10bad_typeidD0Ev
                0x00015f00       0x1c z:/home/bobby/projects/robot-d5/resources/proteus/gcc/bin/../lib/gcc/arm-none-eabi/4.6.2/../../../../arm-none-eabi/lib/armv7e-m\libsupc++.a(bad_typeid.o)
                0x00015f00                std::bad_typeid::~bad_typeid()
 .text._ZNK10__cxxabiv117__pbase_type_info15__pointer_catchEPKS0_PPvj
                0x00015f1c       0x10 z:/home/bobby/projects/robot-d5/resources/proteus/gcc/bin/../lib/gcc/arm-none-eabi/4.6.2/../../../../arm-none-eabi/lib/armv7e-m\libsupc++.a(pbase_type_info.o)
                0x00015f1c                __cxxabiv1::__pbase_type_info::__pointer_catch(__cxxabiv1::__pbase_type_info const*, void**, unsigned int) const
 .text._ZN10__cxxabiv117__pbase_type_infoD2Ev
                0x00015f2c       0x14 z:/home/bobby/projects/robot-d5/resources/proteus/gcc/bin/../lib/gcc/arm-none-eabi/4.6.2/../../../../arm-none-eabi/lib/armv7e-m\libsupc++.a(pbase_type_info.o)
                0x00015f2c                __cxxabiv1::__pbase_type_info::~__pbase_type_info()
                0x00015f2c                __cxxabiv1::__pbase_type_info::~__pbase_type_info()
 .text._ZN10__cxxabiv117__pbase_type_infoD0Ev
                0x00015f40       0x1c z:/home/bobby/projects/robot-d5/resources/proteus/gcc/bin/../lib/gcc/arm-none-eabi/4.6.2/../../../../arm-none-eabi/lib/armv7e-m\libsupc++.a(pbase_type_info.o)
                0x00015f40                __cxxabiv1::__pbase_type_info::~__pbase_type_info()
 .text._ZNK10__cxxabiv117__pbase_type_info10__do_catchEPKSt9type_infoPPvj
                0x00015f5c       0x68 z:/home/bobby/projects/robot-d5/resources/proteus/gcc/bin/../lib/gcc/arm-none-eabi/4.6.2/../../../../arm-none-eabi/lib/armv7e-m\libsupc++.a(pbase_type_info.o)
                0x00015f5c                __cxxabiv1::__pbase_type_info::__do_catch(std::type_info const*, void**, unsigned int) const
 .text.abort    0x00015fc4       0x24 ../resources/Proteus/EWL/lib/armv7e-m\libc.a(abort.o)
                0x00015fc4                abort
 .text.sbrk     0x00015fe8       0x28 ../resources/Proteus/EWL/lib/armv7e-m\libc.a(alloc.o)
                0x00015fe8                sbrk
 .text.malloc   0x00016010      0x110 ../resources/Proteus/EWL/lib/armv7e-m\libc.a(alloc.o)
                0x00016010                malloc
 .text.free     0x00016120       0x10 ../resources/Proteus/EWL/lib/armv7e-m\libc.a(alloc.o)
                0x00016120                free
 .text.strcmp   0x00016130       0x18 ../resources/Proteus/EWL/lib/armv7e-m\libc.a(strcmp.o)
                0x00016130                strcmp
 .text.raise    0x00016148       0x3c ../resources/Proteus/EWL/lib/armv7e-m\libc.a(raise.o)
                0x00016148                raise
 *(.rodata)
 .rodata        0x00016184       0x64 ../src/main.o
 .rodata        0x000161e8       0x48 ../src/logging.o
 .rodata        0x00016230       0x34 Libraries/FEHLCD.o
 .rodata        0x00016264      0x150 Libraries/FEHWONKA.o
 *(.rodata*)
 .rodata._ZL9GPIOPorts
                0x000163b4       0x20 Libraries/FEHIO.o
 .rodata._ZL10ADCNumbers
                0x000163d4       0x24 Libraries/FEHIO.o
 .rodata._ZL14GPIOPinNumbers
                0x000163f8       0x80 Libraries/FEHIO.o
 .rodata._ZL16AnalogPinNumbers
                0x00016478       0x84 Libraries/FEHIO.o
 .rodata.str1.1
                0x00000000        0x0 ../resources/Proteus/EWL/lib/armv7e-m\libc.a(printformat_.o)
                                  0x1 (size before relaxing)
 .rodata.__aeabi_ctype_table_C
                0x000164fc      0x101 ../resources/Proteus/EWL/lib/armv7e-m\libc.a(ctype_aeabi.o)
                0x000164fc                __aeabi_ctype_table_C
 *fill*         0x000165fd        0x3 00
 .rodata._ZTVSt9bad_alloc
                0x00016600       0x18 ../resources/Proteus/EWL/lib/armv7e-m\librt.a(New.o)
                0x00016600                vtable for std::bad_alloc
 .rodata._ZTISt9bad_alloc
                0x00016618        0xc ../resources/Proteus/EWL/lib/armv7e-m\librt.a(New.o)
                0x00016618                typeinfo for std::bad_alloc
 .rodata._ZTSSt9bad_alloc
                0x00016624        0xd ../resources/Proteus/EWL/lib/armv7e-m\librt.a(New.o)
                0x00016624                typeinfo name for std::bad_alloc
 .rodata.str1.1
                0x00016631       0x14 ../resources/Proteus/EWL/lib/armv7e-m\librt.a(New.o)
 *fill*         0x00016645        0x3 00
 .rodata._ZTVN10__cxxabiv117__class_type_infoE
                0x00016648       0x30 z:/home/bobby/projects/robot-d5/resources/proteus/gcc/bin/../lib/gcc/arm-none-eabi/4.6.2/../../../../arm-none-eabi/lib/armv7e-m\libsupc++.a(class_type_info.o)
                0x00016648                vtable for __cxxabiv1::__class_type_info
 .rodata._ZTIN10__cxxabiv117__class_type_infoE
                0x00016678        0xc z:/home/bobby/projects/robot-d5/resources/proteus/gcc/bin/../lib/gcc/arm-none-eabi/4.6.2/../../../../arm-none-eabi/lib/armv7e-m\libsupc++.a(class_type_info.o)
                0x00016678                typeinfo for __cxxabiv1::__class_type_info
 .rodata._ZTSN10__cxxabiv117__class_type_infoE
                0x00016684       0x24 z:/home/bobby/projects/robot-d5/resources/proteus/gcc/bin/../lib/gcc/arm-none-eabi/4.6.2/../../../../arm-none-eabi/lib/armv7e-m\libsupc++.a(class_type_info.o)
                0x00016684                typeinfo name for __cxxabiv1::__class_type_info
 .rodata._ZTVSt9exception
                0x000166a8       0x18 z:/home/bobby/projects/robot-d5/resources/proteus/gcc/bin/../lib/gcc/arm-none-eabi/4.6.2/../../../../arm-none-eabi/lib/armv7e-m\libsupc++.a(eh_exception.o)
                0x000166a8                vtable for std::exception
 .rodata._ZTIN10__cxxabiv115__forced_unwindE
                0x000166c0        0x8 z:/home/bobby/projects/robot-d5/resources/proteus/gcc/bin/../lib/gcc/arm-none-eabi/4.6.2/../../../../arm-none-eabi/lib/armv7e-m\libsupc++.a(eh_exception.o)
                0x000166c0                typeinfo for __cxxabiv1::__forced_unwind
 .rodata._ZTISt9exception
                0x000166c8        0x8 z:/home/bobby/projects/robot-d5/resources/proteus/gcc/bin/../lib/gcc/arm-none-eabi/4.6.2/../../../../arm-none-eabi/lib/armv7e-m\libsupc++.a(eh_exception.o)
                0x000166c8                typeinfo for std::exception
 .rodata._ZTSSt13bad_exception
                0x000166d0       0x14 z:/home/bobby/projects/robot-d5/resources/proteus/gcc/bin/../lib/gcc/arm-none-eabi/4.6.2/../../../../arm-none-eabi/lib/armv7e-m\libsupc++.a(eh_exception.o)
                0x000166d0                typeinfo name for std::bad_exception
 .rodata.str1.4
                0x000166e4       0x23 z:/home/bobby/projects/robot-d5/resources/proteus/gcc/bin/../lib/gcc/arm-none-eabi/4.6.2/../../../../arm-none-eabi/lib/armv7e-m\libsupc++.a(eh_exception.o)
                                 0x24 (size before relaxing)
 *fill*         0x00016707        0x1 00
 .rodata._ZTSN10__cxxabiv119__foreign_exceptionE
                0x00016708       0x24 z:/home/bobby/projects/robot-d5/resources/proteus/gcc/bin/../lib/gcc/arm-none-eabi/4.6.2/../../../../arm-none-eabi/lib/armv7e-m\libsupc++.a(eh_exception.o)
                0x00016708                typeinfo name for __cxxabiv1::__foreign_exception
 .rodata._ZTIN10__cxxabiv119__foreign_exceptionE
                0x0001672c        0x8 z:/home/bobby/projects/robot-d5/resources/proteus/gcc/bin/../lib/gcc/arm-none-eabi/4.6.2/../../../../arm-none-eabi/lib/armv7e-m\libsupc++.a(eh_exception.o)
                0x0001672c                typeinfo for __cxxabiv1::__foreign_exception
 *fill*         0x00016734        0x4 00
 .rodata._ZTVSt13bad_exception
                0x00016738       0x18 z:/home/bobby/projects/robot-d5/resources/proteus/gcc/bin/../lib/gcc/arm-none-eabi/4.6.2/../../../../arm-none-eabi/lib/armv7e-m\libsupc++.a(eh_exception.o)
                0x00016738                vtable for std::bad_exception
 .rodata._ZTSSt9exception
                0x00016750       0x10 z:/home/bobby/projects/robot-d5/resources/proteus/gcc/bin/../lib/gcc/arm-none-eabi/4.6.2/../../../../arm-none-eabi/lib/armv7e-m\libsupc++.a(eh_exception.o)
                0x00016750                typeinfo name for std::exception
 .rodata._ZTSN10__cxxabiv115__forced_unwindE
                0x00016760       0x20 z:/home/bobby/projects/robot-d5/resources/proteus/gcc/bin/../lib/gcc/arm-none-eabi/4.6.2/../../../../arm-none-eabi/lib/armv7e-m\libsupc++.a(eh_exception.o)
                0x00016760                typeinfo name for __cxxabiv1::__forced_unwind
 .rodata._ZTISt13bad_exception
                0x00016780        0xc z:/home/bobby/projects/robot-d5/resources/proteus/gcc/bin/../lib/gcc/arm-none-eabi/4.6.2/../../../../arm-none-eabi/lib/armv7e-m\libsupc++.a(eh_exception.o)
                0x00016780                typeinfo for std::bad_exception
 .rodata._ZTIPv
                0x0001678c       0x10 z:/home/bobby/projects/robot-d5/resources/proteus/gcc/bin/../lib/gcc/arm-none-eabi/4.6.2/../../../../arm-none-eabi/lib/armv7e-m\libsupc++.a(fundamental_type_info.o)
                0x0001678c                typeinfo for void*
 .rodata._ZTIv  0x0001679c        0x8 z:/home/bobby/projects/robot-d5/resources/proteus/gcc/bin/../lib/gcc/arm-none-eabi/4.6.2/../../../../arm-none-eabi/lib/armv7e-m\libsupc++.a(fundamental_type_info.o)
                0x0001679c                typeinfo for void
 .rodata._ZTSPv
                0x000167a4        0x4 z:/home/bobby/projects/robot-d5/resources/proteus/gcc/bin/../lib/gcc/arm-none-eabi/4.6.2/../../../../arm-none-eabi/lib/armv7e-m\libsupc++.a(fundamental_type_info.o)
                0x000167a4                typeinfo name for void*
 .rodata._ZTSv  0x000167a8        0x4 z:/home/bobby/projects/robot-d5/resources/proteus/gcc/bin/../lib/gcc/arm-none-eabi/4.6.2/../../../../arm-none-eabi/lib/armv7e-m\libsupc++.a(fundamental_type_info.o)
                0x000167a8                typeinfo name for void
 .rodata._ZTIN10__cxxabiv123__fundamental_type_infoE
                0x000167ac        0xc z:/home/bobby/projects/robot-d5/resources/proteus/gcc/bin/../lib/gcc/arm-none-eabi/4.6.2/../../../../arm-none-eabi/lib/armv7e-m\libsupc++.a(fundamental_type_info.o)
                0x000167ac                typeinfo for __cxxabiv1::__fundamental_type_info
 .rodata._ZTSN10__cxxabiv123__fundamental_type_infoE
                0x000167b8       0x28 z:/home/bobby/projects/robot-d5/resources/proteus/gcc/bin/../lib/gcc/arm-none-eabi/4.6.2/../../../../arm-none-eabi/lib/armv7e-m\libsupc++.a(fundamental_type_info.o)
                0x000167b8                typeinfo name for __cxxabiv1::__fundamental_type_info
 .rodata._ZTVN10__cxxabiv123__fundamental_type_infoE
                0x000167e0       0x20 z:/home/bobby/projects/robot-d5/resources/proteus/gcc/bin/../lib/gcc/arm-none-eabi/4.6.2/../../../../arm-none-eabi/lib/armv7e-m\libsupc++.a(fundamental_type_info.o)
                0x000167e0                vtable for __cxxabiv1::__fundamental_type_info
 .rodata._ZTSN10__cxxabiv119__pointer_type_infoE
                0x00016800       0x24 z:/home/bobby/projects/robot-d5/resources/proteus/gcc/bin/../lib/gcc/arm-none-eabi/4.6.2/../../../../arm-none-eabi/lib/armv7e-m\libsupc++.a(pointer_type_info.o)
                0x00016800                typeinfo name for __cxxabiv1::__pointer_type_info
 .rodata._ZTIN10__cxxabiv119__pointer_type_infoE
                0x00016824        0xc z:/home/bobby/projects/robot-d5/resources/proteus/gcc/bin/../lib/gcc/arm-none-eabi/4.6.2/../../../../arm-none-eabi/lib/armv7e-m\libsupc++.a(pointer_type_info.o)
                0x00016824                typeinfo for __cxxabiv1::__pointer_type_info
 .rodata._ZTVN10__cxxabiv119__pointer_type_infoE
                0x00016830       0x28 z:/home/bobby/projects/robot-d5/resources/proteus/gcc/bin/../lib/gcc/arm-none-eabi/4.6.2/../../../../arm-none-eabi/lib/armv7e-m\libsupc++.a(pointer_type_info.o)
                0x00016830                vtable for __cxxabiv1::__pointer_type_info
 .rodata._ZTVN10__cxxabiv120__si_class_type_infoE
                0x00016858       0x30 z:/home/bobby/projects/robot-d5/resources/proteus/gcc/bin/../lib/gcc/arm-none-eabi/4.6.2/../../../../arm-none-eabi/lib/armv7e-m\libsupc++.a(si_class_type_info.o)
                0x00016858                vtable for __cxxabiv1::__si_class_type_info
 .rodata._ZTIN10__cxxabiv120__si_class_type_infoE
                0x00016888        0xc z:/home/bobby/projects/robot-d5/resources/proteus/gcc/bin/../lib/gcc/arm-none-eabi/4.6.2/../../../../arm-none-eabi/lib/armv7e-m\libsupc++.a(si_class_type_info.o)
                0x00016888                typeinfo for __cxxabiv1::__si_class_type_info
 .rodata._ZTSN10__cxxabiv120__si_class_type_infoE
                0x00016894       0x28 z:/home/bobby/projects/robot-d5/resources/proteus/gcc/bin/../lib/gcc/arm-none-eabi/4.6.2/../../../../arm-none-eabi/lib/armv7e-m\libsupc++.a(si_class_type_info.o)
                0x00016894                typeinfo name for __cxxabiv1::__si_class_type_info
 .rodata._ZTISt9type_info
                0x000168bc        0x8 z:/home/bobby/projects/robot-d5/resources/proteus/gcc/bin/../lib/gcc/arm-none-eabi/4.6.2/../../../../arm-none-eabi/lib/armv7e-m\libsupc++.a(tinfo.o)
                0x000168bc                typeinfo for std::type_info
 .rodata._ZTSSt9type_info
                0x000168c4       0x10 z:/home/bobby/projects/robot-d5/resources/proteus/gcc/bin/../lib/gcc/arm-none-eabi/4.6.2/../../../../arm-none-eabi/lib/armv7e-m\libsupc++.a(tinfo.o)
                0x000168c4                typeinfo name for std::type_info
 *fill*         0x000168d4        0x4 00
 .rodata._ZTVSt9type_info
                0x000168d8       0x20 z:/home/bobby/projects/robot-d5/resources/proteus/gcc/bin/../lib/gcc/arm-none-eabi/4.6.2/../../../../arm-none-eabi/lib/armv7e-m\libsupc++.a(tinfo.o)
                0x000168d8                vtable for std::type_info
 .rodata._ZTVSt10bad_typeid
                0x000168f8       0x18 z:/home/bobby/projects/robot-d5/resources/proteus/gcc/bin/../lib/gcc/arm-none-eabi/4.6.2/../../../../arm-none-eabi/lib/armv7e-m\libsupc++.a(bad_typeid.o)
                0x000168f8                vtable for std::bad_typeid
 .rodata._ZTISt10bad_typeid
                0x00016910        0xc z:/home/bobby/projects/robot-d5/resources/proteus/gcc/bin/../lib/gcc/arm-none-eabi/4.6.2/../../../../arm-none-eabi/lib/armv7e-m\libsupc++.a(bad_typeid.o)
                0x00016910                typeinfo for std::bad_typeid
 .rodata.str1.4
                0x0001691c       0x10 z:/home/bobby/projects/robot-d5/resources/proteus/gcc/bin/../lib/gcc/arm-none-eabi/4.6.2/../../../../arm-none-eabi/lib/armv7e-m\libsupc++.a(bad_typeid.o)
 .rodata._ZTSSt10bad_typeid
                0x0001692c       0x10 z:/home/bobby/projects/robot-d5/resources/proteus/gcc/bin/../lib/gcc/arm-none-eabi/4.6.2/../../../../arm-none-eabi/lib/armv7e-m\libsupc++.a(bad_typeid.o)
                0x0001692c                typeinfo name for std::bad_typeid
 .rodata._ZTIN10__cxxabiv117__pbase_type_infoE
                0x0001693c        0xc z:/home/bobby/projects/robot-d5/resources/proteus/gcc/bin/../lib/gcc/arm-none-eabi/4.6.2/../../../../arm-none-eabi/lib/armv7e-m\libsupc++.a(pbase_type_info.o)
                0x0001693c                typeinfo for __cxxabiv1::__pbase_type_info
 .rodata._ZTSN10__cxxabiv117__pbase_type_infoE
                0x00016948       0x24 z:/home/bobby/projects/robot-d5/resources/proteus/gcc/bin/../lib/gcc/arm-none-eabi/4.6.2/../../../../arm-none-eabi/lib/armv7e-m\libsupc++.a(pbase_type_info.o)
                0x00016948                typeinfo name for __cxxabiv1::__pbase_type_info
 *fill*         0x0001696c        0x4 00
 .rodata._ZTVN10__cxxabiv117__pbase_type_infoE
                0x00016970       0x28 z:/home/bobby/projects/robot-d5/resources/proteus/gcc/bin/../lib/gcc/arm-none-eabi/4.6.2/../../../../arm-none-eabi/lib/armv7e-m\libsupc++.a(pbase_type_info.o)
                0x00016970                vtable for __cxxabiv1::__pbase_type_info
 *(.glue_7)
 .glue_7        0x00000000        0x0 linker stubs
 *(.glue_7t)
 .glue_7t       0x00000000        0x0 linker stubs
 *(.eh_frame)
 *(.init)
 *(.fini)
                0x00016998                . = ALIGN (0x4)
                0x00016998                _etext = .

.vfp11_veneer   0x00016998        0x0
 .vfp11_veneer  0x00000000        0x0 linker stubs

.v4_bx          0x00016998        0x0
 .v4_bx         0x00000000        0x0 linker stubs

.ARM.extab      0x00016998      0x114
 *(.ARM.extab* .gnu.linkonce.armextab.*)
 .ARM.extab.text._ZNSt9bad_allocD2Ev
                0x00016998        0x0 ../resources/Proteus/EWL/lib/armv7e-m\librt.a(New.o)
 .ARM.extab.text._ZNKSt9bad_alloc4whatEv
                0x00016998        0x0 ../resources/Proteus/EWL/lib/armv7e-m\librt.a(New.o)
 .ARM.extab.text._Znwj
                0x00016998       0x20 ../resources/Proteus/EWL/lib/armv7e-m\librt.a(New.o)
 .ARM.extab.text._ZNSt9bad_allocD0Ev
                0x000169b8        0x0 ../resources/Proteus/EWL/lib/armv7e-m\librt.a(New.o)
 .ARM.extab.text.__cxa_bad_typeid
                0x000169b8        0xc z:/home/bobby/projects/robot-d5/resources/proteus/gcc/bin/../lib/gcc/arm-none-eabi/4.6.2/../../../../arm-none-eabi/lib/armv7e-m\libsupc++.a(eh_aux_runtime.o)
 .ARM.extab.text.__cxa_call_unexpected
                0x000169c4       0x28 z:/home/bobby/projects/robot-d5/resources/proteus/gcc/bin/../lib/gcc/arm-none-eabi/4.6.2/../../../../arm-none-eabi/lib/armv7e-m\libsupc++.a(eh_call.o)
 .ARM.extab.text.__cxa_begin_catch
                0x000169ec       0x20 z:/home/bobby/projects/robot-d5/resources/proteus/gcc/bin/../lib/gcc/arm-none-eabi/4.6.2/../../../../arm-none-eabi/lib/armv7e-m\libsupc++.a(eh_catch.o)
 .ARM.extab.text._ZL21base_of_encoded_valuehP15_Unwind_Context
                0x00016a0c        0xc z:/home/bobby/projects/robot-d5/resources/proteus/gcc/bin/../lib/gcc/arm-none-eabi/4.6.2/../../../../arm-none-eabi/lib/armv7e-m\libsupc++.a(eh_personality.o)
 .ARM.extab.text.__gxx_personality_v0
                0x00016a18       0x20 z:/home/bobby/projects/robot-d5/resources/proteus/gcc/bin/../lib/gcc/arm-none-eabi/4.6.2/../../../../arm-none-eabi/lib/armv7e-m\libsupc++.a(eh_personality.o)
 .ARM.extab.text._ZN10__cxxabiv111__terminateEPFvvE
                0x00016a38       0x2c z:/home/bobby/projects/robot-d5/resources/proteus/gcc/bin/../lib/gcc/arm-none-eabi/4.6.2/../../../../arm-none-eabi/lib/armv7e-m\libsupc++.a(eh_terminate.o)
 .ARM.extab.text._ZN10__cxxabiv112__unexpectedEPFvvE
                0x00016a64        0xc z:/home/bobby/projects/robot-d5/resources/proteus/gcc/bin/../lib/gcc/arm-none-eabi/4.6.2/../../../../arm-none-eabi/lib/armv7e-m\libsupc++.a(eh_terminate.o)
 .ARM.extab.text._ZSt10unexpectedv
                0x00016a70        0xc z:/home/bobby/projects/robot-d5/resources/proteus/gcc/bin/../lib/gcc/arm-none-eabi/4.6.2/../../../../arm-none-eabi/lib/armv7e-m\libsupc++.a(eh_terminate.o)
 .ARM.extab.text._ZNK10__cxxabiv117__pbase_type_info15__pointer_catchEPKS0_PPvj
                0x00016a7c        0x0 z:/home/bobby/projects/robot-d5/resources/proteus/gcc/bin/../lib/gcc/arm-none-eabi/4.6.2/../../../../arm-none-eabi/lib/armv7e-m\libsupc++.a(pbase_type_info.o)
 .ARM.extab     0x00016a7c       0x18 z:/home/bobby/projects/robot-d5/resources/proteus/gcc/bin/../lib/gcc/arm-none-eabi/4.6.2/armv7e-m\libgcc.a(unwind-arm.o)
 .ARM.extab     0x00016a94       0x18 z:/home/bobby/projects/robot-d5/resources/proteus/gcc/bin/../lib/gcc/arm-none-eabi/4.6.2/armv7e-m\libgcc.a(pr-support.o)

.ARM            0x00016aac      0x1f0
                0x00016aac                __exidx_start = .
 *(.ARM.exidx*)
 .ARM.exidx.text._ZNSt9bad_allocD2Ev
                0x00016b6c        0x0 ../resources/Proteus/EWL/lib/armv7e-m\librt.a(New.o)
                                  0x8 (size before relaxing)
 .ARM.exidx.text._ZNKSt9bad_alloc4whatEv
                0x00016b6c        0x0 ../resources/Proteus/EWL/lib/armv7e-m\librt.a(New.o)
                                  0x8 (size before relaxing)
 .ARM.exidx.text._Znwj
                0x00016b6c        0x8 ../resources/Proteus/EWL/lib/armv7e-m\librt.a(New.o)
 .ARM.exidx.text._ZdlPv
                0x00016b74        0x8 ../resources/Proteus/EWL/lib/armv7e-m\librt.a(New.o)
 .ARM.exidx.text._ZNSt9bad_allocD0Ev
                0x00016b7c        0x0 ../resources/Proteus/EWL/lib/armv7e-m\librt.a(New.o)
                                  0x8 (size before relaxing)
 .ARM.exidx.text._ZNK10__cxxabiv117__class_type_info11__do_upcastEPKS0_PPv
                0x00016b7c        0x8 z:/home/bobby/projects/robot-d5/resources/proteus/gcc/bin/../lib/gcc/arm-none-eabi/4.6.2/../../../../arm-none-eabi/lib/armv7e-m\libsupc++.a(class_type_info.o)
 .ARM.exidx.text._ZNK10__cxxabiv117__class_type_info20__do_find_public_srcEiPKvPKS0_S2_
                0x00016b84        0x8 z:/home/bobby/projects/robot-d5/resources/proteus/gcc/bin/../lib/gcc/arm-none-eabi/4.6.2/../../../../arm-none-eabi/lib/armv7e-m\libsupc++.a(class_type_info.o)
 .ARM.exidx.text._ZNK10__cxxabiv117__class_type_info11__do_upcastEPKS0_PKvRNS0_15__upcast_resultE
                0x00016b8c        0x8 z:/home/bobby/projects/robot-d5/resources/proteus/gcc/bin/../lib/gcc/arm-none-eabi/4.6.2/../../../../arm-none-eabi/lib/armv7e-m\libsupc++.a(class_type_info.o)
 .ARM.exidx.text._ZN10__cxxabiv117__class_type_infoD2Ev
                0x00016b94        0x8 z:/home/bobby/projects/robot-d5/resources/proteus/gcc/bin/../lib/gcc/arm-none-eabi/4.6.2/../../../../arm-none-eabi/lib/armv7e-m\libsupc++.a(class_type_info.o)
 .ARM.exidx.text._ZN10__cxxabiv117__class_type_infoD0Ev
                0x00016b9c        0x0 z:/home/bobby/projects/robot-d5/resources/proteus/gcc/bin/../lib/gcc/arm-none-eabi/4.6.2/../../../../arm-none-eabi/lib/armv7e-m\libsupc++.a(class_type_info.o)
                                  0x8 (size before relaxing)
 .ARM.exidx.text._ZNK10__cxxabiv117__class_type_info12__do_dyncastEiNS0_10__sub_kindEPKS0_PKvS3_S5_RNS0_16__dyncast_resultE
                0x00016b9c        0x8 z:/home/bobby/projects/robot-d5/resources/proteus/gcc/bin/../lib/gcc/arm-none-eabi/4.6.2/../../../../arm-none-eabi/lib/armv7e-m\libsupc++.a(class_type_info.o)
 .ARM.exidx.text._ZNK10__cxxabiv117__class_type_info10__do_catchEPKSt9type_infoPPvj
                0x00016ba4        0x8 z:/home/bobby/projects/robot-d5/resources/proteus/gcc/bin/../lib/gcc/arm-none-eabi/4.6.2/../../../../arm-none-eabi/lib/armv7e-m\libsupc++.a(class_type_info.o)
 .ARM.exidx.text.__cxa_allocate_exception
                0x00016bac        0x8 z:/home/bobby/projects/robot-d5/resources/proteus/gcc/bin/../lib/gcc/arm-none-eabi/4.6.2/../../../../arm-none-eabi/lib/armv7e-m\libsupc++.a(eh_alloc.o)
 .ARM.exidx.text.__cxa_free_exception
                0x00016bb4        0x0 z:/home/bobby/projects/robot-d5/resources/proteus/gcc/bin/../lib/gcc/arm-none-eabi/4.6.2/../../../../arm-none-eabi/lib/armv7e-m\libsupc++.a(eh_alloc.o)
                                  0x8 (size before relaxing)
 .ARM.exidx.text.__cxa_type_match
                0x00016bb4        0x8 z:/home/bobby/projects/robot-d5/resources/proteus/gcc/bin/../lib/gcc/arm-none-eabi/4.6.2/../../../../arm-none-eabi/lib/armv7e-m\libsupc++.a(eh_arm.o)
 .ARM.exidx.text.__cxa_begin_cleanup
                0x00016bbc        0x8 z:/home/bobby/projects/robot-d5/resources/proteus/gcc/bin/../lib/gcc/arm-none-eabi/4.6.2/../../../../arm-none-eabi/lib/armv7e-m\libsupc++.a(eh_arm.o)
 .ARM.exidx.text.__gnu_end_cleanup
                0x00016bc4        0x0 z:/home/bobby/projects/robot-d5/resources/proteus/gcc/bin/../lib/gcc/arm-none-eabi/4.6.2/../../../../arm-none-eabi/lib/armv7e-m\libsupc++.a(eh_arm.o)
                                  0x8 (size before relaxing)
 .ARM.exidx.text.__cxa_bad_typeid
                0x00016bc4        0x8 z:/home/bobby/projects/robot-d5/resources/proteus/gcc/bin/../lib/gcc/arm-none-eabi/4.6.2/../../../../arm-none-eabi/lib/armv7e-m\libsupc++.a(eh_aux_runtime.o)
 .ARM.exidx.text.__cxa_call_terminate
                0x00016bcc        0x8 z:/home/bobby/projects/robot-d5/resources/proteus/gcc/bin/../lib/gcc/arm-none-eabi/4.6.2/../../../../arm-none-eabi/lib/armv7e-m\libsupc++.a(eh_call.o)
 .ARM.exidx.text.__cxa_call_unexpected
                0x00016bd4        0x8 z:/home/bobby/projects/robot-d5/resources/proteus/gcc/bin/../lib/gcc/arm-none-eabi/4.6.2/../../../../arm-none-eabi/lib/armv7e-m\libsupc++.a(eh_call.o)
 .ARM.exidx.text.__cxa_begin_catch
                0x00016bdc        0x8 z:/home/bobby/projects/robot-d5/resources/proteus/gcc/bin/../lib/gcc/arm-none-eabi/4.6.2/../../../../arm-none-eabi/lib/armv7e-m\libsupc++.a(eh_catch.o)
 .ARM.exidx.text.__cxa_end_catch
                0x00016be4        0x8 z:/home/bobby/projects/robot-d5/resources/proteus/gcc/bin/../lib/gcc/arm-none-eabi/4.6.2/../../../../arm-none-eabi/lib/armv7e-m\libsupc++.a(eh_catch.o)
 .ARM.exidx.text._ZNSt9exceptionD2Ev
                0x00016bec        0x0 z:/home/bobby/projects/robot-d5/resources/proteus/gcc/bin/../lib/gcc/arm-none-eabi/4.6.2/../../../../arm-none-eabi/lib/armv7e-m\libsupc++.a(eh_exception.o)
                                  0x8 (size before relaxing)
 .ARM.exidx.text._ZNSt13bad_exceptionD2Ev
                0x00016bec        0x0 z:/home/bobby/projects/robot-d5/resources/proteus/gcc/bin/../lib/gcc/arm-none-eabi/4.6.2/../../../../arm-none-eabi/lib/armv7e-m\libsupc++.a(eh_exception.o)
                                  0x8 (size before relaxing)
 .ARM.exidx.text._ZNKSt9exception4whatEv
                0x00016bec        0x0 z:/home/bobby/projects/robot-d5/resources/proteus/gcc/bin/../lib/gcc/arm-none-eabi/4.6.2/../../../../arm-none-eabi/lib/armv7e-m\libsupc++.a(eh_exception.o)
                                  0x8 (size before relaxing)
 .ARM.exidx.text._ZNKSt13bad_exception4whatEv
                0x00016bec        0x0 z:/home/bobby/projects/robot-d5/resources/proteus/gcc/bin/../lib/gcc/arm-none-eabi/4.6.2/../../../../arm-none-eabi/lib/armv7e-m\libsupc++.a(eh_exception.o)
                                  0x8 (size before relaxing)
 .ARM.exidx.text._ZNSt13bad_exceptionD0Ev
                0x00016bec        0x0 z:/home/bobby/projects/robot-d5/resources/proteus/gcc/bin/../lib/gcc/arm-none-eabi/4.6.2/../../../../arm-none-eabi/lib/armv7e-m\libsupc++.a(eh_exception.o)
                                  0x8 (size before relaxing)
 .ARM.exidx.text._ZNSt9exceptionD0Ev
                0x00016bec        0x0 z:/home/bobby/projects/robot-d5/resources/proteus/gcc/bin/../lib/gcc/arm-none-eabi/4.6.2/../../../../arm-none-eabi/lib/armv7e-m\libsupc++.a(eh_exception.o)
                                  0x8 (size before relaxing)
 .ARM.exidx.text.__cxa_get_globals_fast
                0x00016bec        0x0 z:/home/bobby/projects/robot-d5/resources/proteus/gcc/bin/../lib/gcc/arm-none-eabi/4.6.2/../../../../arm-none-eabi/lib/armv7e-m\libsupc++.a(eh_globals.o)
                                  0x8 (size before relaxing)
 .ARM.exidx.text.__cxa_get_globals
                0x00016bec        0x0 z:/home/bobby/projects/robot-d5/resources/proteus/gcc/bin/../lib/gcc/arm-none-eabi/4.6.2/../../../../arm-none-eabi/lib/armv7e-m\libsupc++.a(eh_globals.o)
                                  0x8 (size before relaxing)
 .ARM.exidx.text._ZL12read_sleb128PKhPl
                0x00016bec        0x0 z:/home/bobby/projects/robot-d5/resources/proteus/gcc/bin/../lib/gcc/arm-none-eabi/4.6.2/../../../../arm-none-eabi/lib/armv7e-m\libsupc++.a(eh_personality.o)
                                  0x8 (size before relaxing)
 .ARM.exidx.text._ZL28read_encoded_value_with_basehjPKhPj
                0x00016bec        0x8 z:/home/bobby/projects/robot-d5/resources/proteus/gcc/bin/../lib/gcc/arm-none-eabi/4.6.2/../../../../arm-none-eabi/lib/armv7e-m\libsupc++.a(eh_personality.o)
 .ARM.exidx.text._ZL21base_of_encoded_valuehP15_Unwind_Context
                0x00016bf4        0x8 z:/home/bobby/projects/robot-d5/resources/proteus/gcc/bin/../lib/gcc/arm-none-eabi/4.6.2/../../../../arm-none-eabi/lib/armv7e-m\libsupc++.a(eh_personality.o)
 .ARM.exidx.text._ZL17parse_lsda_headerP15_Unwind_ContextPKhP16lsda_header_info.constprop.1
                0x00016bfc        0x8 z:/home/bobby/projects/robot-d5/resources/proteus/gcc/bin/../lib/gcc/arm-none-eabi/4.6.2/../../../../arm-none-eabi/lib/armv7e-m\libsupc++.a(eh_personality.o)
 .ARM.exidx.text.__gxx_personality_v0
                0x00016c04        0x8 z:/home/bobby/projects/robot-d5/resources/proteus/gcc/bin/../lib/gcc/arm-none-eabi/4.6.2/../../../../arm-none-eabi/lib/armv7e-m\libsupc++.a(eh_personality.o)
 .ARM.exidx.text._ZN10__cxxabiv111__terminateEPFvvE
                0x00016c0c        0x8 z:/home/bobby/projects/robot-d5/resources/proteus/gcc/bin/../lib/gcc/arm-none-eabi/4.6.2/../../../../arm-none-eabi/lib/armv7e-m\libsupc++.a(eh_terminate.o)
 .ARM.exidx.text._ZSt9terminatev
                0x00016c14        0x8 z:/home/bobby/projects/robot-d5/resources/proteus/gcc/bin/../lib/gcc/arm-none-eabi/4.6.2/../../../../arm-none-eabi/lib/armv7e-m\libsupc++.a(eh_terminate.o)
 .ARM.exidx.text._ZN10__cxxabiv112__unexpectedEPFvvE
                0x00016c1c        0x8 z:/home/bobby/projects/robot-d5/resources/proteus/gcc/bin/../lib/gcc/arm-none-eabi/4.6.2/../../../../arm-none-eabi/lib/armv7e-m\libsupc++.a(eh_terminate.o)
 .ARM.exidx.text._ZSt10unexpectedv
                0x00016c24        0x8 z:/home/bobby/projects/robot-d5/resources/proteus/gcc/bin/../lib/gcc/arm-none-eabi/4.6.2/../../../../arm-none-eabi/lib/armv7e-m\libsupc++.a(eh_terminate.o)
 .ARM.exidx.text._ZL23__gxx_exception_cleanup19_Unwind_Reason_CodeP21_Unwind_Control_Block
                0x00016c2c        0x8 z:/home/bobby/projects/robot-d5/resources/proteus/gcc/bin/../lib/gcc/arm-none-eabi/4.6.2/../../../../arm-none-eabi/lib/armv7e-m\libsupc++.a(eh_throw.o)
 .ARM.exidx.text.__cxa_throw
                0x00016c34        0x8 z:/home/bobby/projects/robot-d5/resources/proteus/gcc/bin/../lib/gcc/arm-none-eabi/4.6.2/../../../../arm-none-eabi/lib/armv7e-m\libsupc++.a(eh_throw.o)
 .ARM.exidx.text.__cxa_rethrow
                0x00016c3c        0x8 z:/home/bobby/projects/robot-d5/resources/proteus/gcc/bin/../lib/gcc/arm-none-eabi/4.6.2/../../../../arm-none-eabi/lib/armv7e-m\libsupc++.a(eh_throw.o)
 .ARM.exidx.text._ZN10__cxxabiv123__fundamental_type_infoD2Ev
                0x00016c44        0x0 z:/home/bobby/projects/robot-d5/resources/proteus/gcc/bin/../lib/gcc/arm-none-eabi/4.6.2/../../../../arm-none-eabi/lib/armv7e-m\libsupc++.a(fundamental_type_info.o)
                                  0x8 (size before relaxing)
 .ARM.exidx.text._ZN10__cxxabiv123__fundamental_type_infoD0Ev
                0x00016c44        0x0 z:/home/bobby/projects/robot-d5/resources/proteus/gcc/bin/../lib/gcc/arm-none-eabi/4.6.2/../../../../arm-none-eabi/lib/armv7e-m\libsupc++.a(fundamental_type_info.o)
                                  0x8 (size before relaxing)
 .ARM.exidx.text._ZNK10__cxxabiv119__pointer_type_info14__is_pointer_pEv
                0x00016c44        0x8 z:/home/bobby/projects/robot-d5/resources/proteus/gcc/bin/../lib/gcc/arm-none-eabi/4.6.2/../../../../arm-none-eabi/lib/armv7e-m\libsupc++.a(pointer_type_info.o)
 .ARM.exidx.text._ZN10__cxxabiv119__pointer_type_infoD2Ev
                0x00016c4c        0x8 z:/home/bobby/projects/robot-d5/resources/proteus/gcc/bin/../lib/gcc/arm-none-eabi/4.6.2/../../../../arm-none-eabi/lib/armv7e-m\libsupc++.a(pointer_type_info.o)
 .ARM.exidx.text._ZN10__cxxabiv119__pointer_type_infoD0Ev
                0x00016c54        0x0 z:/home/bobby/projects/robot-d5/resources/proteus/gcc/bin/../lib/gcc/arm-none-eabi/4.6.2/../../../../arm-none-eabi/lib/armv7e-m\libsupc++.a(pointer_type_info.o)
                                  0x8 (size before relaxing)
 .ARM.exidx.text._ZNK10__cxxabiv119__pointer_type_info15__pointer_catchEPKNS_17__pbase_type_infoEPPvj
                0x00016c54        0x8 z:/home/bobby/projects/robot-d5/resources/proteus/gcc/bin/../lib/gcc/arm-none-eabi/4.6.2/../../../../arm-none-eabi/lib/armv7e-m\libsupc++.a(pointer_type_info.o)
 .ARM.exidx.text._ZN10__cxxabiv120__si_class_type_infoD2Ev
                0x00016c5c        0x8 z:/home/bobby/projects/robot-d5/resources/proteus/gcc/bin/../lib/gcc/arm-none-eabi/4.6.2/../../../../arm-none-eabi/lib/armv7e-m\libsupc++.a(si_class_type_info.o)
 .ARM.exidx.text._ZN10__cxxabiv120__si_class_type_infoD0Ev
                0x00016c64        0x0 z:/home/bobby/projects/robot-d5/resources/proteus/gcc/bin/../lib/gcc/arm-none-eabi/4.6.2/../../../../arm-none-eabi/lib/armv7e-m\libsupc++.a(si_class_type_info.o)
                                  0x8 (size before relaxing)
 .ARM.exidx.text._ZNK10__cxxabiv120__si_class_type_info11__do_upcastEPKNS_17__class_type_infoEPKvRNS1_15__upcast_resultE
                0x00016c64        0x8 z:/home/bobby/projects/robot-d5/resources/proteus/gcc/bin/../lib/gcc/arm-none-eabi/4.6.2/../../../../arm-none-eabi/lib/armv7e-m\libsupc++.a(si_class_type_info.o)
 .ARM.exidx.text._ZNK10__cxxabiv120__si_class_type_info12__do_dyncastEiNS_17__class_type_info10__sub_kindEPKS1_PKvS4_S6_RNS1_16__dyncast_resultE
                0x00016c6c        0x8 z:/home/bobby/projects/robot-d5/resources/proteus/gcc/bin/../lib/gcc/arm-none-eabi/4.6.2/../../../../arm-none-eabi/lib/armv7e-m\libsupc++.a(si_class_type_info.o)
 .ARM.exidx.text._ZNK10__cxxabiv120__si_class_type_info20__do_find_public_srcEiPKvPKNS_17__class_type_infoES2_
                0x00016c74        0x8 z:/home/bobby/projects/robot-d5/resources/proteus/gcc/bin/../lib/gcc/arm-none-eabi/4.6.2/../../../../arm-none-eabi/lib/armv7e-m\libsupc++.a(si_class_type_info.o)
 .ARM.exidx.text._ZNSt9type_infoD2Ev
                0x00016c7c        0x8 z:/home/bobby/projects/robot-d5/resources/proteus/gcc/bin/../lib/gcc/arm-none-eabi/4.6.2/../../../../arm-none-eabi/lib/armv7e-m\libsupc++.a(tinfo.o)
 .ARM.exidx.text._ZNKSt9type_info14__is_pointer_pEv
                0x00016c84        0x0 z:/home/bobby/projects/robot-d5/resources/proteus/gcc/bin/../lib/gcc/arm-none-eabi/4.6.2/../../../../arm-none-eabi/lib/armv7e-m\libsupc++.a(tinfo.o)
                                  0x8 (size before relaxing)
 .ARM.exidx.text._ZNKSt9type_info15__is_function_pEv
                0x00016c84        0x0 z:/home/bobby/projects/robot-d5/resources/proteus/gcc/bin/../lib/gcc/arm-none-eabi/4.6.2/../../../../arm-none-eabi/lib/armv7e-m\libsupc++.a(tinfo.o)
                                  0x8 (size before relaxing)
 .ARM.exidx.text._ZNKSt9type_info11__do_upcastEPKN10__cxxabiv117__class_type_infoEPPv
                0x00016c84        0x0 z:/home/bobby/projects/robot-d5/resources/proteus/gcc/bin/../lib/gcc/arm-none-eabi/4.6.2/../../../../arm-none-eabi/lib/armv7e-m\libsupc++.a(tinfo.o)
                                  0x8 (size before relaxing)
 .ARM.exidx.text._ZNSt9type_infoD0Ev
                0x00016c84        0x0 z:/home/bobby/projects/robot-d5/resources/proteus/gcc/bin/../lib/gcc/arm-none-eabi/4.6.2/../../../../arm-none-eabi/lib/armv7e-m\libsupc++.a(tinfo.o)
                                  0x8 (size before relaxing)
 .ARM.exidx.text._ZNKSt9type_infoeqERKS_
                0x00016c84        0x0 z:/home/bobby/projects/robot-d5/resources/proteus/gcc/bin/../lib/gcc/arm-none-eabi/4.6.2/../../../../arm-none-eabi/lib/armv7e-m\libsupc++.a(tinfo.o)
                                  0x8 (size before relaxing)
 .ARM.exidx.text._ZNKSt9type_info10__do_catchEPKS_PPvj
                0x00016c84        0x0 z:/home/bobby/projects/robot-d5/resources/proteus/gcc/bin/../lib/gcc/arm-none-eabi/4.6.2/../../../../arm-none-eabi/lib/armv7e-m\libsupc++.a(tinfo.o)
                                  0x8 (size before relaxing)
 .ARM.exidx.text._ZNKSt10bad_typeid4whatEv
                0x00016c84        0x0 z:/home/bobby/projects/robot-d5/resources/proteus/gcc/bin/../lib/gcc/arm-none-eabi/4.6.2/../../../../arm-none-eabi/lib/armv7e-m\libsupc++.a(bad_typeid.o)
                                  0x8 (size before relaxing)
 .ARM.exidx.text._ZNSt10bad_typeidD2Ev
                0x00016c84        0x0 z:/home/bobby/projects/robot-d5/resources/proteus/gcc/bin/../lib/gcc/arm-none-eabi/4.6.2/../../../../arm-none-eabi/lib/armv7e-m\libsupc++.a(bad_typeid.o)
                                  0x8 (size before relaxing)
 .ARM.exidx.text._ZNSt10bad_typeidD0Ev
                0x00016c84        0x0 z:/home/bobby/projects/robot-d5/resources/proteus/gcc/bin/../lib/gcc/arm-none-eabi/4.6.2/../../../../arm-none-eabi/lib/armv7e-m\libsupc++.a(bad_typeid.o)
                                  0x8 (size before relaxing)
 .ARM.exidx.text._ZNK10__cxxabiv117__pbase_type_info15__pointer_catchEPKS0_PPvj
                0x00016c84        0x8 z:/home/bobby/projects/robot-d5/resources/proteus/gcc/bin/../lib/gcc/arm-none-eabi/4.6.2/../../../../arm-none-eabi/lib/armv7e-m\libsupc++.a(pbase_type_info.o)
 .ARM.exidx.text._ZN10__cxxabiv117__pbase_type_infoD2Ev